<html>
<body>
<pre>
<h1>µVision Build Log</h1>
<h2>Tool Versions:</h2>
IDE-Version: ¦ÌVision V5.14.0.0
Copyright (C) 2015 ARM Ltd and ARM Germany GmbH. All rights reserved.
License Information: ti 20607, rfgyuhj, LIC=EPP8T-R3S85-9X4UW-Q58UG-13VTV-UCM1K
 
Tool Versions:
Toolchain:       MDK-ARM Professional  Version: 5.14.0.0
Toolchain Path:  D:\Keil_v5\ARM\ARMCC\Bin
C Compiler:      Armcc.exe V5.05 update 1 (build 106)
Assembler:       Armasm.exe V5.05 update 1 (build 106)
Linker/Locator:  ArmLink.exe V5.05 update 1 (build 106)
Library Manager: ArmAr.exe V5.05 update 1 (build 106)
Hex Converter:   FromElf.exe V5.05 update 1 (build 106)
CPU DLL:         SARMCM3.DLL V5.14.0.0
Dialog DLL:      DCM.DLL V1.13.1.0
Target DLL:      lmidk-agdi.dll V???
Dialog DLL:      TCM.DLL V1.14.4.0
 
<h2>Project:</h2>
G:\Keil\TI TM4C\flight-vehicle\Demo.uvprojx
Project File Date:  08/12/2018

<h2>Output:</h2>
Build target 'Target 1'
compiling main.c...
.\drivers\MOTO\motor.h(4): warning:  #1295-D: Deprecated declaration motor_init - give arg types
  void motor_init();
main.c(150): warning:  #167-D: argument of type "unsigned long *" is incompatible with parameter of type "volatile uint32_t *"
      RGBColorSet(ulColors);
main.c(205): warning:  #111-D: statement is unreachable
      return 0;
main.c(116): warning:  #177-D: variable "Key_status" was declared but never referenced
      uint16_t Key_status;
main.c(118): warning:  #177-D: variable "ulPrevCount" was declared but never referenced
      unsigned long ulPrevCount = 0;
main.c(119): warning:  #550-D: variable "mpu6050_check" was set but never used
      uint8_t mpu6050_check = 0;
main.c: 6 warnings, 0 errors
linking...
Program Size: Code=17088 RO-data=3728 RW-data=1644 ZI-data=1100  
".\Objects\Demo.axf" - 0 Error(s), 6 Warning(s).

<h2>Collection of Component include folders:</h2>
  G:\Keil\TI TM4C\flight-vehicle\RTE
  D:\Keil_v5\ARM\PACK\Keil\TM4C_DFP\1.1.0

<h2>Collection of Component Files used:</h2>
</pre>
</body>
</html>
