Component: ARM Compiler 5.05 update 1 (build 106) Tool: armlink [4d0efa]

==============================================================================

Section Cross References

    main.o(i.ConfigureUART) refers to interrupt.o(i.IntPrioritySet) for IntPrioritySet
    main.o(i.ConfigureUART) refers to main.o(i.UARTSend) for UARTSend
    main.o(i.UART_0_IntHandler) refers to uart.o(i.UARTIntStatus) for UARTIntStatus
    main.o(i.UART_0_IntHandler) refers to uart.o(i.UARTIntClear) for UARTIntClear
    main.o(i.UART_0_IntHandler) refers to uart.o(i.UARTCharGetNonBlocking) for UARTCharGetNonBlocking
    main.o(i.UART_0_IntHandler) refers to send_data.o(i.Data_Receive_Prepare) for Data_Receive_Prepare
    main.o(i.UART_0_IntHandler) refers to uart.o(i.UARTCharsAvail) for UARTCharsAvail
    main.o(i.main) refers to interrupt.o(i.IntPriorityGroupingSet) for IntPriorityGroupingSet
    main.o(i.main) refers to rgb.o(i.RGBInit) for RGBInit
    main.o(i.main) refers to rgb.o(i.RGBIntensitySet) for RGBIntensitySet
    main.o(i.main) refers to rgb.o(i.RGBColorSet) for RGBColorSet
    main.o(i.main) refers to rgb.o(i.RGBEnable) for RGBEnable
    main.o(i.main) refers to buttons.o(i.ButtonsInit) for ButtonsInit
    main.o(i.main) refers to main.o(i.ConfigureUART) for ConfigureUART
    main.o(i.main) refers to oled.o(i.OLED_Init) for OLED_Init
    main.o(i.main) refers to oled.o(i.oled_dis_str) for oled_dis_str
    main.o(i.main) refers to mpu6050.o(i.MPU_Init) for MPU_Init
    main.o(i.main) refers to timer_config.o(i.systick_init) for systick_init
    main.o(i.main) refers to timer_config.o(i.Timer_1_A_init) for Timer_1_A_init
    main.o(i.main) refers to hmc5883l.o(i.Init_HMC5883L) for Init_HMC5883L
    main.o(i.main) refers to e2prom.o(i.e2prom_init) for e2prom_init
    main.o(i.main) refers to motor.o(i.motor_init) for motor_init
    main.o(i.main) refers to rc_input.o(i.RC_init) for RC_init
    main.o(i.main) refers to e2prom.o(i.read_Acc_Gyro_offest) for read_Acc_Gyro_offest
    main.o(i.main) refers to buttons.o(i.ButtonsPoll) for ButtonsPoll
    main.o(i.main) refers to mpu6050.o(.bss) for sensor
    startup_rvmdk.o(STACK) refers (Special) to heapauxi.o(.text) for __use_two_region_memory
    startup_rvmdk.o(HEAP) refers (Special) to heapauxi.o(.text) for __use_two_region_memory
    startup_rvmdk.o(RESET) refers (Special) to heapauxi.o(.text) for __use_two_region_memory
    startup_rvmdk.o(RESET) refers to startup_rvmdk.o(STACK) for StackMem
    startup_rvmdk.o(RESET) refers to timer_config.o(i.SysTickIntHandler) for SysTickIntHandler
    startup_rvmdk.o(RESET) refers to main.o(i.UART_0_IntHandler) for UART_0_IntHandler
    startup_rvmdk.o(RESET) refers to __main.o(!!!main) for __main
    startup_rvmdk.o(.text) refers (Special) to heapauxi.o(.text) for __use_two_region_memory
    startup_rvmdk.o(.text) refers to startup_rvmdk.o(HEAP) for HeapMem
    startup_rvmdk.o(.text) refers to startup_rvmdk.o(STACK) for StackMem
    uartstdio.o(i.UARTStdioConfig) refers to uartstdio.o(.constdata) for g_ui32UARTPeriph
    uartstdio.o(i.UARTStdioConfig) refers to uartstdio.o(.data) for g_ui32Base
    uartstdio.o(i.UARTgetc) refers to uartstdio.o(.data) for g_ui32Base
    uartstdio.o(i.UARTgets) refers to uartstdio.o(i.UARTwrite) for UARTwrite
    uartstdio.o(i.UARTgets) refers to uartstdio.o(.data) for g_ui32Base
    uartstdio.o(i.UARTprintf) refers to uartstdio.o(i.UARTvprintf) for UARTvprintf
    uartstdio.o(i.UARTvprintf) refers to uartstdio.o(i.UARTwrite) for UARTwrite
    uartstdio.o(i.UARTvprintf) refers to uartstdio.o(.constdata) for g_pcHex
    uartstdio.o(i.UARTwrite) refers to uartstdio.o(.data) for g_ui32Base
    uartstdio.o(.constdata) refers to uartstdio.o(.conststring) for .conststring
    adc.o(i.ADCIntRegister) refers to adc.o(i._ADCIntNumberGet) for _ADCIntNumberGet
    adc.o(i.ADCIntRegister) refers to interrupt.o(i.IntRegister) for IntRegister
    adc.o(i.ADCIntRegister) refers to interrupt.o(i.IntEnable) for IntEnable
    adc.o(i.ADCIntUnregister) refers to adc.o(i._ADCIntNumberGet) for _ADCIntNumberGet
    adc.o(i.ADCIntUnregister) refers to interrupt.o(i.IntDisable) for IntDisable
    adc.o(i.ADCIntUnregister) refers to interrupt.o(i.IntUnregister) for IntUnregister
    adc.o(i.ADCSoftwareOversampleConfigure) refers to adc.o(.data) for g_pui8OversampleFactor
    adc.o(i.ADCSoftwareOversampleDataGet) refers to adc.o(.data) for g_pui8OversampleFactor
    adc.o(i.ADCSoftwareOversampleStepConfigure) refers to adc.o(.data) for g_pui8OversampleFactor
    aes.o(i.AESDataAuth) refers to aes.o(i.AESLengthSet) for AESLengthSet
    aes.o(i.AESDataAuth) refers to aes.o(i.AESDataWrite) for AESDataWrite
    aes.o(i.AESDataAuth) refers to aes.o(i.AESTagRead) for AESTagRead
    aes.o(i.AESDataProcess) refers to aes.o(i.AESLengthSet) for AESLengthSet
    aes.o(i.AESDataProcess) refers to aes.o(i.AESDataWrite) for AESDataWrite
    aes.o(i.AESDataProcess) refers to aes.o(i.AESDataRead) for AESDataRead
[...]
    ../mathlib/sqrt.c                        0x00000000   Number         0  sqrt.o ABSOLUTE
    ../mathlib/sqrt.c                        0x00000000   Number         0  sqrt_x.o ABSOLUTE
    ../mathlib/sqrtf.c                       0x00000000   Number         0  sqrtf.o ABSOLUTE
    ../mathlib/sqrtf.c                       0x00000000   Number         0  sqrtf_x.o ABSOLUTE
    dc.s                                     0x00000000   Number         0  dc.o ABSOLUTE
    driverlib\\cpu.c                         0x00000000   Number         0  cpu.o ABSOLUTE
    driverlib\\sysctl.c                      0x00000000   Number         0  sysctl.o ABSOLUTE
    driverlib\adc.c                          0x00000000   Number         0  adc.o ABSOLUTE
    driverlib\aes.c                          0x00000000   Number         0  aes.o ABSOLUTE
    driverlib\can.c                          0x00000000   Number         0  can.o ABSOLUTE
    driverlib\comp.c                         0x00000000   Number         0  comp.o ABSOLUTE
    driverlib\cpu.c                          0x00000000   Number         0  cpu.o ABSOLUTE
    driverlib\crc.c                          0x00000000   Number         0  crc.o ABSOLUTE
    driverlib\des.c                          0x00000000   Number         0  des.o ABSOLUTE
    driverlib\eeprom.c                       0x00000000   Number         0  eeprom.o ABSOLUTE
    driverlib\emac.c                         0x00000000   Number         0  emac.o ABSOLUTE
    driverlib\epi.c                          0x00000000   Number         0  epi.o ABSOLUTE
    driverlib\flash.c                        0x00000000   Number         0  flash.o ABSOLUTE
    driverlib\fpu.c                          0x00000000   Number         0  fpu.o ABSOLUTE
    driverlib\gpio.c                         0x00000000   Number         0  gpio.o ABSOLUTE
    driverlib\hibernate.c                    0x00000000   Number         0  hibernate.o ABSOLUTE
    driverlib\i2c.c                          0x00000000   Number         0  i2c.o ABSOLUTE
    driverlib\interrupt.c                    0x00000000   Number         0  interrupt.o ABSOLUTE
    driverlib\lcd.c                          0x00000000   Number         0  lcd.o ABSOLUTE
    driverlib\mpu.c                          0x00000000   Number         0  mpu.o ABSOLUTE
    driverlib\onewire.c                      0x00000000   Number         0  onewire.o ABSOLUTE
    driverlib\pwm.c                          0x00000000   Number         0  pwm.o ABSOLUTE
    driverlib\qei.c                          0x00000000   Number         0  qei.o ABSOLUTE
    driverlib\shamd5.c                       0x00000000   Number         0  shamd5.o ABSOLUTE
    driverlib\ssi.c                          0x00000000   Number         0  ssi.o ABSOLUTE
    driverlib\sw_crc.c                       0x00000000   Number         0  sw_crc.o ABSOLUTE
    driverlib\sysctl.c                       0x00000000   Number         0  sysctl.o ABSOLUTE
    driverlib\sysexc.c                       0x00000000   Number         0  sysexc.o ABSOLUTE
    driverlib\systick.c                      0x00000000   Number         0  systick.o ABSOLUTE
    driverlib\timer.c                        0x00000000   Number         0  timer.o ABSOLUTE
    driverlib\uart.c                         0x00000000   Number         0  uart.o ABSOLUTE
    driverlib\udma.c                         0x00000000   Number         0  udma.o ABSOLUTE
    driverlib\usb.c                          0x00000000   Number         0  usb.o ABSOLUTE
    driverlib\watchdog.c                     0x00000000   Number         0  watchdog.o ABSOLUTE
    drivers\Algorithm\Algorithm_filter\Algorithm_filter.c 0x00000000   Number         0  algorithm_filter.o ABSOLUTE
    drivers\Algorithm\Algorithm_math\Algorithm_math.c 0x00000000   Number         0  algorithm_math.o ABSOLUTE
    drivers\EEPROM\e2prom.c                  0x00000000   Number         0  e2prom.o ABSOLUTE
    drivers\HMC5883L\HMC5883L.c              0x00000000   Number         0  hmc5883l.o ABSOLUTE
    drivers\IIC\IIC.c                        0x00000000   Number         0  iic.o ABSOLUTE
    drivers\IMU\IMU.c                        0x00000000   Number         0  imu.o ABSOLUTE
    drivers\MOTO\motor.c                     0x00000000   Number         0  motor.o ABSOLUTE
    drivers\MPU6050\mpu6050.c                0x00000000   Number         0  mpu6050.o ABSOLUTE
    drivers\RC\Rc_input.c                    0x00000000   Number         0  rc_input.o ABSOLUTE
    drivers\TIM\timer_config.c               0x00000000   Number         0  timer_config.o ABSOLUTE
    drivers\buttons.c                        0x00000000   Number         0  buttons.o ABSOLUTE
    drivers\oled\oled.c                      0x00000000   Number         0  oled.o ABSOLUTE
    drivers\rgb.c                            0x00000000   Number         0  rgb.o ABSOLUTE
    drivers\send\send_data.c                 0x00000000   Number         0  send_data.o ABSOLUTE
    main.c                                   0x00000000   Number         0  main.o ABSOLUTE
    startup_rvmdk.S                          0x00000000   Number         0  startup_rvmdk.o ABSOLUTE
    utils\uartstdio.c                        0x00000000   Number         0  uartstdio.o ABSOLUTE
    $v0                                      0x0000026c   Number         0  startup_rvmdk.o(RESET)
    NmiSR                                    0x00000281   Thumb Code     0  startup_rvmdk.o(RESET)
    FaultISR                                 0x00000283   Thumb Code     0  startup_rvmdk.o(RESET)
    IntDefaultHandler                        0x00000285   Thumb Code     0  startup_rvmdk.o(RESET)
    !!!main                                  0x00000288   Section        8  __main.o(!!!main)
    !!!scatter                               0x00000290   Section       52  __scatter.o(!!!scatter)
    !!dczerorl2                              0x000002c4   Section       90  __dczerorl2.o(!!dczerorl2)
    !!handler_zi                             0x00000320   Section       28  __scatter_zi.o(!!handler_zi)
    .ARM.Collect$$libinit$$00000000          0x0000033c   Section        2  libinit.o(.ARM.Collect$$libinit$$00000000)
    .ARM.Collect$$libinit$$00000001          0x0000033e   Section        4  libinit2.o(.ARM.Collect$$libinit$$00000001)
    .ARM.Collect$$libinit$$00000004          0x00000342   Section        0  libinit2.o(.ARM.Collect$$libinit$$00000004)
    .ARM.Collect$$libinit$$0000000A          0x00000342   Section        0  libinit2.o(.ARM.Collect$$libinit$$0000000A)
    .ARM.Collect$$libinit$$0000000C          0x00000342   Section        0  libinit2.o(.ARM.Collect$$libinit$$0000000C)
    .ARM.Collect$$libinit$$0000000E          0x00000342   Section        0  libinit2.o(.ARM.Collect$$libinit$$0000000E)
    .ARM.Collect$$libinit$$00000011          0x00000342   Section        0  libinit2.o(.ARM.Collect$$libinit$$00000011)
    .ARM.Collect$$libinit$$00000013          0x00000342   Section        0  libinit2.o(.ARM.Collect$$libinit$$00000013)
    .ARM.Collect$$libinit$$00000015          0x00000342   Section        0  libinit2.o(.ARM.Collect$$libinit$$00000015)
    .ARM.Collect$$libinit$$00000017          0x00000342   Section        0  libinit2.o(.ARM.Collect$$libinit$$00000017)
    .ARM.Collect$$libinit$$00000019          0x00000342   Section        0  libinit2.o(.ARM.Collect$$libinit$$00000019)
    .ARM.Collect$$libinit$$0000001B          0x00000342   Section        0  libinit2.o(.ARM.Collect$$libinit$$0000001B)
    .ARM.Collect$$libinit$$0000001D          0x00000342   Section        0  libinit2.o(.ARM.Collect$$libinit$$0000001D)
    .ARM.Collect$$libinit$$0000001F          0x00000342   Section        0  libinit2.o(.ARM.Collect$$libinit$$0000001F)
    .ARM.Collect$$libinit$$00000021          0x00000342   Section        0  libinit2.o(.ARM.Collect$$libinit$$00000021)
    .ARM.Collect$$libinit$$00000023          0x00000342   Section        0  libinit2.o(.ARM.Collect$$libinit$$00000023)
    .ARM.Collect$$libinit$$00000025          0x00000342   Section        0  libinit2.o(.ARM.Collect$$libinit$$00000025)
    .ARM.Collect$$libinit$$0000002C          0x00000342   Section        0  libinit2.o(.ARM.Collect$$libinit$$0000002C)
    .ARM.Collect$$libinit$$0000002E          0x00000342   Section        0  libinit2.o(.ARM.Collect$$libinit$$0000002E)
    .ARM.Collect$$libinit$$00000030          0x00000342   Section        0  libinit2.o(.ARM.Collect$$libinit$$00000030)
    .ARM.Collect$$libinit$$00000032          0x00000342   Section        0  libinit2.o(.ARM.Collect$$libinit$$00000032)
    .ARM.Collect$$libinit$$00000033          0x00000342   Section        2  libinit2.o(.ARM.Collect$$libinit$$00000033)
    .ARM.Collect$$libshutdown$$00000000      0x00000344   Section        2  libshutdown.o(.ARM.Collect$$libshutdown$$00000000)
    .ARM.Collect$$libshutdown$$00000003      0x00000346   Section        0  libshutdown2.o(.ARM.Collect$$libshutdown$$00000003)
    .ARM.Collect$$libshutdown$$00000006      0x00000346   Section        0  libshutdown2.o(.ARM.Collect$$libshutdown$$00000006)
    .ARM.Collect$$libshutdown$$00000009      0x00000346   Section        0  libshutdown2.o(.ARM.Collect$$libshutdown$$00000009)
    .ARM.Collect$$libshutdown$$0000000B      0x00000346   Section        0  libshutdown2.o(.ARM.Collect$$libshutdown$$0000000B)
    .ARM.Collect$$libshutdown$$0000000E      0x00000346   Section        0  libshutdown2.o(.ARM.Collect$$libshutdown$$0000000E)
    .ARM.Collect$$libshutdown$$0000000F      0x00000346   Section        2  libshutdown2.o(.ARM.Collect$$libshutdown$$0000000F)
    .ARM.Collect$$rtentry$$00000000          0x00000348   Section        0  __rtentry.o(.ARM.Collect$$rtentry$$00000000)
    .ARM.Collect$$rtentry$$00000002          0x00000348   Section        0  __rtentry2.o(.ARM.Collect$$rtentry$$00000002)
    .ARM.Collect$$rtentry$$00000004          0x00000348   Section        6  __rtentry4.o(.ARM.Collect$$rtentry$$00000004)
    .ARM.Collect$$rtentry$$00000009          0x0000034e   Section        0  __rtentry2.o(.ARM.Collect$$rtentry$$00000009)
    .ARM.Collect$$rtentry$$0000000A          0x0000034e   Section        4  __rtentry2.o(.ARM.Collect$$rtentry$$0000000A)
    .ARM.Collect$$rtentry$$0000000C          0x00000352   Section        0  __rtentry2.o(.ARM.Collect$$rtentry$$0000000C)
    .ARM.Collect$$rtentry$$0000000D          0x00000352   Section        8  __rtentry2.o(.ARM.Collect$$rtentry$$0000000D)
    .ARM.Collect$$rtexit$$00000000           0x0000035a   Section        2  rtexit.o(.ARM.Collect$$rtexit$$00000000)
    .ARM.Collect$$rtexit$$00000002           0x0000035c   Section        0  rtexit2.o(.ARM.Collect$$rtexit$$00000002)
    .ARM.Collect$$rtexit$$00000003           0x0000035c   Section        4  rtexit2.o(.ARM.Collect$$rtexit$$00000003)
    .ARM.Collect$$rtexit$$00000004           0x00000360   Section        6  rtexit2.o(.ARM.Collect$$rtexit$$00000004)
    .emb_text                                0x00000368   Section       38  cpu.o(.emb_text)
    $v0                                      0x00000368   Number         0  cpu.o(.emb_text)
    .emb_text                                0x00000390   Section        6  sysctl.o(.emb_text)
    $v0                                      0x00000390   Number         0  sysctl.o(.emb_text)
    .text                                    0x00000398   Section       24  startup_rvmdk.o(.text)
    $v0                                      0x00000398   Number         0  startup_rvmdk.o(.text)
    .text                                    0x000003b0   Section       78  rt_memclr_w.o(.text)
    .text                                    0x000003fe   Section        0  heapauxi.o(.text)
    .text                                    0x00000404   Section        0  _rserrno.o(.text)
    .text                                    0x0000041c   Section        8  rt_errno_addr_intlibspace.o(.text)
    .text                                    0x00000424   Section        8  libspace.o(.text)
    .text                                    0x0000042c   Section       74  sys_stackheap_outer.o(.text)
    .text                                    0x00000476   Section        0  exit.o(.text)
    .text                                    0x00000484   Section        0  sys_exit.o(.text)
    .text                                    0x00000490   Section        2  use_no_semi.o(.text)
    .text                                    0x00000492   Section        0  indicate_semi.o(.text)
    i.ButtonsInit                            0x00000494   Section        0  buttons.o(i.ButtonsInit)
    i.ButtonsPoll                            0x00000504   Section        0  buttons.o(i.ButtonsPoll)
    i.ConfigureUART                          0x000005ac   Section        0  main.o(i.ConfigureUART)
    i.Data_Receive_Anl                       0x00000664   Section        0  send_data.o(i.Data_Receive_Anl)
    i.Data_Receive_Prepare                   0x00000734   Section        0  send_data.o(i.Data_Receive_Prepare)
    i.EEPROMInit                             0x0000081c   Section        0  eeprom.o(i.EEPROMInit)
    i.EEPROMProgram                          0x00000860   Section        0  eeprom.o(i.EEPROMProgram)
    i.EEPROMRead                             0x00000930   Section        0  eeprom.o(i.EEPROMRead)
    i.GPIODirModeSet                         0x00000968   Section        0  gpio.o(i.GPIODirModeSet)
    i.GPIOPadConfigSet                       0x0000099a   Section        0  gpio.o(i.GPIOPadConfigSet)
    i.GPIOPinConfigure                       0x00000af0   Section        0  gpio.o(i.GPIOPinConfigure)
    i.GPIOPinRead                            0x00000b40   Section        0  gpio.o(i.GPIOPinRead)
    i.GPIOPinTypeTimer                       0x00000b4c   Section        0  gpio.o(i.GPIOPinTypeTimer)
    i.GPIOPinWrite                           0x00000b6a   Section        0  gpio.o(i.GPIOPinWrite)
    i.Get_Attitude                           0x00000b74   Section        0  imu.o(i.Get_Attitude)
    i.HMC5883L_Save_Calib                    0x00000be0   Section        0  hmc5883l.o(i.HMC5883L_Save_Calib)
    i.HMC5883L_Start_Calib                   0x00000cd0   Section        0  hmc5883l.o(i.HMC5883L_Start_Calib)
    i.IIC_ADD_read                           0x00000e14   Section        0  iic.o(i.IIC_ADD_read)
    i.IIC_ADD_write                          0x00000e52   Section        0  iic.o(i.IIC_ADD_write)
    i.IIC_Ack                                0x00000e88   Section        0  iic.o(i.IIC_Ack)
    i.IIC_Init                               0x00000edc   Section        0  iic.o(i.IIC_Init)
    i.IIC_NAck                               0x00000f40   Section        0  iic.o(i.IIC_NAck)
    i.IIC_Read_Byte                          0x00000f92   Section        0  iic.o(i.IIC_Read_Byte)
    i.IIC_Send_Byte                          0x00000ff8   Section        0  iic.o(i.IIC_Send_Byte)
    i.IIC_Start                              0x00001070   Section        0  iic.o(i.IIC_Start)
    i.IIC_Stop                               0x000010da   Section        0  iic.o(i.IIC_Stop)
    i.IIC_Wait_Ack                           0x0000112c   Section        0  iic.o(i.IIC_Wait_Ack)
    i.IMUupdate                              0x000011c0   Section        0  imu.o(i.IMUupdate)
    i.Init_HMC5883L                          0x00001a00   Section        0  hmc5883l.o(i.Init_HMC5883L)
    i.IntEnable                              0x00001a48   Section        0  interrupt.o(i.IntEnable)
    i.IntMasterEnable                        0x00001abc   Section        0  interrupt.o(i.IntMasterEnable)
    i.IntPriorityGroupingSet                 0x00001acc   Section        0  interrupt.o(i.IntPriorityGroupingSet)
    i.IntPrioritySet                         0x00001ae8   Section        0  interrupt.o(i.IntPrioritySet)
    i.IntRegister                            0x00001b1c   Section        0  interrupt.o(i.IntRegister)
    i.KalmanFilter_x                         0x00001b58   Section        0  mpu6050.o(i.KalmanFilter_x)
    KalmanFilter_x                           0x00001b59   Thumb Code   100  mpu6050.o(i.KalmanFilter_x)
    i.KalmanFilter_y                         0x00001bc4   Section        0  mpu6050.o(i.KalmanFilter_y)
    KalmanFilter_y                           0x00001bc5   Thumb Code   100  mpu6050.o(i.KalmanFilter_y)
    i.KalmanFilter_z                         0x00001c30   Section        0  mpu6050.o(i.KalmanFilter_z)
    KalmanFilter_z                           0x00001c31   Thumb Code   100  mpu6050.o(i.KalmanFilter_z)
    i.LPF_1st                                0x00001c9c   Section        0  algorithm_filter.o(i.LPF_1st)
    i.MPU_Acc_Offset                         0x00001cb4   Section        0  mpu6050.o(i.MPU_Acc_Offset)
    i.MPU_Gyro_Offset                        0x00001d8c   Section        0  mpu6050.o(i.MPU_Gyro_Offset)
    i.MPU_Init                               0x00001e7c   Section        0  mpu6050.o(i.MPU_Init)
    i.MPU_Read                               0x00001ee0   Section        0  mpu6050.o(i.MPU_Read)
    i.MPU_Updata                             0x00001f78   Section        0  mpu6050.o(i.MPU_Updata)
    i.Multiple_Read_HMC5883L                 0x00002120   Section        0  hmc5883l.o(i.Multiple_Read_HMC5883L)
    i.OLED_Fill                              0x00002274   Section        0  oled.o(i.OLED_Fill)
    i.OLED_Init                              0x000022ae   Section        0  oled.o(i.OLED_Init)
    i.OLED_P6x8Str                           0x00002374   Section        0  oled.o(i.OLED_P6x8Str)
    i.OLED_P6x8data                          0x000023d8   Section        0  oled.o(i.OLED_P6x8data)
    i.OLED_Set_Pos                           0x000024cc   Section        0  oled.o(i.OLED_Set_Pos)
    i.OLED_WrCmd                             0x000024f4   Section        0  oled.o(i.OLED_WrCmd)
    i.OLED_WrDat                             0x00002504   Section        0  oled.o(i.OLED_WrDat)
    i.Prepare_Data                           0x00002514   Section        0  mpu6050.o(i.Prepare_Data)
    i.RC_init                                0x00002664   Section        0  rc_input.o(i.RC_init)
    i.RGBColorSet                            0x00002730   Section        0  rgb.o(i.RGBColorSet)
    i.RGBEnable                              0x000027c8   Section        0  rgb.o(i.RGBEnable)
    i.RGBInit                                0x00002898   Section        0  rgb.o(i.RGBInit)
    i.RGBIntensitySet                        0x000029a4   Section        0  rgb.o(i.RGBIntensitySet)
    i.Send_Check                             0x000029c8   Section        0  send_data.o(i.Send_Check)
    Send_Check                               0x000029c9   Thumb Code   100  send_data.o(i.Send_Check)
    i.SysCtlClockGet                         0x00002a30   Section        0  sysctl.o(i.SysCtlClockGet)
    i.SysCtlPeripheralEnable                 0x00002b9c   Section        0  sysctl.o(i.SysCtlPeripheralEnable)
    i.SysCtlPeripheralReady                  0x00002bd0   Section        0  sysctl.o(i.SysCtlPeripheralReady)
    i.SysCtlPeripheralReset                  0x00002c08   Section        0  sysctl.o(i.SysCtlPeripheralReset)
    i.SysTickEnable                          0x00002c78   Section        0  systick.o(i.SysTickEnable)
    i.SysTickIntEnable                       0x00002c8a   Section        0  systick.o(i.SysTickIntEnable)
    i.SysTickIntHandler                      0x00002c9c   Section        0  timer_config.o(i.SysTickIntHandler)
    i.SysTickPeriodSet                       0x00002cf8   Section        0  systick.o(i.SysTickPeriodSet)
    i.Timer1AIntHandler                      0x00002d04   Section        0  timer_config.o(i.Timer1AIntHandler)
    i.TimerConfigure                         0x00002d30   Section        0  timer.o(i.TimerConfigure)
    i.TimerControlEvent                      0x00002d90   Section        0  timer.o(i.TimerControlEvent)
    i.TimerEnable                            0x00002da6   Section        0  timer.o(i.TimerEnable)
    i.TimerIntClear                          0x00002db4   Section        0  timer.o(i.TimerIntClear)
    i.TimerIntEnable                         0x00002db8   Section        0  timer.o(i.TimerIntEnable)
    i.TimerIntRegister                       0x00002dc0   Section        0  timer.o(i.TimerIntRegister)
    i.TimerIntStatus                         0x00002de6   Section        0  timer.o(i.TimerIntStatus)
    i.TimerLoadSet                           0x00002df2   Section        0  timer.o(i.TimerLoadSet)
    i.TimerMatchSet                          0x00002e02   Section        0  timer.o(i.TimerMatchSet)
    i.TimerValueGet                          0x00002e12   Section        0  timer.o(i.TimerValueGet)
    i.Timer_1_A_init                         0x00002e20   Section        0  timer_config.o(i.Timer_1_A_init)
    i.UARTCharGetNonBlocking                 0x00002e88   Section        0  uart.o(i.UARTCharGetNonBlocking)
    i.UARTCharPut                            0x00002e9c   Section        0  uart.o(i.UARTCharPut)
    i.UARTCharPutNonBlocking                 0x00002eac   Section        0  uart.o(i.UARTCharPutNonBlocking)
    i.UARTCharsAvail                         0x00002ec0   Section        0  uart.o(i.UARTCharsAvail)
    i.UARTIntClear                           0x00002ecc   Section        0  uart.o(i.UARTIntClear)
    i.UARTIntStatus                          0x00002ed0   Section        0  uart.o(i.UARTIntStatus)
    i.UARTSend                               0x00002edc   Section        0  main.o(i.UARTSend)
    i.UART_0_IntHandler                      0x00002f04   Section        0  main.o(i.UART_0_IntHandler)
    i.WTimer2IntHandler                      0x00002f48   Section        0  rc_input.o(i.WTimer2IntHandler)
    i._EEPROMSectorMaskClear                 0x00003094   Section        0  eeprom.o(i._EEPROMSectorMaskClear)
    _EEPROMSectorMaskClear                   0x00003095   Thumb Code    48  eeprom.o(i._EEPROMSectorMaskClear)
    i._EEPROMSectorMaskSet                   0x000030cc   Section        0  eeprom.o(i._EEPROMSectorMaskSet)
    _EEPROMSectorMaskSet                     0x000030cd   Thumb Code    56  eeprom.o(i._EEPROMSectorMaskSet)
    i._EEPROMWaitForDone                     0x0000310c   Section        0  eeprom.o(i._EEPROMWaitForDone)
    _EEPROMWaitForDone                       0x0000310d   Thumb Code    16  eeprom.o(i._EEPROMWaitForDone)
    i._TimerIntNumberGet                     0x00003120   Section        0  timer.o(i._TimerIntNumberGet)
    _TimerIntNumberGet                       0x00003121   Thumb Code    68  timer.o(i._TimerIntNumberGet)
    i.__ARM_fpclassifyf                      0x00003178   Section        0  fpclassifyf.o(i.__ARM_fpclassifyf)
    i.__hardfp_asinf                         0x000031a0   Section        0  asinf.o(i.__hardfp_asinf)
    i.__hardfp_atan2f                        0x000032cc   Section        0  atan2f.o(i.__hardfp_atan2f)
    i.__hardfp_sqrt                          0x0000351c   Section        0  sqrt.o(i.__hardfp_sqrt)
    i.__mathlib_flt_infnan                   0x00003596   Section        0  funder.o(i.__mathlib_flt_infnan)
    i.__mathlib_flt_infnan2                  0x0000359c   Section        0  funder.o(i.__mathlib_flt_infnan2)
    i.__mathlib_flt_invalid                  0x000035a4   Section        0  funder.o(i.__mathlib_flt_invalid)
    i.__mathlib_flt_underflow                0x000035b4   Section        0  funder.o(i.__mathlib_flt_underflow)
    i.delay_ms                               0x000035c4   Section        0  iic.o(i.delay_ms)
    i.delay_us                               0x000035e0   Section        0  iic.o(i.delay_us)
    i.e2prom_init                            0x00003600   Section        0  e2prom.o(i.e2prom_init)
    i.invSqrt                                0x00003624   Section        0  imu.o(i.invSqrt)
    i.main                                   0x00003660   Section        0  main.o(i.main)
    i.motor_init                             0x00003748   Section        0  motor.o(i.motor_init)
    i.oled_dis_data                          0x00003870   Section        0  oled.o(i.oled_dis_data)
    i.oled_dis_str                           0x000038a8   Section        0  oled.o(i.oled_dis_str)
    i.read_Acc_Gyro_offest                   0x000038f4   Section        0  e2prom.o(i.read_Acc_Gyro_offest)
    i.read_HMC5883L                          0x00003970   Section        0  hmc5883l.o(i.read_HMC5883L)
    read_HMC5883L                            0x00003971   Thumb Code    76  hmc5883l.o(i.read_HMC5883L)
    i.sand_ACC_GYRO_data                     0x000039c0   Section        0  send_data.o(i.sand_ACC_GYRO_data)
    i.sand_IMU_data                          0x00003b40   Section        0  send_data.o(i.sand_IMU_data)
    i.sand_PID_3_data                        0x00003c50   Section        0  send_data.o(i.sand_PID_3_data)
    i.sand_PID_core_data                     0x00003c52   Section        0  send_data.o(i.sand_PID_core_data)
    i.sand_PID_shell_data                    0x00003c54   Section        0  send_data.o(i.sand_PID_shell_data)
    i.save_Acc_Gyro_offest                   0x00003c58   Section        0  e2prom.o(i.save_Acc_Gyro_offest)
    i.sqrtf                                  0x00003ccc   Section        0  sqrtf.o(i.sqrtf)
    i.systick_init                           0x00003d0a   Section        0  timer_config.o(i.systick_init)
    x$fpl$d2f                                0x00003d28   Section       98  d2f.o(x$fpl$d2f)
    $v0                                      0x00003d28   Number         0  d2f.o(x$fpl$d2f)
    x$fpl$dadd                               0x00003d8c   Section      336  daddsub_clz.o(x$fpl$dadd)
    $v0                                      0x00003d8c   Number         0  daddsub_clz.o(x$fpl$dadd)
    _dadd1                                   0x00003d9d   Thumb Code     0  daddsub_clz.o(x$fpl$dadd)
    x$fpl$ddiv                               0x00003edc   Section      688  ddiv.o(x$fpl$ddiv)
    $v0                                      0x00003edc   Number         0  ddiv.o(x$fpl$ddiv)
    ddiv_entry                               0x00003ee3   Thumb Code     0  ddiv.o(x$fpl$ddiv)
    x$fpl$dfixu                              0x0000418c   Section       90  dfixu.o(x$fpl$dfixu)
    $v0                                      0x0000418c   Number         0  dfixu.o(x$fpl$dfixu)
    x$fpl$dfltu                              0x000041e6   Section       38  dflt_clz.o(x$fpl$dfltu)
    $v0                                      0x000041e6   Number         0  dflt_clz.o(x$fpl$dfltu)
    x$fpl$dmul                               0x0000420c   Section      340  dmul.o(x$fpl$dmul)
    $v0                                      0x0000420c   Number         0  dmul.o(x$fpl$dmul)
    x$fpl$dnaninf                            0x00004360   Section      156  dnaninf.o(x$fpl$dnaninf)
    $v0                                      0x00004360   Number         0  dnaninf.o(x$fpl$dnaninf)
    x$fpl$dretinf                            0x000043fc   Section       12  dretinf.o(x$fpl$dretinf)
    $v0                                      0x000043fc   Number         0  dretinf.o(x$fpl$dretinf)
    x$fpl$dsqrt                              0x00004408   Section      408  dsqrt_umaal.o(x$fpl$dsqrt)
    $v0                                      0x00004408   Number         0  dsqrt_umaal.o(x$fpl$dsqrt)
    x$fpl$dsub                               0x000045a0   Section      468  daddsub_clz.o(x$fpl$dsub)
    $v0                                      0x000045a0   Number         0  daddsub_clz.o(x$fpl$dsub)
    _dsub1                                   0x000045b1   Thumb Code     0  daddsub_clz.o(x$fpl$dsub)
    x$fpl$f2d                                0x00004774   Section       86  f2d.o(x$fpl$f2d)
    $v0                                      0x00004774   Number         0  f2d.o(x$fpl$f2d)
    x$fpl$fnaninf                            0x000047ca   Section      140  fnaninf.o(x$fpl$fnaninf)
    $v0                                      0x000047ca   Number         0  fnaninf.o(x$fpl$fnaninf)
    x$fpl$fpinit                             0x00004856   Section       10  fpinit.o(x$fpl$fpinit)
    $v0                                      0x00004856   Number         0  fpinit.o(x$fpl$fpinit)
    x$fpl$fretinf                            0x00004860   Section       10  fretinf.o(x$fpl$fretinf)
    $v0                                      0x00004860   Number         0  fretinf.o(x$fpl$fretinf)
    x$fpl$usenofp                            0x0000486a   Section        0  usenofp.o(x$fpl$usenofp)
    .constdata                               0x0000486c   Section      552  gpio.o(.constdata)
    g_ppui32GPIOIntMapBlizzard               0x0000486c   Data         192  gpio.o(.constdata)
    g_ppui32GPIOIntMapSnowflake              0x0000492c   Data         216  gpio.o(.constdata)
    g_pui32GPIOBaseAddrs                     0x00004a04   Data         144  gpio.o(.constdata)
    .constdata                               0x00004a94   Section      268  interrupt.o(.constdata)
    g_pui32Priority                          0x00004a94   Data          32  interrupt.o(.constdata)
    g_pui32Regs                              0x00004ab4   Data         156  interrupt.o(.constdata)
    g_pui32EnRegs                            0x00004b50   Data          20  interrupt.o(.constdata)
    g_pui32Dii16Regs                         0x00004b64   Data          20  interrupt.o(.constdata)
    g_pui32PendRegs                          0x00004b78   Data          20  interrupt.o(.constdata)
    g_pui32UnpendRegs                        0x00004b8c   Data          20  interrupt.o(.constdata)
    .constdata                               0x00004ba0   Section      596  sysctl.o(.constdata)
    g_pui32Xtals                             0x00004ba0   Data         108  sysctl.o(.constdata)
    g_pppui32XTALtoVCO                       0x00004c0c   Data         432  sysctl.o(.constdata)
    g_sXTALtoMEMTIM                          0x00004dbc   Data          48  sysctl.o(.constdata)
    g_pui32VCOFrequencies                    0x00004dec   Data           8  sysctl.o(.constdata)
    .constdata                               0x00004df4   Section      160  timer.o(.constdata)
    g_ppui32TimerIntMap                      0x00004df4   Data          96  timer.o(.constdata)
    g_ppui32TimerIntMapSnowflake             0x00004e54   Data          64  timer.o(.constdata)
    .constdata                               0x00004e94   Section     2072  oled.o(.constdata)
    .data                                    0x20000000   Section        8  rgb.o(.data)
    g_fIntensity                             0x20000000   Data           4  rgb.o(.data)
    ulFlags                                  0x20000004   Data           4  rgb.o(.data)
    .data                                    0x20000008   Section        3  buttons.o(.data)
    g_ui8ButtonStates                        0x20000008   Data           1  buttons.o(.data)
    ui8SwitchClockA                          0x20000009   Data           1  buttons.o(.data)
    ui8SwitchClockB                          0x2000000a   Data           1  buttons.o(.data)
    .data                                    0x20000010   Section      140  mpu6050.o(.data)
    x_last                                   0x20000068   Data           4  mpu6050.o(.data)
    p_last                                   0x2000006c   Data           4  mpu6050.o(.data)
    x_last                                   0x20000070   Data           4  mpu6050.o(.data)
    p_last                                   0x20000074   Data           4  mpu6050.o(.data)
    x_last                                   0x20000078   Data           4  mpu6050.o(.data)
    p_last                                   0x2000007c   Data           4  mpu6050.o(.data)
    x                                        0x20000080   Data           4  mpu6050.o(.data)
    y                                        0x20000084   Data           4  mpu6050.o(.data)
    z                                        0x20000088   Data           4  mpu6050.o(.data)
    x1                                       0x2000008c   Data           4  mpu6050.o(.data)
    y1                                       0x20000090   Data           4  mpu6050.o(.data)
    z1                                       0x20000094   Data           4  mpu6050.o(.data)
    num                                      0x20000098   Data           4  mpu6050.o(.data)
    .data                                    0x2000009c   Section        9  timer_config.o(.data)
    cnt                                      0x200000a4   Data           1  timer_config.o(.data)
    .data                                    0x200000a8   Section       52  imu.o(.data)
    .data                                    0x200000dc   Section       87  hmc5883l.o(.data)
    filter_cnt                               0x20000132   Data           1  hmc5883l.o(.data)
    .data                                    0x20000134   Section        5  send_data.o(.data)
    _data_len                                0x20000136   Data           1  send_data.o(.data)
    _data_cnt                                0x20000137   Data           1  send_data.o(.data)
    state                                    0x20000138   Data           1  send_data.o(.data)
    .data                                    0x2000013c   Section       52  rc_input.o(.data)
    cap_time                                 0x20000148   Data           4  rc_input.o(.data)
    old_cap_time                             0x2000014c   Data           4  rc_input.o(.data)
    new_cap_time                             0x20000150   Data           4  rc_input.o(.data)
    temp_cnt1                                0x20000154   Data           4  rc_input.o(.data)
    temp_cnt1_2                              0x20000158   Data           4  rc_input.o(.data)
    temp_cnt2                                0x2000015c   Data           4  rc_input.o(.data)
    temp_cnt2_2                              0x20000160   Data           4  rc_input.o(.data)
    cap_time                                 0x20000164   Data           4  rc_input.o(.data)
    old_cap_time                             0x20000168   Data           4  rc_input.o(.data)
    new_cap_time                             0x2000016c   Data           4  rc_input.o(.data)
    vtable                                   0x20000400   Section      620  interrupt.o(vtable)
    g_pfnRAMVectors                          0x20000400   Data         620  interrupt.o(vtable)
    .bss                                     0x2000066c   Section       12  rgb.o(.bss)
    g_ui32Colors                             0x2000066c   Data          12  rgb.o(.bss)
    .bss                                     0x20000678   Section      664  mpu6050.o(.bss)
    File_Buf                                 0x20000820   Data         240  mpu6050.o(.bss)
    .bss                                     0x20000910   Section       12  imu.o(.bss)
    .bss                                     0x2000091c   Section       60  hmc5883l.o(.bss)
    .bss                                     0x20000958   Section       66  send_data.o(.bss)
    RxBuffer                                 0x20000968   Data          50  send_data.o(.bss)
    .bss                                     0x2000099c   Section       96  libspace.o(.bss)
    HEAP                                     0x20000a00   Section        0  startup_rvmdk.o(HEAP)
    STACK                                    0x20000a00   Section      256  startup_rvmdk.o(STACK)
    HeapMem                                  0x20000a00   Data           0  startup_rvmdk.o(HEAP)
    StackMem                                 0x20000a00   Data           0  startup_rvmdk.o(STACK)

    Global Symbols

    Symbol Name                              Value     Ov Type        Size  Object(Section)

    BuildAttributes$$THM_ISAv4$E$P$D$K$B$S$7EM$VFPi3$EXTD16$VFPS$VFMA$PE$A:L22UL41UL21$X:L11$S22US41US21$IEEE1$IW$USESV6$~STKCKD$USESV7$~SHL$OTIME$ROPI$IEEEX$EBA8$UX$STANDARDLIB$REQ8$PRES8$EABIv2 0x00000000   Number         0  anon$$obj.o ABSOLUTE
    __ARM_use_no_argv                        0x00000000   Number         0  main.o ABSOLUTE
    __Vectors                                0x00000000   Data           0  startup_rvmdk.o(RESET)
    __ARM_exceptions_init                     - Undefined Weak Reference
    __alloca_initialize                       - Undefined Weak Reference
    __arm_preinit_                            - Undefined Weak Reference
    __cpp_initialize__aeabi_                  - Undefined Weak Reference
    __cxa_finalize                            - Undefined Weak Reference
    __rt_locale                               - Undefined Weak Reference
    __sigvec_lookup                           - Undefined Weak Reference
    _atexit_init                              - Undefined Weak Reference
    _call_atexit_fns                          - Undefined Weak Reference
    _clock_init                               - Undefined Weak Reference
    _fp_trap_init                             - Undefined Weak Reference
    _fp_trap_shutdown                         - Undefined Weak Reference
    _get_lc_collate                           - Undefined Weak Reference
    _get_lc_ctype                             - Undefined Weak Reference
    _get_lc_monetary                          - Undefined Weak Reference
    _get_lc_numeric                           - Undefined Weak Reference
    _get_lc_time                              - Undefined Weak Reference
    _getenv_init                              - Undefined Weak Reference
    _handle_redirection                       - Undefined Weak Reference
    _init_alloc                               - Undefined Weak Reference
    _init_user_alloc                          - Undefined Weak Reference
    _initio                                   - Undefined Weak Reference
    _rand_init                                - Undefined Weak Reference
    _signal_finish                            - Undefined Weak Reference
    _signal_init                              - Undefined Weak Reference
    _terminate_alloc                          - Undefined Weak Reference
    _terminate_user_alloc                     - Undefined Weak Reference
    _terminateio                              - Undefined Weak Reference
    Reset_Handler                            0x0000026d   Thumb Code     0  startup_rvmdk.o(RESET)
    __main                                   0x00000289   Thumb Code     8  __main.o(!!!main)
    __scatterload                            0x00000291   Thumb Code     0  __scatter.o(!!!scatter)
    __scatterload_rt2                        0x00000291   Thumb Code    44  __scatter.o(!!!scatter)
    __scatterload_rt2_thumb_only             0x00000291   Thumb Code     0  __scatter.o(!!!scatter)
    __scatterload_null                       0x0000029f   Thumb Code     0  __scatter.o(!!!scatter)
    __decompress                             0x000002c5   Thumb Code    90  __dczerorl2.o(!!dczerorl2)
    __decompress1                            0x000002c5   Thumb Code     0  __dczerorl2.o(!!dczerorl2)
    __scatterload_zeroinit                   0x00000321   Thumb Code    28  __scatter_zi.o(!!handler_zi)
    __rt_lib_init                            0x0000033d   Thumb Code     0  libinit.o(.ARM.Collect$$libinit$$00000000)
    __rt_lib_init_fp_1                       0x0000033f   Thumb Code     0  libinit2.o(.ARM.Collect$$libinit$$00000001)
    __rt_lib_init_alloca_1                   0x00000343   Thumb Code     0  libinit2.o(.ARM.Collect$$libinit$$0000002E)
    __rt_lib_init_argv_1                     0x00000343   Thumb Code     0  libinit2.o(.ARM.Collect$$libinit$$0000002C)
    __rt_lib_init_atexit_1                   0x00000343   Thumb Code     0  libinit2.o(.ARM.Collect$$libinit$$0000001B)
    __rt_lib_init_clock_1                    0x00000343   Thumb Code     0  libinit2.o(.ARM.Collect$$libinit$$00000021)
    __rt_lib_init_cpp_1                      0x00000343   Thumb Code     0  libinit2.o(.ARM.Collect$$libinit$$00000032)
    __rt_lib_init_exceptions_1               0x00000343   Thumb Code     0  libinit2.o(.ARM.Collect$$libinit$$00000030)
    __rt_lib_init_fp_trap_1                  0x00000343   Thumb Code     0  libinit2.o(.ARM.Collect$$libinit$$0000001F)
    __rt_lib_init_getenv_1                   0x00000343   Thumb Code     0  libinit2.o(.ARM.Collect$$libinit$$00000023)
    __rt_lib_init_heap_1                     0x00000343   Thumb Code     0  libinit2.o(.ARM.Collect$$libinit$$0000000A)
    __rt_lib_init_lc_collate_1               0x00000343   Thumb Code     0  libinit2.o(.ARM.Collect$$libinit$$00000011)
    __rt_lib_init_lc_ctype_1                 0x00000343   Thumb Code     0  libinit2.o(.ARM.Collect$$libinit$$00000013)
    __rt_lib_init_lc_monetary_1              0x00000343   Thumb Code     0  libinit2.o(.ARM.Collect$$libinit$$00000015)
    __rt_lib_init_lc_numeric_1               0x00000343   Thumb Code     0  libinit2.o(.ARM.Collect$$libinit$$00000017)
    __rt_lib_init_lc_time_1                  0x00000343   Thumb Code     0  libinit2.o(.ARM.Collect$$libinit$$00000019)
    __rt_lib_init_preinit_1                  0x00000343   Thumb Code     0  libinit2.o(.ARM.Collect$$libinit$$00000004)
    __rt_lib_init_rand_1                     0x00000343   Thumb Code     0  libinit2.o(.ARM.Collect$$libinit$$0000000E)
    __rt_lib_init_return                     0x00000343   Thumb Code     0  libinit2.o(.ARM.Collect$$libinit$$00000033)
    __rt_lib_init_signal_1                   0x00000343   Thumb Code     0  libinit2.o(.ARM.Collect$$libinit$$0000001D)
    __rt_lib_init_stdio_1                    0x00000343   Thumb Code     0  libinit2.o(.ARM.Collect$$libinit$$00000025)
    __rt_lib_init_user_alloc_1               0x00000343   Thumb Code     0  libinit2.o(.ARM.Collect$$libinit$$0000000C)
    __rt_lib_shutdown                        0x00000345   Thumb Code     0  libshutdown.o(.ARM.Collect$$libshutdown$$00000000)
    __rt_lib_shutdown_fp_trap_1              0x00000347   Thumb Code     0  libshutdown2.o(.ARM.Collect$$libshutdown$$00000006)
    __rt_lib_shutdown_heap_1                 0x00000347   Thumb Code     0  libshutdown2.o(.ARM.Collect$$libshutdown$$0000000E)
    __rt_lib_shutdown_return                 0x00000347   Thumb Code     0  libshutdown2.o(.ARM.Collect$$libshutdown$$0000000F)
    __rt_lib_shutdown_signal_1               0x00000347   Thumb Code     0  libshutdown2.o(.ARM.Collect$$libshutdown$$00000009)
    __rt_lib_shutdown_stdio_1                0x00000347   Thumb Code     0  libshutdown2.o(.ARM.Collect$$libshutdown$$00000003)
    __rt_lib_shutdown_user_alloc_1           0x00000347   Thumb Code     0  libshutdown2.o(.ARM.Collect$$libshutdown$$0000000B)
    __rt_entry                               0x00000349   Thumb Code     0  __rtentry.o(.ARM.Collect$$rtentry$$00000000)
    __rt_entry_presh_1                       0x00000349   Thumb Code     0  __rtentry2.o(.ARM.Collect$$rtentry$$00000002)
    __rt_entry_sh                            0x00000349   Thumb Code     0  __rtentry4.o(.ARM.Collect$$rtentry$$00000004)
    __rt_entry_li                            0x0000034f   Thumb Code     0  __rtentry2.o(.ARM.Collect$$rtentry$$0000000A)
    __rt_entry_postsh_1                      0x0000034f   Thumb Code     0  __rtentry2.o(.ARM.Collect$$rtentry$$00000009)
    __rt_entry_main                          0x00000353   Thumb Code     0  __rtentry2.o(.ARM.Collect$$rtentry$$0000000D)
    __rt_entry_postli_1                      0x00000353   Thumb Code     0  __rtentry2.o(.ARM.Collect$$rtentry$$0000000C)
    __rt_exit                                0x0000035b   Thumb Code     0  rtexit.o(.ARM.Collect$$rtexit$$00000000)
    __rt_exit_ls                             0x0000035d   Thumb Code     0  rtexit2.o(.ARM.Collect$$rtexit$$00000003)
    __rt_exit_prels_1                        0x0000035d   Thumb Code     0  rtexit2.o(.ARM.Collect$$rtexit$$00000002)
    __rt_exit_exit                           0x00000361   Thumb Code     0  rtexit2.o(.ARM.Collect$$rtexit$$00000004)
    CPUcpsid                                 0x00000369   Thumb Code     8  cpu.o(.emb_text)
    CPUprimask                               0x00000371   Thumb Code     6  cpu.o(.emb_text)
    CPUcpsie                                 0x00000377   Thumb Code     8  cpu.o(.emb_text)
    CPUwfi                                   0x0000037f   Thumb Code     4  cpu.o(.emb_text)
    CPUbasepriSet                            0x00000383   Thumb Code     6  cpu.o(.emb_text)
    CPUbasepriGet                            0x00000389   Thumb Code     6  cpu.o(.emb_text)
    SysCtlDelay                              0x00000391   Thumb Code     6  sysctl.o(.emb_text)
    __user_initial_stackheap                 0x00000399   Thumb Code     0  startup_rvmdk.o(.text)
    __aeabi_memclr4                          0x000003b1   Thumb Code     0  rt_memclr_w.o(.text)
    __aeabi_memclr8                          0x000003b1   Thumb Code     0  rt_memclr_w.o(.text)
    __rt_memclr_w                            0x000003b1   Thumb Code    78  rt_memclr_w.o(.text)
    _memset_w                                0x000003b5   Thumb Code     0  rt_memclr_w.o(.text)
    __use_two_region_memory                  0x000003ff   Thumb Code     2  heapauxi.o(.text)
    __rt_heap_escrow$2region                 0x00000401   Thumb Code     2  heapauxi.o(.text)
    __rt_heap_expand$2region                 0x00000403   Thumb Code     2  heapauxi.o(.text)
    __read_errno                             0x00000405   Thumb Code    10  _rserrno.o(.text)
    __set_errno                              0x0000040f   Thumb Code    12  _rserrno.o(.text)
    __aeabi_errno_addr                       0x0000041d   Thumb Code     8  rt_errno_addr_intlibspace.o(.text)
    __errno$intlibspace                      0x0000041d   Thumb Code     0  rt_errno_addr_intlibspace.o(.text)
    __rt_errno_addr$intlibspace              0x0000041d   Thumb Code     0  rt_errno_addr_intlibspace.o(.text)
    __user_libspace                          0x00000425   Thumb Code     8  libspace.o(.text)
    __user_perproc_libspace                  0x00000425   Thumb Code     0  libspace.o(.text)
    __user_perthread_libspace                0x00000425   Thumb Code     0  libspace.o(.text)
    __user_setup_stackheap                   0x0000042d   Thumb Code    74  sys_stackheap_outer.o(.text)
    exit                                     0x00000477   Thumb Code    12  exit.o(.text)
    _sys_exit                                0x00000485   Thumb Code     8  sys_exit.o(.text)
    __I$use$semihosting                      0x00000491   Thumb Code     0  use_no_semi.o(.text)
    __use_no_semihosting_swi                 0x00000491   Thumb Code     2  use_no_semi.o(.text)
    __semihosting_library_function           0x00000493   Thumb Code     0  indicate_semi.o(.text)
    ButtonsInit                              0x00000495   Thumb Code    92  buttons.o(i.ButtonsInit)
    ButtonsPoll                              0x00000505   Thumb Code   152  buttons.o(i.ButtonsPoll)
    ConfigureUART                            0x000005ad   Thumb Code   152  main.o(i.ConfigureUART)
    Data_Receive_Anl                         0x00000665   Thumb Code   200  send_data.o(i.Data_Receive_Anl)
    Data_Receive_Prepare                     0x00000735   Thumb Code   216  send_data.o(i.Data_Receive_Prepare)
    EEPROMInit                               0x0000081d   Thumb Code    60  eeprom.o(i.EEPROMInit)
    EEPROMProgram                            0x00000861   Thumb Code   190  eeprom.o(i.EEPROMProgram)
    EEPROMRead                               0x00000931   Thumb Code    52  eeprom.o(i.EEPROMRead)
    GPIODirModeSet                           0x00000969   Thumb Code    50  gpio.o(i.GPIODirModeSet)
    GPIOPadConfigSet                         0x0000099b   Thumb Code   342  gpio.o(i.GPIOPadConfigSet)
    GPIOPinConfigure                         0x00000af1   Thumb Code    70  gpio.o(i.GPIOPinConfigure)
    GPIOPinRead                              0x00000b41   Thumb Code    12  gpio.o(i.GPIOPinRead)
    GPIOPinTypeTimer                         0x00000b4d   Thumb Code    30  gpio.o(i.GPIOPinTypeTimer)
    GPIOPinWrite                             0x00000b6b   Thumb Code    10  gpio.o(i.GPIOPinWrite)
    Get_Attitude                             0x00000b75   Thumb Code    92  imu.o(i.Get_Attitude)
    HMC5883L_Save_Calib                      0x00000be1   Thumb Code   170  hmc5883l.o(i.HMC5883L_Save_Calib)
    HMC5883L_Start_Calib                     0x00000cd1   Thumb Code   254  hmc5883l.o(i.HMC5883L_Start_Calib)
    IIC_ADD_read                             0x00000e15   Thumb Code    62  iic.o(i.IIC_ADD_read)
    IIC_ADD_write                            0x00000e53   Thumb Code    54  iic.o(i.IIC_ADD_write)
    IIC_Ack                                  0x00000e89   Thumb Code    82  iic.o(i.IIC_Ack)
    IIC_Init                                 0x00000edd   Thumb Code    94  iic.o(i.IIC_Init)
    IIC_NAck                                 0x00000f41   Thumb Code    82  iic.o(i.IIC_NAck)
    IIC_Read_Byte                            0x00000f93   Thumb Code   102  iic.o(i.IIC_Read_Byte)
    IIC_Send_Byte                            0x00000ff9   Thumb Code   120  iic.o(i.IIC_Send_Byte)
    IIC_Start                                0x00001071   Thumb Code   106  iic.o(i.IIC_Start)
    IIC_Stop                                 0x000010db   Thumb Code    82  iic.o(i.IIC_Stop)
    IIC_Wait_Ack                             0x0000112d   Thumb Code   148  iic.o(i.IIC_Wait_Ack)
    IMUupdate                                0x000011c1   Thumb Code  2068  imu.o(i.IMUupdate)
    Init_HMC5883L                            0x00001a01   Thumb Code    70  hmc5883l.o(i.Init_HMC5883L)
    IntEnable                                0x00001a49   Thumb Code   108  interrupt.o(i.IntEnable)
    IntMasterEnable                          0x00001abd   Thumb Code    16  interrupt.o(i.IntMasterEnable)
    IntPriorityGroupingSet                   0x00001acd   Thumb Code    16  interrupt.o(i.IntPriorityGroupingSet)
    IntPrioritySet                           0x00001ae9   Thumb Code    46  interrupt.o(i.IntPrioritySet)
    IntRegister                              0x00001b1d   Thumb Code    52  interrupt.o(i.IntRegister)
    LPF_1st                                  0x00001c9d   Thumb Code    22  algorithm_filter.o(i.LPF_1st)
    MPU_Acc_Offset                           0x00001cb5   Thumb Code   202  mpu6050.o(i.MPU_Acc_Offset)
    MPU_Gyro_Offset                          0x00001d8d   Thumb Code   228  mpu6050.o(i.MPU_Gyro_Offset)
    MPU_Init                                 0x00001e7d   Thumb Code    98  mpu6050.o(i.MPU_Init)
    MPU_Read                                 0x00001ee1   Thumb Code   148  mpu6050.o(i.MPU_Read)
    MPU_Updata                               0x00001f79   Thumb Code   390  mpu6050.o(i.MPU_Updata)
    Multiple_Read_HMC5883L                   0x00002121   Thumb Code   290  hmc5883l.o(i.Multiple_Read_HMC5883L)
    OLED_Fill                                0x00002275   Thumb Code    58  oled.o(i.OLED_Fill)
    OLED_Init                                0x000022af   Thumb Code   196  oled.o(i.OLED_Init)
    OLED_P6x8Str                             0x00002375   Thumb Code    96  oled.o(i.OLED_P6x8Str)
    OLED_P6x8data                            0x000023d9   Thumb Code   230  oled.o(i.OLED_P6x8data)
    OLED_Set_Pos                             0x000024cd   Thumb Code    40  oled.o(i.OLED_Set_Pos)
    OLED_WrCmd                               0x000024f5   Thumb Code    16  oled.o(i.OLED_WrCmd)
    OLED_WrDat                               0x00002505   Thumb Code    16  oled.o(i.OLED_WrDat)
    Prepare_Data                             0x00002515   Thumb Code   302  mpu6050.o(i.Prepare_Data)
    RC_init                                  0x00002665   Thumb Code   170  rc_input.o(i.RC_init)
    RGBColorSet                              0x00002731   Thumb Code   134  rgb.o(i.RGBColorSet)
    RGBEnable                                0x000027c9   Thumb Code   184  rgb.o(i.RGBEnable)
    RGBInit                                  0x00002899   Thumb Code   238  rgb.o(i.RGBInit)
    RGBIntensitySet                          0x000029a5   Thumb Code    28  rgb.o(i.RGBIntensitySet)
    SysCtlClockGet                           0x00002a31   Thumb Code   324  sysctl.o(i.SysCtlClockGet)
    SysCtlPeripheralEnable                   0x00002b9d   Thumb Code    46  sysctl.o(i.SysCtlPeripheralEnable)
    SysCtlPeripheralReady                    0x00002bd1   Thumb Code    52  sysctl.o(i.SysCtlPeripheralReady)
    SysCtlPeripheralReset                    0x00002c09   Thumb Code   106  sysctl.o(i.SysCtlPeripheralReset)
    SysTickEnable                            0x00002c79   Thumb Code    18  systick.o(i.SysTickEnable)
    SysTickIntEnable                         0x00002c8b   Thumb Code    18  systick.o(i.SysTickIntEnable)
    SysTickIntHandler                        0x00002c9d   Thumb Code    80  timer_config.o(i.SysTickIntHandler)
    SysTickPeriodSet                         0x00002cf9   Thumb Code    10  systick.o(i.SysTickPeriodSet)
    Timer1AIntHandler                        0x00002d05   Thumb Code    34  timer_config.o(i.Timer1AIntHandler)
    TimerConfigure                           0x00002d31   Thumb Code    84  timer.o(i.TimerConfigure)
    TimerControlEvent                        0x00002d91   Thumb Code    22  timer.o(i.TimerControlEvent)
    TimerEnable                              0x00002da7   Thumb Code    14  timer.o(i.TimerEnable)
    TimerIntClear                            0x00002db5   Thumb Code     4  timer.o(i.TimerIntClear)
    TimerIntEnable                           0x00002db9   Thumb Code     8  timer.o(i.TimerIntEnable)
    TimerIntRegister                         0x00002dc1   Thumb Code    38  timer.o(i.TimerIntRegister)
    TimerIntStatus                           0x00002de7   Thumb Code    12  timer.o(i.TimerIntStatus)
    TimerLoadSet                             0x00002df3   Thumb Code    16  timer.o(i.TimerLoadSet)
    TimerMatchSet                            0x00002e03   Thumb Code    16  timer.o(i.TimerMatchSet)
    TimerValueGet                            0x00002e13   Thumb Code    14  timer.o(i.TimerValueGet)
    Timer_1_A_init                           0x00002e21   Thumb Code    92  timer_config.o(i.Timer_1_A_init)
    UARTCharGetNonBlocking                   0x00002e89   Thumb Code    20  uart.o(i.UARTCharGetNonBlocking)
    UARTCharPut                              0x00002e9d   Thumb Code    16  uart.o(i.UARTCharPut)
    UARTCharPutNonBlocking                   0x00002ead   Thumb Code    20  uart.o(i.UARTCharPutNonBlocking)
    UARTCharsAvail                           0x00002ec1   Thumb Code    12  uart.o(i.UARTCharsAvail)
    UARTIntClear                             0x00002ecd   Thumb Code     4  uart.o(i.UARTIntClear)
    UARTIntStatus                            0x00002ed1   Thumb Code    12  uart.o(i.UARTIntStatus)
    UARTSend                                 0x00002edd   Thumb Code    34  main.o(i.UARTSend)
    UART_0_IntHandler                        0x00002f05   Thumb Code    62  main.o(i.UART_0_IntHandler)
    WTimer2IntHandler                        0x00002f49   Thumb Code   296  rc_input.o(i.WTimer2IntHandler)
    __ARM_fpclassifyf                        0x00003179   Thumb Code    38  fpclassifyf.o(i.__ARM_fpclassifyf)
    __hardfp_asinf                           0x000031a1   Thumb Code   258  asinf.o(i.__hardfp_asinf)
    __hardfp_atan2f                          0x000032cd   Thumb Code   502  atan2f.o(i.__hardfp_atan2f)
    __hardfp_sqrt                            0x0000351d   Thumb Code   122  sqrt.o(i.__hardfp_sqrt)
    __mathlib_flt_infnan                     0x00003597   Thumb Code     6  funder.o(i.__mathlib_flt_infnan)
    __mathlib_flt_infnan2                    0x0000359d   Thumb Code     6  funder.o(i.__mathlib_flt_infnan2)
    __mathlib_flt_invalid                    0x000035a5   Thumb Code    10  funder.o(i.__mathlib_flt_invalid)
    __mathlib_flt_underflow                  0x000035b5   Thumb Code    10  funder.o(i.__mathlib_flt_underflow)
    delay_ms                                 0x000035c5   Thumb Code    28  iic.o(i.delay_ms)
    delay_us                                 0x000035e1   Thumb Code    26  iic.o(i.delay_us)
    e2prom_init                              0x00003601   Thumb Code    32  e2prom.o(i.e2prom_init)
    invSqrt                                  0x00003625   Thumb Code    56  imu.o(i.invSqrt)
    main                                     0x00003661   Thumb Code   212  main.o(i.main)
    motor_init                               0x00003749   Thumb Code   256  motor.o(i.motor_init)
    oled_dis_data                            0x00003871   Thumb Code    56  oled.o(i.oled_dis_data)
    oled_dis_str                             0x000038a9   Thumb Code    44  oled.o(i.oled_dis_str)
    read_Acc_Gyro_offest                     0x000038f5   Thumb Code   118  e2prom.o(i.read_Acc_Gyro_offest)
    sand_ACC_GYRO_data                       0x000039c1   Thumb Code   364  send_data.o(i.sand_ACC_GYRO_data)
    sand_IMU_data                            0x00003b41   Thumb Code   258  send_data.o(i.sand_IMU_data)
    sand_PID_3_data                          0x00003c51   Thumb Code     2  send_data.o(i.sand_PID_3_data)
    sand_PID_core_data                       0x00003c53   Thumb Code     2  send_data.o(i.sand_PID_core_data)
    sand_PID_shell_data                      0x00003c55   Thumb Code     2  send_data.o(i.sand_PID_shell_data)
    save_Acc_Gyro_offest                     0x00003c59   Thumb Code   112  e2prom.o(i.save_Acc_Gyro_offest)
    sqrtf                                    0x00003ccd   Thumb Code    62  sqrtf.o(i.sqrtf)
    systick_init                             0x00003d0b   Thumb Code    28  timer_config.o(i.systick_init)
    __aeabi_d2f                              0x00003d29   Thumb Code     0  d2f.o(x$fpl$d2f)
    _d2f                                     0x00003d29   Thumb Code    98  d2f.o(x$fpl$d2f)
    __aeabi_dadd                             0x00003d8d   Thumb Code     0  daddsub_clz.o(x$fpl$dadd)
    _dadd                                    0x00003d8d   Thumb Code   332  daddsub_clz.o(x$fpl$dadd)
    __aeabi_ddiv                             0x00003edd   Thumb Code     0  ddiv.o(x$fpl$ddiv)
    _ddiv                                    0x00003edd   Thumb Code   552  ddiv.o(x$fpl$ddiv)
    __aeabi_d2uiz                            0x0000418d   Thumb Code     0  dfixu.o(x$fpl$dfixu)
    _dfixu                                   0x0000418d   Thumb Code    90  dfixu.o(x$fpl$dfixu)
    __aeabi_ui2d                             0x000041e7   Thumb Code     0  dflt_clz.o(x$fpl$dfltu)
    _dfltu                                   0x000041e7   Thumb Code    38  dflt_clz.o(x$fpl$dfltu)
    __aeabi_dmul                             0x0000420d   Thumb Code     0  dmul.o(x$fpl$dmul)
    _dmul                                    0x0000420d   Thumb Code   332  dmul.o(x$fpl$dmul)
    __fpl_dnaninf                            0x00004361   Thumb Code   156  dnaninf.o(x$fpl$dnaninf)
    __fpl_dretinf                            0x000043fd   Thumb Code    12  dretinf.o(x$fpl$dretinf)
    _dsqrt                                   0x00004409   Thumb Code   404  dsqrt_umaal.o(x$fpl$dsqrt)
    __aeabi_dsub                             0x000045a1   Thumb Code     0  daddsub_clz.o(x$fpl$dsub)
    _dsub                                    0x000045a1   Thumb Code   464  daddsub_clz.o(x$fpl$dsub)
    __aeabi_f2d                              0x00004775   Thumb Code     0  f2d.o(x$fpl$f2d)
    _f2d                                     0x00004775   Thumb Code    86  f2d.o(x$fpl$f2d)
    __fpl_fnaninf                            0x000047cb   Thumb Code   140  fnaninf.o(x$fpl$fnaninf)
    _fp_init                                 0x00004857   Thumb Code    10  fpinit.o(x$fpl$fpinit)
    __fplib_config_fpu_vfp                   0x0000485f   Thumb Code     0  fpinit.o(x$fpl$fpinit)
    __fplib_config_pureend_doubles           0x0000485f   Thumb Code     0  fpinit.o(x$fpl$fpinit)
    __fpl_fretinf                            0x00004861   Thumb Code    10  fretinf.o(x$fpl$fretinf)
    __I$use$fp                               0x0000486a   Number         0  usenofp.o(x$fpl$usenofp)
    F6x8                                     0x00004e94   Data         552  oled.o(.constdata)
    F8X16                                    0x000050bc   Data        1520  oled.o(.constdata)
    Region$$Table$$Base                      0x000056ac   Number         0  anon$$obj.o(Region$$Table)
    Region$$Table$$Limit                     0x000056cc   Number         0  anon$$obj.o(Region$$Table)
    Gyro_x                                   0x20000010   Data           2  mpu6050.o(.data)
    b_IIR                                    0x20000018   Data          40  mpu6050.o(.data)
    a_IIR                                    0x20000040   Data          40  mpu6050.o(.data)
    g_ui32Counter                            0x2000009c   Data           4  timer_config.o(.data)
    g_Timer_0_A_Counter                      0x200000a0   Data           4  timer_config.o(.data)
    ACC_KALMAN_X                             0x200000a8   Data           8  imu.o(.data)
    ACC_KALMAN_Y                             0x200000b0   Data           8  imu.o(.data)
    ACC_KALMAN_Z                             0x200000b8   Data           8  imu.o(.data)
    q0                                       0x200000c0   Data           4  imu.o(.data)
    q1                                       0x200000c4   Data           4  imu.o(.data)
    q2                                       0x200000c8   Data           4  imu.o(.data)
    q3                                       0x200000cc   Data           4  imu.o(.data)
    exInt                                    0x200000d0   Data           4  imu.o(.data)
    eyInt                                    0x200000d4   Data           4  imu.o(.data)
    ezInt                                    0x200000d8   Data           4  imu.o(.data)
    Magn_x                                   0x200000dc   Data           4  hmc5883l.o(.data)
    Magn_y                                   0x200000e0   Data           4  hmc5883l.o(.data)
    Magn_z                                   0x200000e4   Data           4  hmc5883l.o(.data)
    Magn_Ori_x                               0x200000e8   Data           4  hmc5883l.o(.data)
    Magn_Ori_y                               0x200000ec   Data           4  hmc5883l.o(.data)
    Magn_Ori_z                               0x200000f0   Data           4  hmc5883l.o(.data)
    Mag_CALIBRATED                           0x200000f4   Data           1  hmc5883l.o(.data)
    HMC5883L_buffer                          0x200000f5   Data           8  hmc5883l.o(.data)
    HMC5883_lastx                            0x20000100   Data           4  hmc5883l.o(.data)
    HMC5883_lasty                            0x20000104   Data           4  hmc5883l.o(.data)
    HMC5883_lastz                            0x20000108   Data           4  hmc5883l.o(.data)
    HMC5883_maxx                             0x2000010c   Data           2  hmc5883l.o(.data)
    HMC5883_maxy                             0x2000010e   Data           2  hmc5883l.o(.data)
    HMC5883_maxz                             0x20000110   Data           2  hmc5883l.o(.data)
    HMC5883_minx                             0x20000112   Data           2  hmc5883l.o(.data)
    HMC5883_miny                             0x20000114   Data           2  hmc5883l.o(.data)
    HMC5883_minz                             0x20000116   Data           2  hmc5883l.o(.data)
    offset_mx                                0x20000118   Data           2  hmc5883l.o(.data)
    offset_my                                0x2000011a   Data           2  hmc5883l.o(.data)
    offset_mz                                0x2000011c   Data           2  hmc5883l.o(.data)
    temp_mx_scale                            0x2000011e   Data           2  hmc5883l.o(.data)
    temp_my_scale                            0x20000120   Data           2  hmc5883l.o(.data)
    temp_mz_scale                            0x20000122   Data           2  hmc5883l.o(.data)
    mx_scale                                 0x20000124   Data           4  hmc5883l.o(.data)
    my_scale                                 0x20000128   Data           4  hmc5883l.o(.data)
    mz_scale                                 0x2000012c   Data           4  hmc5883l.o(.data)
    HMC5883_calib                            0x20000130   Data           1  hmc5883l.o(.data)
    HMC5883_cnt                              0x20000131   Data           1  hmc5883l.o(.data)
    flash_save_en_cnt                        0x20000134   Data           2  send_data.o(.data)
    cap_timer                                0x2000013c   Data           4  rc_input.o(.data)
    cap_timer_B                              0x20000140   Data           4  rc_input.o(.data)
    WTIM2CHA_CAPTURE_STA                     0x20000144   Data           2  rc_input.o(.data)
    WTIM2CHA_CAPTURE_STB                     0x20000146   Data           2  rc_input.o(.data)
    mpu6050_buffer                           0x20000678   Data          15  mpu6050.o(.bss)
    sensor                                   0x20000688   Data         168  mpu6050.o(.bss)
    InPut_IIR                                0x20000730   Data         120  mpu6050.o(.bss)
    OutPut_IIR                               0x200007a8   Data         120  mpu6050.o(.bss)
    angle                                    0x20000910   Data          12  imu.o(.bss)
    X_BUFF                                   0x2000091c   Data          20  hmc5883l.o(.bss)
    Y_BUFF                                   0x20000930   Data          20  hmc5883l.o(.bss)
    Z_BUFF                                   0x20000944   Data          20  hmc5883l.o(.bss)
    RX_CH                                    0x20000958   Data          16  send_data.o(.bss)
    __libspace_start                         0x2000099c   Data          96  libspace.o(.bss)
    __temporary_stack_top$libspace           0x200009fc   Data           0  libspace.o(.bss)



==============================================================================

Memory Map of the image

  Image Entry point : 0x00000289

  Load Region LR_IROM1 (Base: 0x00000000, Size: 0x00005d38, Max: 0x00040000, ABSOLUTE, COMPRESSED[0x00005720])

    Execution Region ER_IROM1 (Base: 0x00000000, Size: 0x000056cc, Max: 0x00040000, ABSOLUTE)

    Base Addr    Size         Type   Attr      Idx    E Section Name        Object

    0x00000000   0x00000288   Code   RO          137    RESET               startup_rvmdk.o
    0x00000288   0x00000008   Code   RO         6927  * !!!main             c_w.l(__main.o)
    0x00000290   0x00000034   Code   RO         7254    !!!scatter          c_w.l(__scatter.o)
    0x000002c4   0x0000005a   Code   RO         7252    !!dczerorl2         c_w.l(__dczerorl2.o)
    0x0000031e   0x00000002   PAD
    0x00000320   0x0000001c   Code   RO         7256    !!handler_zi        c_w.l(__scatter_zi.o)
    0x0000033c   0x00000002   Code   RO         7126    .ARM.Collect$$libinit$$00000000  c_w.l(libinit.o)
    0x0000033e   0x00000004   Code   RO         7129    .ARM.Collect$$libinit$$00000001  c_w.l(libinit2.o)
    0x00000342   0x00000000   Code   RO         7132    .ARM.Collect$$libinit$$00000004  c_w.l(libinit2.o)
    0x00000342   0x00000000   Code   RO         7135    .ARM.Collect$$libinit$$0000000A  c_w.l(libinit2.o)
    0x00000342   0x00000000   Code   RO         7137    .ARM.Collect$$libinit$$0000000C  c_w.l(libinit2.o)
    0x00000342   0x00000000   Code   RO         7139    .ARM.Collect$$libinit$$0000000E  c_w.l(libinit2.o)
    0x00000342   0x00000000   Code   RO         7142    .ARM.Collect$$libinit$$00000011  c_w.l(libinit2.o)
    0x00000342   0x00000000   Code   RO         7144    .ARM.Collect$$libinit$$00000013  c_w.l(libinit2.o)
    0x00000342   0x00000000   Code   RO         7146    .ARM.Collect$$libinit$$00000015  c_w.l(libinit2.o)
    0x00000342   0x00000000   Code   RO         7148    .ARM.Collect$$libinit$$00000017  c_w.l(libinit2.o)
    0x00000342   0x00000000   Code   RO         7150    .ARM.Collect$$libinit$$00000019  c_w.l(libinit2.o)
    0x00000342   0x00000000   Code   RO         7152    .ARM.Collect$$libinit$$0000001B  c_w.l(libinit2.o)
    0x00000342   0x00000000   Code   RO         7154    .ARM.Collect$$libinit$$0000001D  c_w.l(libinit2.o)
    0x00000342   0x00000000   Code   RO         7156    .ARM.Collect$$libinit$$0000001F  c_w.l(libinit2.o)
    0x00000342   0x00000000   Code   RO         7158    .ARM.Collect$$libinit$$00000021  c_w.l(libinit2.o)
    0x00000342   0x00000000   Code   RO         7160    .ARM.Collect$$libinit$$00000023  c_w.l(libinit2.o)
    0x00000342   0x00000000   Code   RO         7162    .ARM.Collect$$libinit$$00000025  c_w.l(libinit2.o)
    0x00000342   0x00000000   Code   RO         7166    .ARM.Collect$$libinit$$0000002C  c_w.l(libinit2.o)
    0x00000342   0x00000000   Code   RO         7168    .ARM.Collect$$libinit$$0000002E  c_w.l(libinit2.o)
    0x00000342   0x00000000   Code   RO         7170    .ARM.Collect$$libinit$$00000030  c_w.l(libinit2.o)
    0x00000342   0x00000000   Code   RO         7172    .ARM.Collect$$libinit$$00000032  c_w.l(libinit2.o)
    0x00000342   0x00000002   Code   RO         7173    .ARM.Collect$$libinit$$00000033  c_w.l(libinit2.o)
    0x00000344   0x00000002   Code   RO         7193    .ARM.Collect$$libshutdown$$00000000  c_w.l(libshutdown.o)
    0x00000346   0x00000000   Code   RO         7207    .ARM.Collect$$libshutdown$$00000003  c_w.l(libshutdown2.o)
    0x00000346   0x00000000   Code   RO         7210    .ARM.Collect$$libshutdown$$00000006  c_w.l(libshutdown2.o)
    0x00000346   0x00000000   Code   RO         7213    .ARM.Collect$$libshutdown$$00000009  c_w.l(libshutdown2.o)
    0x00000346   0x00000000   Code   RO         7215    .ARM.Collect$$libshutdown$$0000000B  c_w.l(libshutdown2.o)
    0x00000346   0x00000000   Code   RO         7218    .ARM.Collect$$libshutdown$$0000000E  c_w.l(libshutdown2.o)
    0x00000346   0x00000002   Code   RO         7219    .ARM.Collect$$libshutdown$$0000000F  c_w.l(libshutdown2.o)
    0x00000348   0x00000000   Code   RO         7007    .ARM.Collect$$rtentry$$00000000  c_w.l(__rtentry.o)
    0x00000348   0x00000000   Code   RO         7089    .ARM.Collect$$rtentry$$00000002  c_w.l(__rtentry2.o)
    0x00000348   0x00000006   Code   RO         7101    .ARM.Collect$$rtentry$$00000004  c_w.l(__rtentry4.o)
    0x0000034e   0x00000000   Code   RO         7091    .ARM.Collect$$rtentry$$00000009  c_w.l(__rtentry2.o)
    0x0000034e   0x00000004   Code   RO         7092    .ARM.Collect$$rtentry$$0000000A  c_w.l(__rtentry2.o)
    0x00000352   0x00000000   Code   RO         7094    .ARM.Collect$$rtentry$$0000000C  c_w.l(__rtentry2.o)
    0x00000352   0x00000008   Code   RO         7095    .ARM.Collect$$rtentry$$0000000D  c_w.l(__rtentry2.o)
    0x0000035a   0x00000002   Code   RO         7127    .ARM.Collect$$rtexit$$00000000  c_w.l(rtexit.o)
    0x0000035c   0x00000000   Code   RO         7175    .ARM.Collect$$rtexit$$00000002  c_w.l(rtexit2.o)
    0x0000035c   0x00000004   Code   RO         7176    .ARM.Collect$$rtexit$$00000003  c_w.l(rtexit2.o)
    0x00000360   0x00000006   Code   RO         7177    .ARM.Collect$$rtexit$$00000004  c_w.l(rtexit2.o)
    0x00000366   0x00000002   PAD
    0x00000368   0x00000026   Code   RO          862    .emb_text           cpu.o
    0x0000038e   0x00000002   PAD
    0x00000390   0x00000006   Code   RO         4222    .emb_text           sysctl.o
    0x00000396   0x00000002   PAD
    0x00000398   0x00000018   Code   RO          138    .text               startup_rvmdk.o
    0x000003b0   0x0000004e   Code   RO         6923    .text               c_w.l(rt_memclr_w.o)
    0x000003fe   0x00000006   Code   RO         6925    .text               c_w.l(heapauxi.o)
    0x00000404   0x00000016   Code   RO         7008    .text               c_w.l(_rserrno.o)
    0x0000041a   0x00000002   PAD
    0x0000041c   0x00000008   Code   RO         7106    .text               c_w.l(rt_errno_addr_intlibspace.o)
    0x00000424   0x00000008   Code   RO         7114    .text               c_w.l(libspace.o)
    0x0000042c   0x0000004a   Code   RO         7117    .text               c_w.l(sys_stackheap_outer.o)
    0x00000476   0x0000000c   Code   RO         7119    .text               c_w.l(exit.o)
    0x00000482   0x00000002   PAD
    0x00000484   0x0000000c   Code   RO         7185    .text               c_w.l(sys_exit.o)
    0x00000490   0x00000002   Code   RO         7196    .text               c_w.l(use_no_semi.o)
    0x00000492   0x00000000   Code   RO         7198    .text               c_w.l(indicate_semi.o)
    0x00000492   0x00000002   PAD
    0x00000494   0x00000070   Code   RO         6219    i.ButtonsInit       buttons.o
    0x00000504   0x000000a8   Code   RO         6220    i.ButtonsPoll       buttons.o
    0x000005ac   0x000000b8   Code   RO            1    i.ConfigureUART     main.o
    0x00000664   0x000000d0   Code   RO         6712    i.Data_Receive_Anl  send_data.o
    0x00000734   0x000000e8   Code   RO         6713    i.Data_Receive_Prepare  send_data.o
    0x0000081c   0x00000044   Code   RO         1041    i.EEPROMInit        eeprom.o
    0x00000860   0x000000d0   Code   RO         1047    i.EEPROMProgram     eeprom.o
    0x00000930   0x00000038   Code   RO         1049    i.EEPROMRead        eeprom.o
    0x00000968   0x00000032   Code   RO         2077    i.GPIODirModeSet    gpio.o
    0x0000099a   0x00000156   Code   RO         2089    i.GPIOPadConfigSet  gpio.o
    0x00000af0   0x00000050   Code   RO         2090    i.GPIOPinConfigure  gpio.o
    0x00000b40   0x0000000c   Code   RO         2091    i.GPIOPinRead       gpio.o
    0x00000b4c   0x0000001e   Code   RO         2111    i.GPIOPinTypeTimer  gpio.o
    0x00000b6a   0x0000000a   Code   RO         2119    i.GPIOPinWrite      gpio.o
    0x00000b74   0x0000006c   Code   RO         6570    i.Get_Attitude      imu.o
    0x00000be0   0x000000f0   Code   RO         6670    i.HMC5883L_Save_Calib  hmc5883l.o
    0x00000cd0   0x00000144   Code   RO         6671    i.HMC5883L_Start_Calib  hmc5883l.o
    0x00000e14   0x0000003e   Code   RO         6242    i.IIC_ADD_read      iic.o
    0x00000e52   0x00000036   Code   RO         6243    i.IIC_ADD_write     iic.o
    0x00000e88   0x00000052   Code   RO         6244    i.IIC_Ack           iic.o
    0x00000eda   0x00000002   PAD
    0x00000edc   0x00000064   Code   RO         6245    i.IIC_Init          iic.o
    0x00000f40   0x00000052   Code   RO         6246    i.IIC_NAck          iic.o
    0x00000f92   0x00000066   Code   RO         6248    i.IIC_Read_Byte     iic.o
    0x00000ff8   0x00000078   Code   RO         6250    i.IIC_Send_Byte     iic.o
    0x00001070   0x0000006a   Code   RO         6251    i.IIC_Start         iic.o
    0x000010da   0x00000052   Code   RO         6252    i.IIC_Stop          iic.o
    0x0000112c   0x00000094   Code   RO         6253    i.IIC_Wait_Ack      iic.o
    0x000011c0   0x00000840   Code   RO         6571    i.IMUupdate         imu.o
    0x00001a00   0x00000046   Code   RO         6672    i.Init_HMC5883L     hmc5883l.o
    0x00001a46   0x00000002   PAD
    0x00001a48   0x00000074   Code   RO         3056    i.IntEnable         interrupt.o
    0x00001abc   0x00000010   Code   RO         3059    i.IntMasterEnable   interrupt.o
    0x00001acc   0x0000001c   Code   RO         3064    i.IntPriorityGroupingSet  interrupt.o
    0x00001ae8   0x00000034   Code   RO         3067    i.IntPrioritySet    interrupt.o
    0x00001b1c   0x0000003c   Code   RO         3068    i.IntRegister       interrupt.o
    0x00001b58   0x0000006c   Code   RO         6428    i.KalmanFilter_x    mpu6050.o
    0x00001bc4   0x0000006c   Code   RO         6429    i.KalmanFilter_y    mpu6050.o
    0x00001c30   0x0000006c   Code   RO         6430    i.KalmanFilter_z    mpu6050.o
    0x00001c9c   0x00000016   Code   RO         6498    i.LPF_1st           algorithm_filter.o
    0x00001cb2   0x00000002   PAD
    0x00001cb4   0x000000d8   Code   RO         6431    i.MPU_Acc_Offset    mpu6050.o
    0x00001d8c   0x000000f0   Code   RO         6432    i.MPU_Gyro_Offset   mpu6050.o
    0x00001e7c   0x00000062   Code   RO         6433    i.MPU_Init          mpu6050.o
    0x00001ede   0x00000002   PAD
    0x00001ee0   0x00000098   Code   RO         6434    i.MPU_Read          mpu6050.o
    0x00001f78   0x000001a8   Code   RO         6435    i.MPU_Updata        mpu6050.o
    0x00002120   0x00000154   Code   RO         6673    i.Multiple_Read_HMC5883L  hmc5883l.o
    0x00002274   0x0000003a   Code   RO         6338    i.OLED_Fill         oled.o
    0x000022ae   0x000000c4   Code   RO         6339    i.OLED_Init         oled.o
    0x00002372   0x00000002   PAD
    0x00002374   0x00000064   Code   RO         6340    i.OLED_P6x8Str      oled.o
    0x000023d8   0x000000f4   Code   RO         6341    i.OLED_P6x8data     oled.o
    0x000024cc   0x00000028   Code   RO         6343    i.OLED_Set_Pos      oled.o
    0x000024f4   0x00000010   Code   RO         6344    i.OLED_WrCmd        oled.o
    0x00002504   0x00000010   Code   RO         6345    i.OLED_WrDat        oled.o
    0x00002514   0x00000150   Code   RO         6436    i.Prepare_Data      mpu6050.o
    0x00002664   0x000000cc   Code   RO         6885    i.RC_init           rc_input.o
    0x00002730   0x00000098   Code   RO         6153    i.RGBColorSet       rgb.o
    0x000027c8   0x000000d0   Code   RO         6155    i.RGBEnable         rgb.o
    0x00002898   0x0000010c   Code   RO         6156    i.RGBInit           rgb.o
    0x000029a4   0x00000024   Code   RO         6157    i.RGBIntensitySet   rgb.o
    0x000029c8   0x00000068   Code   RO         6714    i.Send_Check        send_data.o
    0x00002a30   0x0000016c   Code   RO         4225    i.SysCtlClockGet    sysctl.o
    0x00002b9c   0x00000034   Code   RO         4256    i.SysCtlPeripheralEnable  sysctl.o
    0x00002bd0   0x00000038   Code   RO         4260    i.SysCtlPeripheralReady  sysctl.o
    0x00002c08   0x00000070   Code   RO         4261    i.SysCtlPeripheralReset  sysctl.o
    0x00002c78   0x00000012   Code   RO         4625    i.SysTickEnable     systick.o
    0x00002c8a   0x00000012   Code   RO         4627    i.SysTickIntEnable  systick.o
    0x00002c9c   0x0000005c   Code   RO         6531    i.SysTickIntHandler  timer_config.o
    0x00002cf8   0x0000000a   Code   RO         4631    i.SysTickPeriodSet  systick.o
    0x00002d02   0x00000002   PAD
    0x00002d04   0x0000002c   Code   RO         6532    i.Timer1AIntHandler  timer_config.o
    0x00002d30   0x00000060   Code   RO         4691    i.TimerConfigure    timer.o
    0x00002d90   0x00000016   Code   RO         4692    i.TimerControlEvent  timer.o
    0x00002da6   0x0000000e   Code   RO         4700    i.TimerEnable       timer.o
    0x00002db4   0x00000004   Code   RO         4701    i.TimerIntClear     timer.o
    0x00002db8   0x00000008   Code   RO         4703    i.TimerIntEnable    timer.o
    0x00002dc0   0x00000026   Code   RO         4704    i.TimerIntRegister  timer.o
    0x00002de6   0x0000000c   Code   RO         4705    i.TimerIntStatus    timer.o
    0x00002df2   0x00000010   Code   RO         4709    i.TimerLoadSet      timer.o
    0x00002e02   0x00000010   Code   RO         4713    i.TimerMatchSet     timer.o
    0x00002e12   0x0000000e   Code   RO         4723    i.TimerValueGet     timer.o
    0x00002e20   0x00000068   Code   RO         6533    i.Timer_1_A_init    timer_config.o
    0x00002e88   0x00000014   Code   RO         4941    i.UARTCharGetNonBlocking  uart.o
    0x00002e9c   0x00000010   Code   RO         4942    i.UARTCharPut       uart.o
    0x00002eac   0x00000014   Code   RO         4943    i.UARTCharPutNonBlocking  uart.o
    0x00002ec0   0x0000000c   Code   RO         4944    i.UARTCharsAvail    uart.o
    0x00002ecc   0x00000004   Code   RO         4961    i.UARTIntClear      uart.o
    0x00002ed0   0x0000000c   Code   RO         4965    i.UARTIntStatus     uart.o
    0x00002edc   0x00000028   Code   RO            2    i.UARTSend          main.o
    0x00002f04   0x00000044   Code   RO            3    i.UART_0_IntHandler  main.o
    0x00002f48   0x0000014c   Code   RO         6887    i.WTimer2IntHandler  rc_input.o
    0x00003094   0x00000038   Code   RO         1052    i._EEPROMSectorMaskClear  eeprom.o
    0x000030cc   0x00000040   Code   RO         1053    i._EEPROMSectorMaskSet  eeprom.o
    0x0000310c   0x00000014   Code   RO         1054    i._EEPROMWaitForDone  eeprom.o
    0x00003120   0x00000058   Code   RO         4725    i._TimerIntNumberGet  timer.o
    0x00003178   0x00000026   Code   RO         7059    i.__ARM_fpclassifyf  m_wm.l(fpclassifyf.o)
    0x0000319e   0x00000002   PAD
    0x000031a0   0x0000012c   Code   RO         6959    i.__hardfp_asinf    m_wm.l(asinf.o)
    0x000032cc   0x00000250   Code   RO         6983    i.__hardfp_atan2f   m_wm.l(atan2f.o)
    0x0000351c   0x0000007a   Code   RO         6995    i.__hardfp_sqrt     m_wm.l(sqrt.o)
    0x00003596   0x00000006   Code   RO         7062    i.__mathlib_flt_infnan  m_wm.l(funder.o)
    0x0000359c   0x00000006   Code   RO         7063    i.__mathlib_flt_infnan2  m_wm.l(funder.o)
    0x000035a2   0x00000002   PAD
    0x000035a4   0x00000010   Code   RO         7064    i.__mathlib_flt_invalid  m_wm.l(funder.o)
    0x000035b4   0x00000010   Code   RO         7067    i.__mathlib_flt_underflow  m_wm.l(funder.o)
    0x000035c4   0x0000001c   Code   RO         6254    i.delay_ms          iic.o
    0x000035e0   0x00000020   Code   RO         6255    i.delay_us          iic.o
    0x00003600   0x00000024   Code   RO         6848    i.e2prom_init       e2prom.o
    0x00003624   0x0000003c   Code   RO         6573    i.invSqrt           imu.o
    0x00003660   0x000000e8   Code   RO            4    i.main              main.o
    0x00003748   0x00000128   Code   RO         6826    i.motor_init        motor.o
    0x00003870   0x00000038   Code   RO         6346    i.oled_dis_data     oled.o
    0x000038a8   0x0000004c   Code   RO         6347    i.oled_dis_str      oled.o
    0x000038f4   0x0000007c   Code   RO         6849    i.read_Acc_Gyro_offest  e2prom.o
    0x00003970   0x00000050   Code   RO         6674    i.read_HMC5883L     hmc5883l.o
    0x000039c0   0x00000180   Code   RO         6716    i.sand_ACC_GYRO_data  send_data.o
    0x00003b40   0x00000110   Code   RO         6719    i.sand_IMU_data     send_data.o
    0x00003c50   0x00000002   Code   RO         6721    i.sand_PID_3_data   send_data.o
    0x00003c52   0x00000002   Code   RO         6725    i.sand_PID_core_data  send_data.o
    0x00003c54   0x00000002   Code   RO         6726    i.sand_PID_shell_data  send_data.o
    0x00003c56   0x00000002   PAD
    0x00003c58   0x00000074   Code   RO         6850    i.save_Acc_Gyro_offest  e2prom.o
    0x00003ccc   0x0000003e   Code   RO         7078    i.sqrtf             m_wm.l(sqrtf.o)
    0x00003d0a   0x0000001c   Code   RO         6534    i.systick_init      timer_config.o
    0x00003d26   0x00000002   PAD
    0x00003d28   0x00000062   Code   RO         6929    x$fpl$d2f           fz_wm.l(d2f.o)
    0x00003d8a   0x00000002   PAD
    0x00003d8c   0x00000150   Code   RO         6931    x$fpl$dadd          fz_wm.l(daddsub_clz.o)
    0x00003edc   0x000002b0   Code   RO         6938    x$fpl$ddiv          fz_wm.l(ddiv.o)
    0x0000418c   0x0000005a   Code   RO         6941    x$fpl$dfixu         fz_wm.l(dfixu.o)
    0x000041e6   0x00000026   Code   RO         6945    x$fpl$dfltu         fz_wm.l(dflt_clz.o)
    0x0000420c   0x00000154   Code   RO         6951    x$fpl$dmul          fz_wm.l(dmul.o)
    0x00004360   0x0000009c   Code   RO         7014    x$fpl$dnaninf       fz_wm.l(dnaninf.o)
    0x000043fc   0x0000000c   Code   RO         7016    x$fpl$dretinf       fz_wm.l(dretinf.o)
    0x00004408   0x00000198   Code   RO         7018    x$fpl$dsqrt         fz_wm.l(dsqrt_umaal.o)
    0x000045a0   0x000001d4   Code   RO         6933    x$fpl$dsub          fz_wm.l(daddsub_clz.o)
    0x00004774   0x00000056   Code   RO         6953    x$fpl$f2d           fz_wm.l(f2d.o)
    0x000047ca   0x0000008c   Code   RO         7020    x$fpl$fnaninf       fz_wm.l(fnaninf.o)
    0x00004856   0x0000000a   Code   RO         7183    x$fpl$fpinit        fz_wm.l(fpinit.o)
    0x00004860   0x0000000a   Code   RO         7022    x$fpl$fretinf       fz_wm.l(fretinf.o)
    0x0000486a   0x00000000   Code   RO         7024    x$fpl$usenofp       fz_wm.l(usenofp.o)
    0x0000486a   0x00000002   PAD
    0x0000486c   0x00000228   Data   RO         2121    .constdata          gpio.o
    0x00004a94   0x0000010c   Data   RO         3072    .constdata          interrupt.o
    0x00004ba0   0x00000254   Data   RO         4280    .constdata          sysctl.o
    0x00004df4   0x000000a0   Data   RO         4726    .constdata          timer.o
    0x00004e94   0x00000818   Data   RO         6348    .constdata          oled.o
    0x000056ac   0x00000020   Data   RO         7250    Region$$Table       anon$$obj.o


    Execution Region RW_IRAM1 (Base: 0x20000000, Size: 0x00000b00, Max: 0x00008000, ABSOLUTE, COMPRESSED[0x00000054])

    Base Addr    Size         Type   Attr      Idx    E Section Name        Object

    0x20000000   0x00000008   Data   RW         6160    .data               rgb.o
    0x20000008   0x00000003   Data   RW         6221    .data               buttons.o
    0x2000000b   0x00000005   PAD
    0x20000010   0x0000008c   Data   RW         6438    .data               mpu6050.o
    0x2000009c   0x00000009   Data   RW         6535    .data               timer_config.o
    0x200000a5   0x00000003   PAD
    0x200000a8   0x00000034   Data   RW         6575    .data               imu.o
    0x200000dc   0x00000057   Data   RW         6676    .data               hmc5883l.o
    0x20000133   0x00000001   PAD
    0x20000134   0x00000005   Data   RW         6729    .data               send_data.o
    0x20000139   0x00000003   PAD
    0x2000013c   0x00000034   Data   RW         6889    .data               rc_input.o
    0x20000170   0x00000290   PAD
    0x20000400   0x0000026c   Data   RW         3073    vtable              interrupt.o
    0x2000066c   0x0000000c   Zero   RW         6159    .bss                rgb.o
    0x20000678   0x00000298   Zero   RW         6437    .bss                mpu6050.o
    0x20000910   0x0000000c   Zero   RW         6574    .bss                imu.o
    0x2000091c   0x0000003c   Zero   RW         6675    .bss                hmc5883l.o
    0x20000958   0x00000042   Zero   RW         6728    .bss                send_data.o
    0x2000099a   0x00000002   PAD
    0x2000099c   0x00000060   Zero   RW         7115    .bss                c_w.l(libspace.o)
    0x200009fc   0x00000004   PAD
    0x20000a00   0x00000000   Zero   RW          136    HEAP                startup_rvmdk.o
    0x20000a00   0x00000100   Zero   RW          135    STACK               startup_rvmdk.o


==============================================================================

Image component sizes


      Code (inc. data)   RO Data    RW Data    ZI Data      Debug   Object Name

        22          0          0          0          0        658   algorithm_filter.o
       280         36          0          3          0       1888   buttons.o
        38          0          0          0          0        552   cpu.o
       276         14          0          0          0       1588   e2prom.o
       472         50          0          0          0       4254   eeprom.o
       524         10        552          0          0       4515   gpio.o
      1054        194          0         87         60       4811   hmc5883l.o
       998         12          0          0          0       6535   iic.o
      2280         80          0         52         12       3478   imu.o
       272         34        268        620          0       3678   interrupt.o
       524         64          0          0          0       8118   main.o
       296         40          0          0          0        617   motor.o
      1790        122          0        140        664       9585   mpu6050.o
       802         50       2072          0          0       5776   oled.o
       536         70          0         52          0       2171   rc_input.o
       664         80          0          8         12       3415   rgb.o
      1206         62          0          5         66       5909   send_data.o
       672        636          0          0        256        476   startup_rvmdk.o
       590         56        596          0          0       4370   sysctl.o
        46          0          0          0          0       1366   systick.o
       328         32        160          0          0       7219   timer.o
       268         34          0          9          0       3072   timer_config.o
        84          0          0          0          0       3264   uart.o

    ----------------------------------------------------------------------
     14042       1676       3680       1644       1072      87315   Object Totals
         0          0         32          0          0          0   (incl. Generated)
        20          0          0        668          2          0   (incl. Padding)

    ----------------------------------------------------------------------

      Code (inc. data)   RO Data    RW Data    ZI Data      Debug   Library Member Name

        90          0          0          0          0          0   __dczerorl2.o
         8          0          0          0          0         68   __main.o
         0          0          0          0          0          0   __rtentry.o
        12          0          0          0          0          0   __rtentry2.o
         6          0          0          0          0          0   __rtentry4.o
        52          8          0          0          0          0   __scatter.o
        28          0          0          0          0          0   __scatter_zi.o
        22          0          0          0          0        100   _rserrno.o
        12          0          0          0          0         72   exit.o
         6          0          0          0          0        152   heapauxi.o
         0          0          0          0          0          0   indicate_semi.o
         2          0          0          0          0          0   libinit.o
         6          0          0          0          0          0   libinit2.o
         2          0          0          0          0          0   libshutdown.o
         2          0          0          0          0          0   libshutdown2.o
         8          4          0          0         96         68   libspace.o
         8          4          0          0          0         68   rt_errno_addr_intlibspace.o
        78          0          0          0          0         80   rt_memclr_w.o
         2          0          0          0          0          0   rtexit.o
        10          0          0          0          0          0   rtexit2.o
        12          4          0          0          0         68   sys_exit.o
        74          0          0          0          0         80   sys_stackheap_outer.o
         2          0          0          0          0         68   use_no_semi.o
        98          4          0          0          0        140   d2f.o
       804         16          0          0          0        368   daddsub_clz.o
       688        140          0          0          0        256   ddiv.o
        90          4          0          0          0        140   dfixu.o
        38          0          0          0          0        116   dflt_clz.o
       340         12          0          0          0        152   dmul.o
       156          4          0          0          0        140   dnaninf.o
        12          0          0          0          0        116   dretinf.o
       408         56          0          0          0        168   dsqrt_umaal.o
        86          4          0          0          0        132   f2d.o
       140          4          0          0          0        132   fnaninf.o
        10          0          0          0          0        116   fpinit.o
        10          0          0          0          0        116   fretinf.o
         0          0          0          0          0          0   usenofp.o
       300         42          0          0          0        176   asinf.o
       592         90          0          0          0        184   atan2f.o
        38          0          0          0          0        116   fpclassifyf.o
        44         12          0          0          0        464   funder.o
       122          0          0          0          0        148   sqrt.o
        62          0          0          0          0        136   sqrtf.o

    ----------------------------------------------------------------------
      4498        408          0          0        100       4140   Library Totals
        18          0          0          0          4          0   (incl. Padding)

    ----------------------------------------------------------------------

      Code (inc. data)   RO Data    RW Data    ZI Data      Debug   Library Name

       442         20          0          0         96        824   c_w.l
      2880        244          0          0          0       2092   fz_wm.l
      1158        144          0          0          0       1224   m_wm.l

    ----------------------------------------------------------------------
      4498        408          0          0        100       4140   Library Totals

    ----------------------------------------------------------------------

==============================================================================


      Code (inc. data)   RO Data    RW Data    ZI Data      Debug   

     18540       2084       3680       1644       1172      78843   Grand Totals
     18540       2084       3680         84       1172      78843   ELF Image Totals (compressed)
     18540       2084       3680         84          0          0   ROM Totals

==============================================================================

    Total RO  Size (Code + RO Data)                22220 (  21.70kB)
    Total RW  Size (RW Data + ZI Data)              2816 (   2.75kB)
    Total ROM Size (Code + RO Data + RW Data)      22304 (  21.78kB)

==============================================================================

