<html>
<body>
<pre>
<h1>µVision Build Log</h1>
<h2>Tool Versions:</h2>
IDE-Version: ¦ÌVision V5.14.0.0
Copyright (C) 2015 ARM Ltd and ARM Germany GmbH. All rights reserved.
License Information: ti 20607, rfgyuhj, LIC=EPP8T-R3S85-9X4UW-Q58UG-13VTV-UCM1K
 
Tool Versions:
Toolchain:       MDK-ARM Professional  Version: 5.14.0.0
Toolchain Path:  D:\Keil_v5\ARM\ARMCC\Bin
C Compiler:      Armcc.exe V5.05 update 1 (build 106)
Assembler:       Armasm.exe V5.05 update 1 (build 106)
Linker/Locator:  ArmLink.exe V5.05 update 1 (build 106)
Library Manager: ArmAr.exe V5.05 update 1 (build 106)
Hex Converter:   FromElf.exe V5.05 update 1 (build 106)
CPU DLL:         SARMCM3.DLL V5.14.0.0
Dialog DLL:      DCM.DLL V1.13.1.0
Target DLL:      lmidk-agdi.dll V???
Dialog DLL:      TCM.DLL V1.14.4.0
 
<h2>Project:</h2>
G:\Keil\TI TM4C\eeprom\Demo.uvprojx
Project File Date:  07/29/2018

<h2>Output:</h2>
Build target 'Target 1'
compiling main.c...
inc/hw_eeprom.h(238): warning:  #47-D: incompatible redefinition of macro "EEPROM_PP_SIZE_M" (declared at line 8894 of ".\inc\tm4c123gh6pm.h")
  #define EEPROM_PP_SIZE_M        0x0000FFFF  // EEPROM Size
main.c(140): warning:  #167-D: argument of type "unsigned long *" is incompatible with parameter of type "volatile uint32_t *"
      RGBColorSet(ulColors);
main.c(197): warning:  #167-D: argument of type "int *" is incompatible with parameter of type "uint32_t *"
              EEPROMRead(&eeprom_read_data,0x00,sizeof(eeprom_read_data));
main.c(202): warning:  #111-D: statement is unreachable
      return 0;
main.c(107): warning:  #177-D: variable "PWM_data" was declared but never referenced
      int PWM_data = 5000 ;
main.c(108): warning:  #177-D: variable "ulPrevCount" was declared but never referenced
      unsigned long ulPrevCount = 0;
main.c(110): warning:  #177-D: variable "eeprom_write_buf" was declared but never referenced
      int eeprom_write_buf[2] = {0x55,0x33};
main.c: 7 warnings, 0 errors
linking...
Program Size: Code=5316 RO-data=3300 RW-data=20 ZI-data=364  
".\Objects\Demo.axf" - 0 Error(s), 7 Warning(s).

<h2>Collection of Component include folders:</h2>
  G:\Keil\TI TM4C\eeprom\RTE
  D:\Keil_v5\ARM\PACK\Keil\TM4C_DFP\1.1.0

<h2>Collection of Component Files used:</h2>
</pre>
</body>
</html>
