Component: ARM Compiler 5.05 update 1 (build 106) Tool: armlink [4d0efa]

==============================================================================

Section Cross References

    main.o(i.ConfigureUART) refers to uart.o(i.UARTClockSourceSet) for UARTClockSourceSet
    main.o(i.ConfigureUART) refers to uartstdio.o(i.UARTStdioConfig) for UARTStdioConfig
    main.o(i.ConfigureUART) refers to main.o(i.UARTSend) for UARTSend
    main.o(i.Timer3IntHandler) refers to timer.o(i.TimerIntStatus) for TimerIntStatus
    main.o(i.Timer3IntHandler) refers to timer.o(i.TimerIntClear) for TimerIntClear
    main.o(i.Timer3IntHandler) refers to timer.o(i.TimerValueGet) for TimerValueGet
    main.o(i.Timer3IntHandler) refers to uartstdio.o(i.UARTprintf) for UARTprintf
    main.o(i.Timer3_init) refers to sysctl.o(i.SysCtlPeripheralEnable) for SysCtlPeripheralEnable
    main.o(i.Timer4IntHandler) refers to main.o(i.UARTSend) for UARTSend
    main.o(i.WTimer0BIntHandler) refers to timer.o(i.TimerIntClear) for TimerIntClear
    main.o(i.WTimer0BIntHandler) refers to main.o(.data) for .data
    main.o(i.main) refers to buttons.o(i.ButtonsInit) for ButtonsInit
    main.o(i.main) refers to main.o(i.ConfigureUART) for ConfigureUART
    main.o(i.main) refers to uartstdio.o(i.UARTprintf) for UARTprintf
    main.o(i.main) refers to main.o(i.Timer3_init) for Timer3_init
    main.o(i.main) refers to buttons.o(i.ButtonsPoll) for ButtonsPoll
    main.o(i.main) refers to sysctl.o(i.SysCtlClockGet) for SysCtlClockGet
    startup_rvmdk.o(STACK) refers (Special) to heapauxi.o(.text) for __use_two_region_memory
    startup_rvmdk.o(HEAP) refers (Special) to heapauxi.o(.text) for __use_two_region_memory
    startup_rvmdk.o(RESET) refers (Special) to heapauxi.o(.text) for __use_two_region_memory
    startup_rvmdk.o(RESET) refers to startup_rvmdk.o(STACK) for StackMem
    startup_rvmdk.o(RESET) refers to __main.o(!!!main) for __main
    startup_rvmdk.o(.text) refers (Special) to heapauxi.o(.text) for __use_two_region_memory
    startup_rvmdk.o(.text) refers to startup_rvmdk.o(HEAP) for HeapMem
    startup_rvmdk.o(.text) refers to startup_rvmdk.o(STACK) for StackMem
    uartstdio.o(i.UARTStdioConfig) refers to uartstdio.o(.constdata) for .constdata
    uartstdio.o(i.UARTStdioConfig) refers to uartstdio.o(.data) for .data
    uartstdio.o(i.UARTgetc) refers to uartstdio.o(.data) for .data
    uartstdio.o(i.UARTgets) refers to uartstdio.o(i.UARTwrite) for UARTwrite
    uartstdio.o(i.UARTgets) refers to uartstdio.o(.data) for .data
    uartstdio.o(i.UARTprintf) refers to uartstdio.o(i.UARTvprintf) for UARTvprintf
    uartstdio.o(i.UARTvprintf) refers to uartstdio.o(i.UARTwrite) for UARTwrite
    uartstdio.o(i.UARTvprintf) refers to uartstdio.o(.constdata) for .constdata
    uartstdio.o(i.UARTwrite) refers to uartstdio.o(.data) for .data
    uartstdio.o(.constdata) refers to uartstdio.o(.conststring) for .conststring
    adc.o(i.ADCIntRegister) refers to adc.o(i._ADCIntNumberGet) for _ADCIntNumberGet
    adc.o(i.ADCIntRegister) refers to interrupt.o(i.IntRegister) for IntRegister
    adc.o(i.ADCIntRegister) refers to interrupt.o(i.IntEnable) for IntEnable
    adc.o(i.ADCIntUnregister) refers to adc.o(i._ADCIntNumberGet) for _ADCIntNumberGet
    adc.o(i.ADCIntUnregister) refers to interrupt.o(i.IntDisable) for IntDisable
    adc.o(i.ADCIntUnregister) refers to interrupt.o(i.IntUnregister) for IntUnregister
    adc.o(i.ADCSoftwareOversampleConfigure) refers to adc.o(.data) for .data
    adc.o(i.ADCSoftwareOversampleDataGet) refers to adc.o(.data) for .data
    adc.o(i.ADCSoftwareOversampleStepConfigure) refers to adc.o(.data) for .data
    aes.o(i.AESDataAuth) refers to aes.o(i.AESLengthSet) for AESLengthSet
    aes.o(i.AESDataAuth) refers to aes.o(i.AESDataWrite) for AESDataWrite
    aes.o(i.AESDataAuth) refers to aes.o(i.AESTagRead) for AESTagRead
    aes.o(i.AESDataProcess) refers to aes.o(i.AESLengthSet) for AESLengthSet
    aes.o(i.AESDataProcess) refers to aes.o(i.AESDataWrite) for AESDataWrite
    aes.o(i.AESDataProcess) refers to aes.o(i.AESDataRead) for AESDataRead
    aes.o(i.AESDataProcessAuth) refers to aes.o(i.AESLengthSet) for AESLengthSet
    aes.o(i.AESDataProcessAuth) refers to aes.o(i.AESDataWrite) for AESDataWrite
    aes.o(i.AESDataProcessAuth) refers to aes.o(i.AESDataRead) for AESDataRead
    aes.o(i.AESDataProcessAuth) refers to aes.o(i.AESTagRead) for AESTagRead
    aes.o(i.AESIntRegister) refers to interrupt.o(i.IntRegister) for IntRegister
    aes.o(i.AESIntRegister) refers to interrupt.o(i.IntEnable) for IntEnable
    aes.o(i.AESIntUnregister) refers to interrupt.o(i.IntDisable) for IntDisable
    aes.o(i.AESIntUnregister) refers to interrupt.o(i.IntUnregister) for IntUnregister
    can.o(i.CANBitRateSet) refers to can.o(.constdata) for .constdata
    can.o(i.CANIntRegister) refers to can.o(i._CANIntNumberGet) for _CANIntNumberGet
    can.o(i.CANIntRegister) refers to interrupt.o(i.IntRegister) for IntRegister
[...]
    Removing uartstdio.o(i.UARTgetc), (24 bytes).
    Removing uartstdio.o(i.UARTgets), (132 bytes).
    Removing adc.o(i.ADCBusy), (8 bytes).
    Removing adc.o(i.ADCClockConfigGet), (32 bytes).
    Removing adc.o(i.ADCClockConfigSet), (28 bytes).
    Removing adc.o(i.ADCComparatorConfigure), (10 bytes).
    Removing adc.o(i.ADCComparatorIntClear), (4 bytes).
    Removing adc.o(i.ADCComparatorIntDisable), (14 bytes).
    Removing adc.o(i.ADCComparatorIntEnable), (14 bytes).
    Removing adc.o(i.ADCComparatorIntStatus), (4 bytes).
    Removing adc.o(i.ADCComparatorRegionSet), (14 bytes).
    Removing adc.o(i.ADCComparatorReset), (28 bytes).
    Removing adc.o(i.ADCHardwareOversampleConfigure), (18 bytes).
    Removing adc.o(i.ADCIntClear), (8 bytes).
    Removing adc.o(i.ADCIntClearEx), (4 bytes).
    Removing adc.o(i.ADCIntDisable), (12 bytes).
    Removing adc.o(i.ADCIntDisableEx), (8 bytes).
    Removing adc.o(i.ADCIntEnable), (14 bytes).
    Removing adc.o(i.ADCIntEnableEx), (8 bytes).
    Removing adc.o(i.ADCIntRegister), (26 bytes).
    Removing adc.o(i.ADCIntStatus), (44 bytes).
    Removing adc.o(i.ADCIntStatusEx), (18 bytes).
    Removing adc.o(i.ADCIntUnregister), (22 bytes).
    Removing adc.o(i.ADCPhaseDelayGet), (4 bytes).
    Removing adc.o(i.ADCPhaseDelaySet), (4 bytes).
    Removing adc.o(i.ADCProcessorTrigger), (22 bytes).
    Removing adc.o(i.ADCReferenceGet), (8 bytes).
    Removing adc.o(i.ADCReferenceSet), (12 bytes).
    Removing adc.o(i.ADCSequenceConfigure), (68 bytes).
    Removing adc.o(i.ADCSequenceDMADisable), (14 bytes).
    Removing adc.o(i.ADCSequenceDMAEnable), (14 bytes).
    Removing adc.o(i.ADCSequenceDataGet), (28 bytes).
    Removing adc.o(i.ADCSequenceDisable), (12 bytes).
    Removing adc.o(i.ADCSequenceEnable), (12 bytes).
    Removing adc.o(i.ADCSequenceOverflow), (10 bytes).
    Removing adc.o(i.ADCSequenceOverflowClear), (8 bytes).
    Removing adc.o(i.ADCSequenceStepConfigure), (112 bytes).
    Removing adc.o(i.ADCSequenceUnderflow), (10 bytes).
    Removing adc.o(i.ADCSequenceUnderflowClear), (8 bytes).
    Removing adc.o(i.ADCSoftwareOversampleConfigure), (48 bytes).
    Removing adc.o(i.ADCSoftwareOversampleDataGet), (76 bytes).
    Removing adc.o(i.ADCSoftwareOversampleStepConfigure), (128 bytes).
    Removing adc.o(i._ADCIntNumberGet), (80 bytes).
    Removing adc.o(.data), (6 bytes).
    Removing aes.o(i.AESAuthLengthSet), (4 bytes).
    Removing aes.o(i.AESConfigSet), (14 bytes).
    Removing aes.o(i.AESDMADisable), (10 bytes).
    Removing aes.o(i.AESDMAEnable), (10 bytes).
    Removing aes.o(i.AESDataAuth), (50 bytes).
    Removing aes.o(i.AESDataProcess), (64 bytes).
    Removing aes.o(i.AESDataProcessAuth), (98 bytes).
    Removing aes.o(i.AESDataRead), (24 bytes).
    Removing aes.o(i.AESDataReadNonBlocking), (30 bytes).
    Removing aes.o(i.AESDataWrite), (24 bytes).
    Removing aes.o(i.AESDataWriteNonBlocking), (30 bytes).
    Removing aes.o(i.AESIVRead), (24 bytes).
    Removing aes.o(i.AESIVSet), (18 bytes).
    Removing aes.o(i.AESIntClear), (28 bytes).
    Removing aes.o(i.AESIntDisable), (44 bytes).
    Removing aes.o(i.AESIntEnable), (44 bytes).
    Removing aes.o(i.AESIntRegister), (18 bytes).
    Removing aes.o(i.AESIntStatus), (68 bytes).
    Removing aes.o(i.AESIntUnregister), (18 bytes).
    Removing aes.o(i.AESKey1Set), (42 bytes).
    Removing aes.o(i.AESKey2Set), (42 bytes).
    Removing aes.o(i.AESKey3Set), (18 bytes).
    Removing aes.o(i.AESLengthSet), (6 bytes).
    Removing aes.o(i.AESReset), (22 bytes).
    Removing aes.o(i.AESTagRead), (24 bytes).
    Removing can.o(i.CANBitRateSet), (104 bytes).
    Removing can.o(i.CANBitTimingGet), (42 bytes).
    Removing can.o(i.CANBitTimingSet), (84 bytes).
    Removing can.o(i.CANDisable), (10 bytes).
    Removing can.o(i.CANEnable), (10 bytes).
    Removing can.o(i.CANErrCntrGet), (24 bytes).
    Removing can.o(i.CANInit), (60 bytes).
    Removing can.o(i.CANIntClear), (34 bytes).
    Removing can.o(i.CANIntDisable), (8 bytes).
    Removing can.o(i.CANIntEnable), (8 bytes).
    Removing can.o(i.CANIntRegister), (26 bytes).
    Removing can.o(i.CANIntStatus), (30 bytes).
    Removing can.o(i.CANIntUnregister), (22 bytes).
    Removing can.o(i.CANMessageClear), (24 bytes).
    Removing can.o(i.CANMessageGet), (318 bytes).
    Removing can.o(i.CANMessageSet), (340 bytes).
    Removing can.o(i.CANRetryGet), (14 bytes).
    Removing can.o(i.CANRetrySet), (18 bytes).
    Removing can.o(i.CANStatusGet), (64 bytes).
    Removing can.o(i._CANIntNumberGet), (88 bytes).
    Removing can.o(.constdata), (32 bytes).
    Removing comp.o(i.ComparatorConfigure), (8 bytes).
    Removing comp.o(i.ComparatorIntClear), (8 bytes).
    Removing comp.o(i.ComparatorIntDisable), (12 bytes).
    Removing comp.o(i.ComparatorIntEnable), (12 bytes).
    Removing comp.o(i.ComparatorIntRegister), (36 bytes).
    Removing comp.o(i.ComparatorIntStatus), (16 bytes).
    Removing comp.o(i.ComparatorIntUnregister), (32 bytes).
    Removing comp.o(i.ComparatorRefSet), (4 bytes).
    Removing comp.o(i.ComparatorValueGet), (18 bytes).
    Removing cpu.o(.emb_text), (38 bytes).
    Removing crc.o(i.CRCConfigSet), (6 bytes).
    Removing crc.o(i.CRCDataProcess), (44 bytes).
    Removing crc.o(i.CRCDataWrite), (6 bytes).
    Removing crc.o(i.CRCResultRead), (14 bytes).
    Removing crc.o(i.CRCSeedSet), (6 bytes).
    Removing des.o(i.DESConfigSet), (12 bytes).
    Removing des.o(i.DESDMADisable), (8 bytes).
    Removing des.o(i.DESDMAEnable), (8 bytes).
    Removing des.o(i.DESDataProcess), (58 bytes).
    Removing des.o(i.DESDataRead), (24 bytes).
    Removing des.o(i.DESDataReadNonBlocking), (24 bytes).
    Removing des.o(i.DESDataWrite), (24 bytes).
    Removing des.o(i.DESDataWriteNonBlocking), (28 bytes).
    Removing des.o(i.DESIVSet), (22 bytes).
    Removing des.o(i.DESIntClear), (12 bytes).
    Removing des.o(i.DESIntDisable), (26 bytes).
    Removing des.o(i.DESIntEnable), (26 bytes).
    Removing des.o(i.DESIntRegister), (18 bytes).
    Removing des.o(i.DESIntStatus), (24 bytes).
    Removing des.o(i.DESIntUnregister), (18 bytes).
    Removing des.o(i.DESKeySet), (32 bytes).
    Removing des.o(i.DESLengthSet), (4 bytes).
    Removing des.o(i.DESReset), (16 bytes).
    Removing eeprom.o(i.EEPROMBlockCountGet), (16 bytes).
    Removing eeprom.o(i.EEPROMBlockHide), (16 bytes).
    Removing eeprom.o(i.EEPROMBlockLock), (20 bytes).
    Removing eeprom.o(i.EEPROMBlockPasswordSet), (36 bytes).
    Removing eeprom.o(i.EEPROMBlockProtectGet), (12 bytes).
    Removing eeprom.o(i.EEPROMBlockProtectSet), (20 bytes).
    Removing eeprom.o(i.EEPROMBlockUnlock), (40 bytes).
    Removing eeprom.o(i.EEPROMInit), (60 bytes).
    Removing eeprom.o(i.EEPROMIntClear), (52 bytes).
    Removing eeprom.o(i.EEPROMIntDisable), (32 bytes).
    Removing eeprom.o(i.EEPROMIntEnable), (32 bytes).
    Removing eeprom.o(i.EEPROMIntStatus), (36 bytes).
    Removing eeprom.o(i.EEPROMMassErase), (88 bytes).
    Removing eeprom.o(i.EEPROMProgram), (196 bytes).
    Removing eeprom.o(i.EEPROMProgramNonBlocking), (68 bytes).
    Removing eeprom.o(i.EEPROMRead), (48 bytes).
    Removing eeprom.o(i.EEPROMSizeGet), (16 bytes).
    Removing eeprom.o(i.EEPROMStatusGet), (12 bytes).
    Removing eeprom.o(i._EEPROMSectorMaskClear), (56 bytes).
    Removing eeprom.o(i._EEPROMSectorMaskSet), (64 bytes).
    Removing eeprom.o(i._EEPROMWaitForDone), (16 bytes).
    Removing emac.o(i.EMACAddrFilterGet), (12 bytes).
    Removing emac.o(i.EMACAddrFilterSet), (18 bytes).
    Removing emac.o(i.EMACAddrGet), (30 bytes).
    Removing emac.o(i.EMACAddrSet), (34 bytes).
    Removing emac.o(i.EMACConfigGet), (56 bytes).
    Removing emac.o(i.EMACConfigSet), (48 bytes).
    Removing emac.o(i.EMACDMAStateGet), (16 bytes).
    Removing emac.o(i.EMACFrameFilterGet), (12 bytes).
    Removing emac.o(i.EMACFrameFilterSet), (16 bytes).
    Removing emac.o(i.EMACHashFilterBitCalculate), (36 bytes).
    Removing emac.o(i.EMACHashFilterGet), (10 bytes).
    Removing emac.o(i.EMACHashFilterSet), (6 bytes).
    Removing emac.o(i.EMACInit), (124 bytes).
    Removing emac.o(i.EMACIntClear), (54 bytes).
    Removing emac.o(i.EMACIntDisable), (56 bytes).
    Removing emac.o(i.EMACIntEnable), (60 bytes).
    Removing emac.o(i.EMACIntRegister), (18 bytes).
    Removing emac.o(i.EMACIntStatus), (48 bytes).
    Removing emac.o(i.EMACIntUnregister), (18 bytes).
    Removing emac.o(i.EMACLPIConfig), (26 bytes).
    Removing emac.o(i.EMACLPIEnter), (10 bytes).
    Removing emac.o(i.EMACLPILinkClear), (10 bytes).
    Removing emac.o(i.EMACLPILinkSet), (10 bytes).
    Removing emac.o(i.EMACLPIStatus), (6 bytes).
    Removing emac.o(i.EMACNumAddrGet), (4 bytes).
    Removing emac.o(i.EMACPHYConfigSet), (92 bytes).
    Removing emac.o(i.EMACPHYExtendedRead), (64 bytes).
    Removing emac.o(i.EMACPHYExtendedWrite), (68 bytes).
    Removing emac.o(i.EMACPHYMMDRead), (62 bytes).
    Removing emac.o(i.EMACPHYMMDWrite), (66 bytes).
    Removing emac.o(i.EMACPHYPowerOff), (34 bytes).
    Removing emac.o(i.EMACPHYPowerOn), (34 bytes).
    Removing emac.o(i.EMACPHYRead), (36 bytes).
    Removing emac.o(i.EMACPHYWrite), (36 bytes).
    Removing emac.o(i.EMACPowerManagementControlGet), (10 bytes).
    Removing emac.o(i.EMACPowerManagementControlSet), (14 bytes).
    Removing emac.o(i.EMACPowerManagementStatusGet), (8 bytes).
    Removing emac.o(i.EMACRemoteWakeUpFrameFilterGet), (24 bytes).
    Removing emac.o(i.EMACRemoteWakeUpFrameFilterSet), (24 bytes).
    Removing emac.o(i.EMACReset), (22 bytes).
    Removing emac.o(i.EMACRxDMACurrentBufferGet), (6 bytes).
    Removing emac.o(i.EMACRxDMACurrentDescriptorGet), (6 bytes).
    Removing emac.o(i.EMACRxDMADescriptorListGet), (6 bytes).
    Removing emac.o(i.EMACRxDMADescriptorListSet), (6 bytes).
    Removing emac.o(i.EMACRxDMAPollDemand), (8 bytes).
    Removing emac.o(i.EMACRxDisable), (22 bytes).
    Removing emac.o(i.EMACRxEnable), (22 bytes).
    Removing emac.o(i.EMACRxWatchdogTimerSet), (6 bytes).
    Removing emac.o(i.EMACStatusGet), (4 bytes).
    Removing emac.o(i.EMACTimestampAddendSet), (26 bytes).
    Removing emac.o(i.EMACTimestampConfigGet), (14 bytes).
    Removing emac.o(i.EMACTimestampConfigSet), (24 bytes).
    Removing emac.o(i.EMACTimestampDisable), (14 bytes).
    Removing emac.o(i.EMACTimestampEnable), (34 bytes).
    Removing emac.o(i.EMACTimestampIntStatus), (6 bytes).
    Removing emac.o(i.EMACTimestampPPSCommand), (18 bytes).
    Removing emac.o(i.EMACTimestampPPSCommandModeSet), (18 bytes).
    Removing emac.o(i.EMACTimestampPPSPeriodSet), (10 bytes).
    Removing emac.o(i.EMACTimestampPPSSimpleModeSet), (20 bytes).
    Removing emac.o(i.EMACTimestampSysTimeGet), (24 bytes).
    Removing emac.o(i.EMACTimestampSysTimeSet), (30 bytes).
    Removing emac.o(i.EMACTimestampSysTimeUpdate), (42 bytes).
    Removing emac.o(i.EMACTimestampTargetIntDisable), (14 bytes).
    Removing emac.o(i.EMACTimestampTargetIntEnable), (14 bytes).
    Removing emac.o(i.EMACTimestampTargetSet), (18 bytes).
    Removing emac.o(i.EMACTxDMACurrentBufferGet), (6 bytes).
    Removing emac.o(i.EMACTxDMACurrentDescriptorGet), (6 bytes).
    Removing emac.o(i.EMACTxDMADescriptorListGet), (6 bytes).
    Removing emac.o(i.EMACTxDMADescriptorListSet), (6 bytes).
    Removing emac.o(i.EMACTxDMAPollDemand), (8 bytes).
    Removing emac.o(i.EMACTxDisable), (22 bytes).
    Removing emac.o(i.EMACTxEnable), (22 bytes).
    Removing emac.o(i.EMACTxFlush), (28 bytes).
    Removing emac.o(i.EMACVLANHashFilterBitCalculate), (36 bytes).
    Removing emac.o(i.EMACVLANHashFilterGet), (6 bytes).
    Removing emac.o(i.EMACVLANHashFilterSet), (6 bytes).
    Removing emac.o(i.EMACVLANRxConfigGet), (10 bytes).
    Removing emac.o(i.EMACVLANRxConfigSet), (6 bytes).
    Removing emac.o(i.EMACVLANTxConfigGet), (12 bytes).
    Removing emac.o(i.EMACVLANTxConfigSet), (8 bytes).
    Removing emac.o(i.EMACWoLEnter), (50 bytes).
    Removing emac.o(.constdata), (24 bytes).
    Removing epi.o(i.EPIAddressMapSet), (4 bytes).
    Removing epi.o(i.EPIConfigGPModeSet), (12 bytes).
    Removing epi.o(i.EPIConfigHB16CSSet), (36 bytes).
    Removing epi.o(i.EPIConfigHB16Set), (32 bytes).
    Removing epi.o(i.EPIConfigHB16TimingSet), (10 bytes).
    Removing epi.o(i.EPIConfigHB8CSSet), (36 bytes).
    Removing epi.o(i.EPIConfigHB8Set), (32 bytes).
    Removing epi.o(i.EPIConfigHB8TimingSet), (10 bytes).
    Removing epi.o(i.EPIConfigSDRAMSet), (16 bytes).
    Removing epi.o(i.EPIDMATxCount), (8 bytes).
    Removing epi.o(i.EPIDividerCSSet), (44 bytes).
    Removing epi.o(i.EPIDividerSet), (4 bytes).
    Removing epi.o(i.EPIFIFOConfig), (6 bytes).
    Removing epi.o(i.EPIIntDisable), (12 bytes).
    Removing epi.o(i.EPIIntEnable), (12 bytes).
    Removing epi.o(i.EPIIntErrorClear), (6 bytes).
    Removing epi.o(i.EPIIntErrorStatus), (6 bytes).
    Removing epi.o(i.EPIIntRegister), (26 bytes).
    Removing epi.o(i.EPIIntStatus), (14 bytes).
    Removing epi.o(i.EPIIntUnregister), (22 bytes).
    Removing epi.o(i.EPIModeSet), (4 bytes).
    Removing epi.o(i.EPINonBlockingReadAvail), (4 bytes).
    Removing epi.o(i.EPINonBlockingReadConfigure), (10 bytes).
    Removing epi.o(i.EPINonBlockingReadCount), (8 bytes).
    Removing epi.o(i.EPINonBlockingReadGet16), (28 bytes).
    Removing epi.o(i.EPINonBlockingReadGet32), (26 bytes).
    Removing epi.o(i.EPINonBlockingReadGet8), (28 bytes).
    Removing epi.o(i.EPINonBlockingReadStart), (8 bytes).
    Removing epi.o(i.EPINonBlockingReadStop), (10 bytes).
    Removing epi.o(i.EPIPSRAMConfigRegGet), (30 bytes).
    Removing epi.o(i.EPIPSRAMConfigRegGetNonBlocking), (38 bytes).
    Removing epi.o(i.EPIPSRAMConfigRegRead), (26 bytes).
    Removing epi.o(i.EPIPSRAMConfigRegSet), (34 bytes).
    Removing epi.o(i.EPIWriteFIFOCountGet), (6 bytes).
    Removing epi.o(i._EPIIntNumberGet), (32 bytes).
    Removing flash.o(i.FlashAllUserRegisterGet), (36 bytes).
    Removing flash.o(i.FlashAllUserRegisterSave), (40 bytes).
    Removing flash.o(i.FlashAllUserRegisterSet), (28 bytes).
    Removing flash.o(i.FlashErase), (40 bytes).
    Removing flash.o(i.FlashIntClear), (12 bytes).
    Removing flash.o(i.FlashIntDisable), (16 bytes).
    Removing flash.o(i.FlashIntEnable), (16 bytes).
    Removing flash.o(i.FlashIntRegister), (20 bytes).
    Removing flash.o(i.FlashIntStatus), (16 bytes).
    Removing flash.o(i.FlashIntUnregister), (18 bytes).
    Removing flash.o(i.FlashProgram), (84 bytes).
    Removing flash.o(i.FlashProtectGet), (64 bytes).
    Removing flash.o(i.FlashProtectSave), (36 bytes).
    Removing flash.o(i.FlashProtectSet), (92 bytes).
    Removing flash.o(i.FlashUserGet), (24 bytes).
    Removing flash.o(i.FlashUserSave), (48 bytes).
    Removing flash.o(i.FlashUserSet), (20 bytes).
    Removing flash.o(.constdata), (128 bytes).
    Removing fpu.o(i.FPUDisable), (16 bytes).
    Removing fpu.o(i.FPUEnable), (16 bytes).
    Removing fpu.o(i.FPUFlushToZeroModeSet), (20 bytes).
    Removing fpu.o(i.FPUHalfPrecisionModeSet), (20 bytes).
    Removing fpu.o(i.FPULazyStackingEnable), (16 bytes).
    Removing fpu.o(i.FPUNaNModeSet), (20 bytes).
    Removing fpu.o(i.FPURoundingModeSet), (20 bytes).
    Removing fpu.o(i.FPUStackingDisable), (16 bytes).
    Removing fpu.o(i.FPUStackingEnable), (20 bytes).
    Removing gpio.o(i.GPIOADCTriggerDisable), (12 bytes).
    Removing gpio.o(i.GPIOADCTriggerEnable), (12 bytes).
    Removing gpio.o(i.GPIODMATriggerDisable), (12 bytes).
    Removing gpio.o(i.GPIODMATriggerEnable), (12 bytes).
    Removing gpio.o(i.GPIODirModeGet), (38 bytes).
    Removing gpio.o(i.GPIODirModeSet), (38 bytes).
    Removing gpio.o(i.GPIOIntClear), (6 bytes).
    Removing gpio.o(i.GPIOIntDisable), (12 bytes).
    Removing gpio.o(i.GPIOIntEnable), (12 bytes).
    Removing gpio.o(i.GPIOIntRegister), (26 bytes).
    Removing gpio.o(i.GPIOIntRegisterPin), (30 bytes).
    Removing gpio.o(i.GPIOIntStatus), (14 bytes).
    Removing gpio.o(i.GPIOIntTypeGet), (68 bytes).
    Removing gpio.o(i.GPIOIntTypeSet), (78 bytes).
    Removing gpio.o(i.GPIOIntUnregister), (22 bytes).
    Removing gpio.o(i.GPIOIntUnregisterPin), (26 bytes).
    Removing gpio.o(i.GPIOPadConfigGet), (166 bytes).
    Removing gpio.o(i.GPIOPadConfigSet), (284 bytes).
    Removing gpio.o(i.GPIOPinConfigure), (68 bytes).
    Removing gpio.o(i.GPIOPinRead), (6 bytes).
    Removing gpio.o(i.GPIOPinTypeADC), (28 bytes).
    Removing gpio.o(i.GPIOPinTypeCAN), (28 bytes).
    Removing gpio.o(i.GPIOPinTypeComparator), (28 bytes).
    Removing gpio.o(i.GPIOPinTypeComparatorOutput), (28 bytes).
    Removing gpio.o(i.GPIOPinTypeDIVSCLK), (28 bytes).
    Removing gpio.o(i.GPIOPinTypeEPI), (28 bytes).
    Removing gpio.o(i.GPIOPinTypeEthernetLED), (28 bytes).
    Removing gpio.o(i.GPIOPinTypeEthernetMII), (28 bytes).
    Removing gpio.o(i.GPIOPinTypeGPIOInput), (28 bytes).
    Removing gpio.o(i.GPIOPinTypeGPIOOutput), (28 bytes).
    Removing gpio.o(i.GPIOPinTypeGPIOOutputOD), (28 bytes).
    Removing gpio.o(i.GPIOPinTypeHibernateRTCCLK), (28 bytes).
    Removing gpio.o(i.GPIOPinTypeI2C), (28 bytes).
    Removing gpio.o(i.GPIOPinTypeI2CSCL), (28 bytes).
    Removing gpio.o(i.GPIOPinTypeLCD), (28 bytes).
    Removing gpio.o(i.GPIOPinTypeOneWire), (28 bytes).
    Removing gpio.o(i.GPIOPinTypePWM), (28 bytes).
    Removing gpio.o(i.GPIOPinTypeQEI), (28 bytes).
    Removing gpio.o(i.GPIOPinTypeSSI), (28 bytes).
    Removing gpio.o(i.GPIOPinTypeTimer), (28 bytes).
    Removing gpio.o(i.GPIOPinTypeTrace), (28 bytes).
    Removing gpio.o(i.GPIOPinTypeUART), (28 bytes).
    Removing gpio.o(i.GPIOPinTypeUSBAnalog), (28 bytes).
    Removing gpio.o(i.GPIOPinTypeUSBDigital), (28 bytes).
    Removing gpio.o(i.GPIOPinTypeWakeHigh), (30 bytes).
    Removing gpio.o(i.GPIOPinTypeWakeLow), (30 bytes).
    Removing gpio.o(i.GPIOPinWakeStatus), (6 bytes).
    Removing gpio.o(i.GPIOPinWrite), (6 bytes).
    Removing gpio.o(i._GPIOIntNumberGet), (72 bytes).
    Removing gpio.o(.constdata), (552 bytes).
    Removing hibernate.o(i.HibernateBatCheckDone), (16 bytes).
    Removing hibernate.o(i.HibernateBatCheckStart), (24 bytes).
    Removing hibernate.o(i.HibernateCalendarGet), (104 bytes).
    Removing hibernate.o(i.HibernateCalendarMatchGet), (96 bytes).
    Removing hibernate.o(i.HibernateCalendarMatchSet), (12 bytes).
    Removing hibernate.o(i.HibernateCalendarSet), (12 bytes).
    Removing hibernate.o(i.HibernateClockConfig), (76 bytes).
    Removing hibernate.o(i.HibernateCounterMode), (20 bytes).
    Removing hibernate.o(i.HibernateDataGet), (32 bytes).
    Removing hibernate.o(i.HibernateDataSet), (36 bytes).
    Removing hibernate.o(i.HibernateDisable), (24 bytes).
    Removing hibernate.o(i.HibernateEnableExpClk), (24 bytes).
    Removing hibernate.o(i.HibernateGPIORetentionDisable), (28 bytes).
    Removing hibernate.o(i.HibernateGPIORetentionEnable), (28 bytes).
    Removing hibernate.o(i.HibernateGPIORetentionGet), (28 bytes).
    Removing hibernate.o(i.HibernateIntClear), (20 bytes).
    Removing hibernate.o(i.HibernateIntDisable), (20 bytes).
    Removing hibernate.o(i.HibernateIntEnable), (20 bytes).
    Removing hibernate.o(i.HibernateIntRegister), (26 bytes).
    Removing hibernate.o(i.HibernateIntStatus), (16 bytes).
    Removing hibernate.o(i.HibernateIntUnregister), (22 bytes).
    Removing hibernate.o(i.HibernateIsActive), (16 bytes).
    Removing hibernate.o(i.HibernateLowBatGet), (16 bytes).
    Removing hibernate.o(i.HibernateLowBatSet), (28 bytes).
    Removing hibernate.o(i.HibernateRTCDisable), (24 bytes).
    Removing hibernate.o(i.HibernateRTCEnable), (24 bytes).
    Removing hibernate.o(i.HibernateRTCGet), (12 bytes).
    Removing hibernate.o(i.HibernateRTCMatchGet), (12 bytes).
    Removing hibernate.o(i.HibernateRTCMatchSet), (16 bytes).
    Removing hibernate.o(i.HibernateRTCSSGet), (16 bytes).
    Removing hibernate.o(i.HibernateRTCSSMatchGet), (12 bytes).
    Removing hibernate.o(i.HibernateRTCSSMatchSet), (20 bytes).
    Removing hibernate.o(i.HibernateRTCSet), (44 bytes).
    Removing hibernate.o(i.HibernateRTCTrimGet), (12 bytes).
    Removing hibernate.o(i.HibernateRTCTrimSet), (16 bytes).
    Removing hibernate.o(i.HibernateRequest), (24 bytes).
    Removing hibernate.o(i.HibernateTamperDisable), (56 bytes).
    Removing hibernate.o(i.HibernateTamperEnable), (56 bytes).
    Removing hibernate.o(i.HibernateTamperEventsClear), (56 bytes).
    Removing hibernate.o(i.HibernateTamperEventsClearNoLock), (28 bytes).
    Removing hibernate.o(i.HibernateTamperEventsConfig), (60 bytes).
    Removing hibernate.o(i.HibernateTamperEventsGet), (72 bytes).
    Removing hibernate.o(i.HibernateTamperExtOscRecover), (56 bytes).
    Removing hibernate.o(i.HibernateTamperExtOscValid), (16 bytes).
    Removing hibernate.o(i.HibernateTamperIODisable), (64 bytes).
    Removing hibernate.o(i.HibernateTamperIOEnable), (72 bytes).
    Removing hibernate.o(i.HibernateTamperLock), (28 bytes).
    Removing hibernate.o(i.HibernateTamperStatusGet), (52 bytes).
    Removing hibernate.o(i.HibernateTamperUnLock), (24 bytes).
    Removing hibernate.o(i.HibernateWakeGet), (52 bytes).
    Removing hibernate.o(i.HibernateWakeSet), (100 bytes).
    Removing hibernate.o(i._HibernateCalendarSet), (228 bytes).
    Removing hibernate.o(i._HibernateIntNumberGet), (36 bytes).
    Removing i2c.o(i.I2CFIFODataGet), (14 bytes).
    Removing i2c.o(i.I2CFIFODataGetNonBlocking), (22 bytes).
    Removing i2c.o(i.I2CFIFODataPut), (14 bytes).
    Removing i2c.o(i.I2CFIFODataPutNonBlocking), (20 bytes).
    Removing i2c.o(i.I2CFIFOStatus), (6 bytes).
    Removing i2c.o(i.I2CIntRegister), (26 bytes).
    Removing i2c.o(i.I2CIntUnregister), (22 bytes).
    Removing i2c.o(i.I2CLoopbackEnable), (10 bytes).
    Removing i2c.o(i.I2CMasterBurstCountGet), (4 bytes).
    Removing i2c.o(i.I2CMasterBurstLengthSet), (4 bytes).
    Removing i2c.o(i.I2CMasterBusBusy), (14 bytes).
    Removing i2c.o(i.I2CMasterBusy), (10 bytes).
    Removing i2c.o(i.I2CMasterControl), (4 bytes).
    Removing i2c.o(i.I2CMasterDataGet), (4 bytes).
    Removing i2c.o(i.I2CMasterDataPut), (4 bytes).
    Removing i2c.o(i.I2CMasterDisable), (10 bytes).
    Removing i2c.o(i.I2CMasterEnable), (10 bytes).
    Removing i2c.o(i.I2CMasterErr), (22 bytes).
    Removing i2c.o(i.I2CMasterGlitchFilterConfigSet), (68 bytes).
    Removing i2c.o(i.I2CMasterInitExpClk), (80 bytes).
    Removing i2c.o(i.I2CMasterIntClear), (8 bytes).
    Removing i2c.o(i.I2CMasterIntClearEx), (4 bytes).
    Removing i2c.o(i.I2CMasterIntDisable), (6 bytes).
    Removing i2c.o(i.I2CMasterIntDisableEx), (8 bytes).
    Removing i2c.o(i.I2CMasterIntEnable), (6 bytes).
    Removing i2c.o(i.I2CMasterIntEnableEx), (8 bytes).
    Removing i2c.o(i.I2CMasterIntStatus), (16 bytes).
    Removing i2c.o(i.I2CMasterIntStatusEx), (10 bytes).
    Removing i2c.o(i.I2CMasterLineStateGet), (4 bytes).
    Removing i2c.o(i.I2CMasterSlaveAddrSet), (8 bytes).
    Removing i2c.o(i.I2CMasterTimeoutSet), (4 bytes).
    Removing i2c.o(i.I2CRxFIFOConfigSet), (22 bytes).
    Removing i2c.o(i.I2CRxFIFOFlush), (14 bytes).
    Removing i2c.o(i.I2CSlaveACKOverride), (24 bytes).
    Removing i2c.o(i.I2CSlaveACKValueSet), (24 bytes).
    Removing i2c.o(i.I2CSlaveAddressSet), (22 bytes).
    Removing i2c.o(i.I2CSlaveDataGet), (6 bytes).
    Removing i2c.o(i.I2CSlaveDataPut), (6 bytes).
    Removing i2c.o(i.I2CSlaveDisable), (16 bytes).
    Removing i2c.o(i.I2CSlaveEnable), (16 bytes).
    Removing i2c.o(i.I2CSlaveFIFODisable), (8 bytes).
    Removing i2c.o(i.I2CSlaveFIFOEnable), (10 bytes).
    Removing i2c.o(i.I2CSlaveInit), (16 bytes).
    Removing i2c.o(i.I2CSlaveIntClear), (8 bytes).
    Removing i2c.o(i.I2CSlaveIntClearEx), (6 bytes).
    Removing i2c.o(i.I2CSlaveIntDisable), (14 bytes).
    Removing i2c.o(i.I2CSlaveIntDisableEx), (12 bytes).
    Removing i2c.o(i.I2CSlaveIntEnable), (14 bytes).
    Removing i2c.o(i.I2CSlaveIntEnableEx), (12 bytes).
    Removing i2c.o(i.I2CSlaveIntStatus), (20 bytes).
    Removing i2c.o(i.I2CSlaveIntStatusEx), (14 bytes).
    Removing i2c.o(i.I2CSlaveStatus), (6 bytes).
    Removing i2c.o(i.I2CTxFIFOConfigSet), (24 bytes).
    Removing i2c.o(i.I2CTxFIFOFlush), (14 bytes).
    Removing i2c.o(i._I2CIntNumberGet), (72 bytes).
    Removing i2c.o(.constdata), (128 bytes).
    Removing interrupt.o(i.IntDisable), (92 bytes).
    Removing interrupt.o(i.IntEnable), (92 bytes).
    Removing interrupt.o(i.IntIsEnabled), (96 bytes).
    Removing interrupt.o(i.IntMasterDisable), (14 bytes).
    Removing interrupt.o(i.IntMasterEnable), (14 bytes).
    Removing interrupt.o(i.IntPendClear), (64 bytes).
    Removing interrupt.o(i.IntPendSet), (76 bytes).
    Removing interrupt.o(i.IntPriorityGet), (24 bytes).
    Removing interrupt.o(i.IntPriorityGroupingGet), (36 bytes).
    Removing interrupt.o(i.IntPriorityGroupingSet), (28 bytes).
    Removing interrupt.o(i.IntPriorityMaskGet), (4 bytes).
    Removing interrupt.o(i.IntPriorityMaskSet), (4 bytes).
    Removing interrupt.o(i.IntPrioritySet), (36 bytes).
    Removing interrupt.o(i.IntRegister), (48 bytes).
    Removing interrupt.o(i.IntTrigger), (12 bytes).
    Removing interrupt.o(i.IntUnregister), (20 bytes).
    Removing interrupt.o(i._IntDefaultHandler), (2 bytes).
    Removing interrupt.o(.constdata), (268 bytes).
    Removing interrupt.o(vtable), (620 bytes).
    Removing lcd.o(i.LCDClockReset), (32 bytes).
    Removing lcd.o(i.LCDDMAConfigSet), (4 bytes).
    Removing lcd.o(i.LCDIDDCommandWrite), (12 bytes).
    Removing lcd.o(i.LCDIDDConfigSet), (4 bytes).
    Removing lcd.o(i.LCDIDDDMADisable), (10 bytes).
    Removing lcd.o(i.LCDIDDDMAWrite), (48 bytes).
    Removing lcd.o(i.LCDIDDDataRead), (14 bytes).
    Removing lcd.o(i.LCDIDDDataWrite), (12 bytes).
    Removing lcd.o(i.LCDIDDIndexedRead), (34 bytes).
    Removing lcd.o(i.LCDIDDIndexedWrite), (32 bytes).
    Removing lcd.o(i.LCDIDDStatusRead), (14 bytes).
    Removing lcd.o(i.LCDIDDTimingSet), (52 bytes).
    Removing lcd.o(i.LCDIntClear), (4 bytes).
    Removing lcd.o(i.LCDIntDisable), (4 bytes).
    Removing lcd.o(i.LCDIntEnable), (4 bytes).
    Removing lcd.o(i.LCDIntRegister), (18 bytes).
    Removing lcd.o(i.LCDIntStatus), (10 bytes).
    Removing lcd.o(i.LCDIntUnregister), (18 bytes).
    Removing lcd.o(i.LCDModeSet), (32 bytes).
    Removing lcd.o(i.LCDRasterACBiasIntCountSet), (20 bytes).
    Removing lcd.o(i.LCDRasterConfigSet), (8 bytes).
    Removing lcd.o(i.LCDRasterDisable), (10 bytes).
    Removing lcd.o(i.LCDRasterEnable), (20 bytes).
    Removing lcd.o(i.LCDRasterEnabled), (8 bytes).
    Removing lcd.o(i.LCDRasterFrameBufferSet), (18 bytes).
    Removing lcd.o(i.LCDRasterPaletteSet), (92 bytes).
    Removing lcd.o(i.LCDRasterSubPanelConfigSet), (44 bytes).
    Removing lcd.o(i.LCDRasterSubPanelDisable), (10 bytes).
    Removing lcd.o(i.LCDRasterSubPanelEnable), (10 bytes).
    Removing lcd.o(i.LCDRasterTimingSet), (138 bytes).
    Removing mpu.o(i.MPUDisable), (16 bytes).
    Removing mpu.o(i.MPUEnable), (16 bytes).
    Removing mpu.o(i.MPUIntRegister), (20 bytes).
    Removing mpu.o(i.MPUIntUnregister), (18 bytes).
    Removing mpu.o(i.MPURegionCountGet), (16 bytes).
    Removing mpu.o(i.MPURegionDisable), (24 bytes).
    Removing mpu.o(i.MPURegionEnable), (24 bytes).
    Removing mpu.o(i.MPURegionGet), (28 bytes).
    Removing mpu.o(i.MPURegionSet), (28 bytes).
    Removing onewire.o(i.OneWireBusReset), (10 bytes).
    Removing onewire.o(i.OneWireBusStatus), (8 bytes).
    Removing onewire.o(i.OneWireDMADisable), (28 bytes).
    Removing onewire.o(i.OneWireDMAEnable), (80 bytes).
    Removing onewire.o(i.OneWireDataGet), (12 bytes).
    Removing onewire.o(i.OneWireDataGetNonBlocking), (18 bytes).
    Removing onewire.o(i.OneWireInit), (4 bytes).
    Removing onewire.o(i.OneWireIntClear), (6 bytes).
    Removing onewire.o(i.OneWireIntDisable), (12 bytes).
    Removing onewire.o(i.OneWireIntEnable), (12 bytes).
    Removing onewire.o(i.OneWireIntRegister), (26 bytes).
    Removing onewire.o(i.OneWireIntStatus), (14 bytes).
    Removing onewire.o(i.OneWireIntUnregister), (22 bytes).
    Removing onewire.o(i.OneWireTransaction), (64 bytes).
    Removing onewire.o(i._OneWireIntNumberGet), (32 bytes).
    Removing pwm.o(i.PWMClockGet), (24 bytes).
    Removing pwm.o(i.PWMClockSet), (18 bytes).
    Removing pwm.o(i.PWMDeadBandDisable), (12 bytes).
    Removing pwm.o(i.PWMDeadBandEnable), (16 bytes).
    Removing pwm.o(i.PWMFaultIntClear), (8 bytes).
    Removing pwm.o(i.PWMFaultIntClearExt), (4 bytes).
    Removing pwm.o(i.PWMFaultIntRegister), (26 bytes).
    Removing pwm.o(i.PWMFaultIntUnregister), (22 bytes).
    Removing pwm.o(i.PWMGenConfigure), (40 bytes).
    Removing pwm.o(i.PWMGenDisable), (10 bytes).
    Removing pwm.o(i.PWMGenEnable), (10 bytes).
    Removing pwm.o(i.PWMGenFaultClear), (18 bytes).
    Removing pwm.o(i.PWMGenFaultConfigure), (16 bytes).
    Removing pwm.o(i.PWMGenFaultStatus), (18 bytes).
    Removing pwm.o(i.PWMGenFaultTriggerGet), (12 bytes).
    Removing pwm.o(i.PWMGenFaultTriggerSet), (12 bytes).
    Removing pwm.o(i.PWMGenIntClear), (6 bytes).
    Removing pwm.o(i.PWMGenIntRegister), (26 bytes).
    Removing pwm.o(i.PWMGenIntStatus), (12 bytes).
    Removing pwm.o(i.PWMGenIntTrigDisable), (10 bytes).
    Removing pwm.o(i.PWMGenIntTrigEnable), (10 bytes).
    Removing pwm.o(i.PWMGenIntUnregister), (22 bytes).
    Removing pwm.o(i.PWMGenPeriodGet), (18 bytes).
    Removing pwm.o(i.PWMGenPeriodSet), (20 bytes).
    Removing pwm.o(i.PWMIntDisable), (8 bytes).
    Removing pwm.o(i.PWMIntEnable), (8 bytes).
    Removing pwm.o(i.PWMIntStatus), (10 bytes).
    Removing pwm.o(i.PWMOutputFault), (16 bytes).
    Removing pwm.o(i.PWMOutputFaultLevel), (16 bytes).
    Removing pwm.o(i.PWMOutputInvert), (16 bytes).
    Removing pwm.o(i.PWMOutputState), (16 bytes).
    Removing pwm.o(i.PWMOutputUpdateMode), (52 bytes).
    Removing pwm.o(i.PWMPulseWidthGet), (30 bytes).
    Removing pwm.o(i.PWMPulseWidthSet), (30 bytes).
    Removing pwm.o(i.PWMSyncTimeBase), (4 bytes).
    Removing pwm.o(i.PWMSyncUpdate), (4 bytes).
    Removing pwm.o(i._PWMFaultIntNumberGet), (68 bytes).
    Removing pwm.o(i._PWMGenIntNumberGet), (188 bytes).
    Removing qei.o(i.QEIConfigure), (14 bytes).
    Removing qei.o(i.QEIDirectionGet), (16 bytes).
    Removing qei.o(i.QEIDisable), (10 bytes).
    Removing qei.o(i.QEIEnable), (10 bytes).
    Removing qei.o(i.QEIErrorGet), (8 bytes).
    Removing qei.o(i.QEIFilterConfigure), (12 bytes).
    Removing qei.o(i.QEIFilterDisable), (10 bytes).
    Removing qei.o(i.QEIFilterEnable), (10 bytes).
    Removing qei.o(i.QEIIntClear), (4 bytes).
    Removing qei.o(i.QEIIntDisable), (8 bytes).
    Removing qei.o(i.QEIIntEnable), (8 bytes).
    Removing qei.o(i.QEIIntRegister), (26 bytes).
    Removing qei.o(i.QEIIntStatus), (10 bytes).
    Removing qei.o(i.QEIIntUnregister), (22 bytes).
    Removing qei.o(i.QEIPositionGet), (4 bytes).
    Removing qei.o(i.QEIPositionSet), (4 bytes).
    Removing qei.o(i.QEIVelocityConfigure), (16 bytes).
    Removing qei.o(i.QEIVelocityDisable), (10 bytes).
    Removing qei.o(i.QEIVelocityEnable), (10 bytes).
    Removing qei.o(i.QEIVelocityGet), (4 bytes).
    Removing qei.o(i._QEIIntNumberGet), (68 bytes).
    Removing shamd5.o(i.SHAMD5ConfigSet), (4 bytes).
    Removing shamd5.o(i.SHAMD5DMADisable), (14 bytes).
    Removing shamd5.o(i.SHAMD5DMAEnable), (14 bytes).
    Removing shamd5.o(i.SHAMD5DataProcess), (42 bytes).
    Removing shamd5.o(i.SHAMD5DataWrite), (28 bytes).
    Removing shamd5.o(i.SHAMD5DataWriteNonBlocking), (34 bytes).
    Removing shamd5.o(i.SHAMD5HMACKeySet), (22 bytes).
    Removing shamd5.o(i.SHAMD5HMACPPKeyGenerate), (56 bytes).
    Removing shamd5.o(i.SHAMD5HMACPPKeySet), (26 bytes).
    Removing shamd5.o(i.SHAMD5HMACProcess), (42 bytes).
    Removing shamd5.o(i.SHAMD5HashLengthSet), (4 bytes).
    Removing shamd5.o(i.SHAMD5IntClear), (22 bytes).
    Removing shamd5.o(i.SHAMD5IntDisable), (60 bytes).
    Removing shamd5.o(i.SHAMD5IntEnable), (52 bytes).
    Removing shamd5.o(i.SHAMD5IntRegister), (18 bytes).
    Removing shamd5.o(i.SHAMD5IntStatus), (48 bytes).
    Removing shamd5.o(i.SHAMD5IntUnregister), (18 bytes).
    Removing shamd5.o(i.SHAMD5Reset), (34 bytes).
    Removing shamd5.o(i.SHAMD5ResultRead), (54 bytes).
    Removing shamd5.o(i._SHAMD5DataWriteMultiple), (68 bytes).
    Removing ssi.o(i.SSIAdvDataPutFrameEnd), (18 bytes).
    Removing ssi.o(i.SSIAdvDataPutFrameEndNonBlocking), (24 bytes).
    Removing ssi.o(i.SSIAdvFrameHoldDisable), (10 bytes).
    Removing ssi.o(i.SSIAdvFrameHoldEnable), (10 bytes).
    Removing ssi.o(i.SSIAdvModeSet), (12 bytes).
    Removing ssi.o(i.SSIBusy), (8 bytes).
    Removing ssi.o(i.SSIClockSourceGet), (6 bytes).
    Removing ssi.o(i.SSIClockSourceSet), (6 bytes).
    Removing ssi.o(i.SSIConfigSetExpClk), (54 bytes).
    Removing ssi.o(i.SSIDMADisable), (8 bytes).
    Removing ssi.o(i.SSIDMAEnable), (8 bytes).
    Removing ssi.o(i.SSIDataGet), (12 bytes).
    Removing ssi.o(i.SSIDataGetNonBlocking), (18 bytes).
    Removing ssi.o(i.SSIDataPut), (10 bytes).
    Removing ssi.o(i.SSIDataPutNonBlocking), (16 bytes).
    Removing ssi.o(i.SSIDisable), (10 bytes).
    Removing ssi.o(i.SSIEnable), (10 bytes).
    Removing ssi.o(i.SSIIntClear), (4 bytes).
    Removing ssi.o(i.SSIIntDisable), (8 bytes).
    Removing ssi.o(i.SSIIntEnable), (8 bytes).
    Removing ssi.o(i.SSIIntRegister), (26 bytes).
    Removing ssi.o(i.SSIIntStatus), (10 bytes).
    Removing ssi.o(i.SSIIntUnregister), (22 bytes).
    Removing ssi.o(i._SSIIntNumberGet), (68 bytes).
    Removing ssi.o(.constdata), (64 bytes).
    Removing sw_crc.o(i.Crc16), (196 bytes).
    Removing sw_crc.o(i.Crc16Array), (8 bytes).
    Removing sw_crc.o(i.Crc16Array3), (156 bytes).
    Removing sw_crc.o(i.Crc32), (196 bytes).
    Removing sw_crc.o(i.Crc8CCITT), (140 bytes).
    Removing sw_crc.o(.constdata), (1792 bytes).
    Removing sysctl.o(.emb_text), (6 bytes).
    Removing sysctl.o(i.SysCtlAltClkConfig), (12 bytes).
    Removing sysctl.o(i.SysCtlClockFreqSet), (588 bytes).
    Removing sysctl.o(i.SysCtlClockOutConfig), (20 bytes).
    Removing sysctl.o(i.SysCtlClockSet), (236 bytes).
    Removing sysctl.o(i.SysCtlDeepSleep), (32 bytes).
    Removing sysctl.o(i.SysCtlDeepSleepClockConfigSet), (108 bytes).
    Removing sysctl.o(i.SysCtlDeepSleepClockSet), (12 bytes).
    Removing sysctl.o(i.SysCtlDeepSleepPowerSet), (12 bytes).
    Removing sysctl.o(i.SysCtlFlashSectorSizeGet), (52 bytes).
    Removing sysctl.o(i.SysCtlFlashSizeGet), (52 bytes).
    Removing sysctl.o(i.SysCtlGPIOAHBDisable), (24 bytes).
    Removing sysctl.o(i.SysCtlGPIOAHBEnable), (24 bytes).
    Removing sysctl.o(i.SysCtlIntClear), (12 bytes).
    Removing sysctl.o(i.SysCtlIntDisable), (16 bytes).
    Removing sysctl.o(i.SysCtlIntEnable), (16 bytes).
    Removing sysctl.o(i.SysCtlIntRegister), (20 bytes).
    Removing sysctl.o(i.SysCtlIntStatus), (16 bytes).
    Removing sysctl.o(i.SysCtlIntUnregister), (18 bytes).
    Removing sysctl.o(i.SysCtlLDODeepSleepGet), (12 bytes).
    Removing sysctl.o(i.SysCtlLDODeepSleepSet), (12 bytes).
    Removing sysctl.o(i.SysCtlLDOSleepGet), (12 bytes).
    Removing sysctl.o(i.SysCtlLDOSleepSet), (12 bytes).
    Removing sysctl.o(i.SysCtlMOSCConfigSet), (12 bytes).
    Removing sysctl.o(i.SysCtlNMIClear), (16 bytes).
    Removing sysctl.o(i.SysCtlNMIStatus), (12 bytes).
    Removing sysctl.o(i.SysCtlPIOSCCalibrate), (72 bytes).
    Removing sysctl.o(i.SysCtlPWMClockGet), (24 bytes).
    Removing sysctl.o(i.SysCtlPWMClockSet), (20 bytes).
    Removing sysctl.o(i.SysCtlPeripheralClockGating), (68 bytes).
    Removing sysctl.o(i.SysCtlPeripheralDeepSleepDisable), (40 bytes).
    Removing sysctl.o(i.SysCtlPeripheralDeepSleepEnable), (40 bytes).
    Removing sysctl.o(i.SysCtlPeripheralDisable), (40 bytes).
    Removing sysctl.o(i.SysCtlPeripheralPowerOff), (40 bytes).
    Removing sysctl.o(i.SysCtlPeripheralPowerOn), (40 bytes).
    Removing sysctl.o(i.SysCtlPeripheralPresent), (44 bytes).
    Removing sysctl.o(i.SysCtlPeripheralReady), (44 bytes).
    Removing sysctl.o(i.SysCtlPeripheralReset), (60 bytes).
    Removing sysctl.o(i.SysCtlPeripheralSleepDisable), (40 bytes).
    Removing sysctl.o(i.SysCtlPeripheralSleepEnable), (40 bytes).
    Removing sysctl.o(i.SysCtlReset), (16 bytes).
    Removing sysctl.o(i.SysCtlResetBehaviorGet), (12 bytes).
    Removing sysctl.o(i.SysCtlResetBehaviorSet), (12 bytes).
    Removing sysctl.o(i.SysCtlResetCauseClear), (16 bytes).
    Removing sysctl.o(i.SysCtlResetCauseGet), (12 bytes).
    Removing sysctl.o(i.SysCtlSRAMSizeGet), (16 bytes).
    Removing sysctl.o(i.SysCtlSleep), (4 bytes).
    Removing sysctl.o(i.SysCtlSleepPowerSet), (12 bytes).
    Removing sysctl.o(i.SysCtlUSBPLLDisable), (16 bytes).
    Removing sysctl.o(i.SysCtlUSBPLLEnable), (16 bytes).
    Removing sysctl.o(i.SysCtlVCOGet), (108 bytes).
    Removing sysctl.o(i.SysCtlVoltageEventClear), (16 bytes).
    Removing sysctl.o(i.SysCtlVoltageEventConfig), (12 bytes).
    Removing sysctl.o(i.SysCtlVoltageEventStatus), (12 bytes).
    Removing sysctl.o(i._SysCtlMemTimingGet), (36 bytes).
    Removing sysexc.o(i.SysExcIntClear), (12 bytes).
    Removing sysexc.o(i.SysExcIntDisable), (16 bytes).
    Removing sysexc.o(i.SysExcIntEnable), (16 bytes).
    Removing sysexc.o(i.SysExcIntRegister), (26 bytes).
    Removing sysexc.o(i.SysExcIntStatus), (16 bytes).
    Removing sysexc.o(i.SysExcIntUnregister), (22 bytes).
    Removing sysexc.o(i._SysExcIntNumberGet), (52 bytes).
    Removing systick.o(i.SysTickDisable), (14 bytes).
    Removing systick.o(i.SysTickEnable), (14 bytes).
    Removing systick.o(i.SysTickIntDisable), (14 bytes).
    Removing systick.o(i.SysTickIntEnable), (14 bytes).
    Removing systick.o(i.SysTickIntRegister), (24 bytes).
    Removing systick.o(i.SysTickIntUnregister), (18 bytes).
    Removing systick.o(i.SysTickPeriodGet), (10 bytes).
    Removing systick.o(i.SysTickPeriodSet), (10 bytes).
    Removing systick.o(i.SysTickValueGet), (8 bytes).
    Removing timer.o(i.TimerADCEventGet), (4 bytes).
    Removing timer.o(i.TimerADCEventSet), (4 bytes).
    Removing timer.o(i.TimerClockSourceGet), (6 bytes).
    Removing timer.o(i.TimerClockSourceSet), (6 bytes).
    Removing timer.o(i.TimerConfigure), (92 bytes).
    Removing timer.o(i.TimerControlEvent), (18 bytes).
    Removing timer.o(i.TimerControlLevel), (22 bytes).
    Removing timer.o(i.TimerControlStall), (22 bytes).
    Removing timer.o(i.TimerControlTrigger), (68 bytes).
    Removing timer.o(i.TimerControlWaitOnTrigger), (46 bytes).
    Removing timer.o(i.TimerDMAEventGet), (4 bytes).
    Removing timer.o(i.TimerDMAEventSet), (4 bytes).
    Removing timer.o(i.TimerDisable), (14 bytes).
    Removing timer.o(i.TimerEnable), (14 bytes).
    Removing timer.o(i.TimerIntClear), (4 bytes).
    Removing timer.o(i.TimerIntDisable), (8 bytes).
    Removing timer.o(i.TimerIntEnable), (8 bytes).
    Removing timer.o(i.TimerIntRegister), (26 bytes).
    Removing timer.o(i.TimerIntStatus), (10 bytes).
    Removing timer.o(i.TimerIntUnregister), (22 bytes).
    Removing timer.o(i.TimerLoadGet), (12 bytes).
    Removing timer.o(i.TimerLoadGet64), (14 bytes).
    Removing timer.o(i.TimerLoadSet), (18 bytes).
    Removing timer.o(i.TimerLoadSet64), (6 bytes).
    Removing timer.o(i.TimerMatchGet), (12 bytes).
    Removing timer.o(i.TimerMatchGet64), (14 bytes).
    Removing timer.o(i.TimerMatchSet), (18 bytes).
    Removing timer.o(i.TimerMatchSet64), (6 bytes).
    Removing timer.o(i.TimerPrescaleGet), (12 bytes).
    Removing timer.o(i.TimerPrescaleMatchGet), (12 bytes).
    Removing timer.o(i.TimerPrescaleMatchSet), (18 bytes).
    Removing timer.o(i.TimerPrescaleSet), (18 bytes).
    Removing timer.o(i.TimerRTCDisable), (10 bytes).
    Removing timer.o(i.TimerRTCEnable), (10 bytes).
    Removing timer.o(i.TimerSynchronize), (4 bytes).
    Removing timer.o(i.TimerUpdateMode), (38 bytes).
    Removing timer.o(i.TimerValueGet), (12 bytes).
    Removing timer.o(i.TimerValueGet64), (14 bytes).
    Removing timer.o(i._TimerIntNumberGet), (80 bytes).
    Removing timer.o(.constdata), (160 bytes).
    Removing uart.o(i.UART9BitAddrSend), (38 bytes).
    Removing uart.o(i.UART9BitAddrSet), (8 bytes).
    Removing uart.o(i.UART9BitDisable), (12 bytes).
    Removing uart.o(i.UART9BitEnable), (12 bytes).
    Removing uart.o(i.UARTBreakCtl), (20 bytes).
    Removing uart.o(i.UARTBusy), (8 bytes).
    Removing uart.o(i.UARTCharGet), (10 bytes).
    Removing uart.o(i.UARTCharGetNonBlocking), (16 bytes).
    Removing uart.o(i.UARTCharPut), (10 bytes).
    Removing uart.o(i.UARTCharPutNonBlocking), (16 bytes).
    Removing uart.o(i.UARTCharsAvail), (10 bytes).
    Removing uart.o(i.UARTClockSourceGet), (6 bytes).
    Removing uart.o(i.UARTConfigGetExpClk), (38 bytes).
    Removing uart.o(i.UARTConfigSetExpClk), (72 bytes).
    Removing uart.o(i.UARTDMADisable), (8 bytes).
    Removing uart.o(i.UARTDMAEnable), (8 bytes).
    Removing uart.o(i.UARTDisable), (26 bytes).
    Removing uart.o(i.UARTDisableSIR), (10 bytes).
    Removing uart.o(i.UARTEnable), (20 bytes).
    Removing uart.o(i.UARTEnableSIR), (20 bytes).
    Removing uart.o(i.UARTFIFODisable), (10 bytes).
    Removing uart.o(i.UARTFIFOEnable), (10 bytes).
    Removing uart.o(i.UARTFIFOLevelGet), (16 bytes).
    Removing uart.o(i.UARTFIFOLevelSet), (6 bytes).
    Removing uart.o(i.UARTFlowControlGet), (8 bytes).
    Removing uart.o(i.UARTFlowControlSet), (12 bytes).
    Removing uart.o(i.UARTIntClear), (4 bytes).
    Removing uart.o(i.UARTIntDisable), (8 bytes).
    Removing uart.o(i.UARTIntEnable), (8 bytes).
    Removing uart.o(i.UARTIntRegister), (26 bytes).
    Removing uart.o(i.UARTIntStatus), (10 bytes).
    Removing uart.o(i.UARTIntUnregister), (22 bytes).
    Removing uart.o(i.UARTLoopbackEnable), (10 bytes).
    Removing uart.o(i.UARTModemControlClear), (12 bytes).
    Removing uart.o(i.UARTModemControlGet), (8 bytes).
    Removing uart.o(i.UARTModemControlSet), (12 bytes).
    Removing uart.o(i.UARTModemStatusGet), (10 bytes).
    Removing uart.o(i.UARTParityModeGet), (8 bytes).
    Removing uart.o(i.UARTParityModeSet), (12 bytes).
    Removing uart.o(i.UARTRxErrorClear), (6 bytes).
    Removing uart.o(i.UARTRxErrorGet), (8 bytes).
    Removing uart.o(i.UARTSmartCardDisable), (10 bytes).
    Removing uart.o(i.UARTSmartCardEnable), (22 bytes).
    Removing uart.o(i.UARTSpaceAvail), (10 bytes).
    Removing uart.o(i.UARTTxIntModeGet), (8 bytes).
    Removing uart.o(i.UARTTxIntModeSet), (12 bytes).
    Removing uart.o(i._UARTIntNumberGet), (68 bytes).
    Removing uart.o(.constdata), (128 bytes).
    Removing udma.o(i.uDMAChannelAssign), (40 bytes).
    Removing udma.o(i.uDMAChannelAttributeDisable), (56 bytes).
    Removing udma.o(i.uDMAChannelAttributeEnable), (56 bytes).
    Removing udma.o(i.uDMAChannelAttributeGet), (60 bytes).
    Removing udma.o(i.uDMAChannelControlSet), (32 bytes).
    Removing udma.o(i.uDMAChannelDisable), (20 bytes).
    Removing udma.o(i.uDMAChannelEnable), (20 bytes).
    Removing udma.o(i.uDMAChannelIsEnabled), (28 bytes).
    Removing udma.o(i.uDMAChannelModeGet), (44 bytes).
    Removing udma.o(i.uDMAChannelRequest), (20 bytes).
    Removing udma.o(i.uDMAChannelScatterGatherSet), (72 bytes).
    Removing udma.o(i.uDMAChannelSelectDefault), (16 bytes).
    Removing udma.o(i.uDMAChannelSelectSecondary), (16 bytes).
    Removing udma.o(i.uDMAChannelSizeGet), (32 bytes).
    Removing udma.o(i.uDMAChannelTransferSet), (132 bytes).
    Removing udma.o(i.uDMAControlAlternateBaseGet), (12 bytes).
    Removing udma.o(i.uDMAControlBaseGet), (12 bytes).
    Removing udma.o(i.uDMAControlBaseSet), (12 bytes).
    Removing udma.o(i.uDMADisable), (12 bytes).
    Removing udma.o(i.uDMAEnable), (12 bytes).
    Removing udma.o(i.uDMAErrorStatusClear), (12 bytes).
    Removing udma.o(i.uDMAErrorStatusGet), (12 bytes).
    Removing udma.o(i.uDMAIntClear), (12 bytes).
    Removing udma.o(i.uDMAIntRegister), (18 bytes).
    Removing udma.o(i.uDMAIntStatus), (12 bytes).
    Removing udma.o(i.uDMAIntUnregister), (18 bytes).
    Removing usb.o(i.USBClockDisable), (8 bytes).
    Removing usb.o(i.USBClockEnable), (10 bytes).
    Removing usb.o(i.USBControllerVersion), (10 bytes).
    Removing usb.o(i.USBDMAChannelAddressGet), (10 bytes).
    Removing usb.o(i.USBDMAChannelAddressSet), (10 bytes).
    Removing usb.o(i.USBDMAChannelConfigSet), (20 bytes).
    Removing usb.o(i.USBDMAChannelCountGet), (10 bytes).
    Removing usb.o(i.USBDMAChannelCountSet), (10 bytes).
    Removing usb.o(i.USBDMAChannelDisable), (18 bytes).
    Removing usb.o(i.USBDMAChannelEnable), (18 bytes).
    Removing usb.o(i.USBDMAChannelIntDisable), (18 bytes).
    Removing usb.o(i.USBDMAChannelIntEnable), (18 bytes).
    Removing usb.o(i.USBDMAChannelIntStatus), (6 bytes).
    Removing usb.o(i.USBDMAChannelStatus), (14 bytes).
    Removing usb.o(i.USBDMAChannelStatusClear), (20 bytes).
    Removing usb.o(i.USBDMANumChannels), (8 bytes).
    Removing usb.o(i.USBDevAddrGet), (4 bytes).
    Removing usb.o(i.USBDevAddrSet), (4 bytes).
    Removing usb.o(i.USBDevConnect), (10 bytes).
    Removing usb.o(i.USBDevDisconnect), (10 bytes).
    Removing usb.o(i.USBDevEndpointConfigGet), (112 bytes).
    Removing usb.o(i.USBDevEndpointConfigSet), (122 bytes).
    Removing usb.o(i.USBDevEndpointDataAck), (36 bytes).
    Removing usb.o(i.USBDevEndpointStall), (48 bytes).
    Removing usb.o(i.USBDevEndpointStallClear), (72 bytes).
    Removing usb.o(i.USBDevEndpointStatusClear), (86 bytes).
    Removing usb.o(i.USBDevLPMConfig), (6 bytes).
    Removing usb.o(i.USBDevLPMDisable), (14 bytes).
    Removing usb.o(i.USBDevLPMEnable), (14 bytes).
    Removing usb.o(i.USBDevLPMRemoteWake), (14 bytes).
    Removing usb.o(i.USBDevMode), (8 bytes).
    Removing usb.o(i.USBDevSpeedGet), (14 bytes).
    Removing usb.o(i.USBEndpointDMAChannel), (26 bytes).
    Removing usb.o(i.USBEndpointDMAConfigSet), (74 bytes).
    Removing usb.o(i.USBEndpointDMADisable), (34 bytes).
    Removing usb.o(i.USBEndpointDMAEnable), (34 bytes).
    Removing usb.o(i.USBEndpointDataAvail), (30 bytes).
    Removing usb.o(i.USBEndpointDataGet), (66 bytes).
    Removing usb.o(i.USBEndpointDataPut), (48 bytes).
    Removing usb.o(i.USBEndpointDataSend), (46 bytes).
    Removing usb.o(i.USBEndpointDataToggleClear), (34 bytes).
    Removing usb.o(i.USBEndpointPacketCountSet), (12 bytes).
    Removing usb.o(i.USBEndpointStatus), (16 bytes).
    Removing usb.o(i.USBFIFOAddrGet), (8 bytes).
    Removing usb.o(i.USBFIFOConfigGet), (76 bytes).
    Removing usb.o(i.USBFIFOConfigSet), (74 bytes).
    Removing usb.o(i.USBFIFOFlush), (68 bytes).
    Removing usb.o(i.USBFrameNumberGet), (4 bytes).
    Removing usb.o(i.USBHighSpeed), (20 bytes).
    Removing usb.o(i.USBHostAddrGet), (20 bytes).
    Removing usb.o(i.USBHostAddrSet), (22 bytes).
    Removing usb.o(i.USBHostEndpointConfig), (202 bytes).
    Removing usb.o(i.USBHostEndpointDataAck), (32 bytes).
    Removing usb.o(i.USBHostEndpointDataToggle), (88 bytes).
    Removing usb.o(i.USBHostEndpointPing), (28 bytes).
    Removing usb.o(i.USBHostEndpointSpeed), (76 bytes).
    Removing usb.o(i.USBHostEndpointStatusClear), (40 bytes).
    Removing usb.o(i.USBHostHubAddrGet), (20 bytes).
    Removing usb.o(i.USBHostHubAddrSet), (50 bytes).
    Removing usb.o(i.USBHostLPMConfig), (18 bytes).
    Removing usb.o(i.USBHostLPMResume), (14 bytes).
    Removing usb.o(i.USBHostLPMSend), (36 bytes).
    Removing usb.o(i.USBHostMode), (8 bytes).
    Removing usb.o(i.USBHostPwrConfig), (24 bytes).
    Removing usb.o(i.USBHostPwrDisable), (14 bytes).
    Removing usb.o(i.USBHostPwrEnable), (14 bytes).
    Removing usb.o(i.USBHostPwrFaultDisable), (14 bytes).
    Removing usb.o(i.USBHostPwrFaultEnable), (14 bytes).
    Removing usb.o(i.USBHostRequestIN), (18 bytes).
    Removing usb.o(i.USBHostRequestINClear), (22 bytes).
    Removing usb.o(i.USBHostRequestStatus), (8 bytes).
    Removing usb.o(i.USBHostReset), (20 bytes).
    Removing usb.o(i.USBHostResume), (20 bytes).
    Removing usb.o(i.USBHostSpeedGet), (40 bytes).
    Removing usb.o(i.USBHostSuspend), (10 bytes).
    Removing usb.o(i.USBIntDisableControl), (40 bytes).
    Removing usb.o(i.USBIntDisableEndpoint), (22 bytes).
    Removing usb.o(i.USBIntEnableControl), (40 bytes).
    Removing usb.o(i.USBIntEnableEndpoint), (22 bytes).
    Removing usb.o(i.USBIntRegister), (26 bytes).
    Removing usb.o(i.USBIntStatusControl), (56 bytes).
    Removing usb.o(i.USBIntStatusEndpoint), (10 bytes).
    Removing usb.o(i.USBIntUnregister), (22 bytes).
    Removing usb.o(i.USBLPMEndpointGet), (10 bytes).
    Removing usb.o(i.USBLPMIntDisable), (12 bytes).
    Removing usb.o(i.USBLPMIntEnable), (12 bytes).
    Removing usb.o(i.USBLPMIntStatus), (6 bytes).
    Removing usb.o(i.USBLPMLinkStateGet), (10 bytes).
    Removing usb.o(i.USBLPMRemoteWakeEnabled), (16 bytes).
    Removing usb.o(i.USBModeConfig), (6 bytes).
    Removing usb.o(i.USBModeGet), (10 bytes).
    Removing usb.o(i.USBNumEndpointsGet), (10 bytes).
    Removing usb.o(i.USBOTGMode), (8 bytes).
    Removing usb.o(i.USBOTGSessionRequest), (22 bytes).
    Removing usb.o(i.USBPHYPowerOff), (10 bytes).
    Removing usb.o(i.USBPHYPowerOn), (10 bytes).
    Removing usb.o(i.USBULPIConfig), (6 bytes).
    Removing usb.o(i.USBULPIDisable), (14 bytes).
    Removing usb.o(i.USBULPIEnable), (14 bytes).
    Removing usb.o(i.USBULPIRegRead), (30 bytes).
    Removing usb.o(i.USBULPIRegWrite), (30 bytes).
    Removing usb.o(i._USBIndexRead), (22 bytes).
    Removing usb.o(i._USBIndexWrite), (22 bytes).
    Removing usb.o(i._USBIntNumberGet), (52 bytes).
    Removing watchdog.o(i.WatchdogEnable), (10 bytes).
    Removing watchdog.o(i.WatchdogIntClear), (6 bytes).
    Removing watchdog.o(i.WatchdogIntEnable), (10 bytes).
    Removing watchdog.o(i.WatchdogIntRegister), (18 bytes).
    Removing watchdog.o(i.WatchdogIntStatus), (10 bytes).
    Removing watchdog.o(i.WatchdogIntTypeSet), (12 bytes).
    Removing watchdog.o(i.WatchdogIntUnregister), (18 bytes).
    Removing watchdog.o(i.WatchdogLock), (8 bytes).
    Removing watchdog.o(i.WatchdogLockState), (12 bytes).
    Removing watchdog.o(i.WatchdogReloadGet), (4 bytes).
    Removing watchdog.o(i.WatchdogReloadSet), (4 bytes).
    Removing watchdog.o(i.WatchdogResetDisable), (10 bytes).
    Removing watchdog.o(i.WatchdogResetEnable), (10 bytes).
    Removing watchdog.o(i.WatchdogRunning), (8 bytes).
    Removing watchdog.o(i.WatchdogStallDisable), (14 bytes).
    Removing watchdog.o(i.WatchdogStallEnable), (14 bytes).
    Removing watchdog.o(i.WatchdogUnlock), (12 bytes).
    Removing watchdog.o(i.WatchdogValueGet), (4 bytes).
    Removing rgb.o(i.RGBBlinkIntHandler), (56 bytes).
    Removing rgb.o(i.RGBBlinkRateSet), (120 bytes).
    Removing rgb.o(i.RGBColorGet), (24 bytes).
    Removing rgb.o(i.RGBColorSet), (144 bytes).
    Removing rgb.o(i.RGBDisable), (92 bytes).
    Removing rgb.o(i.RGBEnable), (172 bytes).
    Removing rgb.o(i.RGBInit), (208 bytes).
    Removing rgb.o(i.RGBIntensitySet), (20 bytes).
    Removing rgb.o(i.RGBSet), (30 bytes).
    Removing rgb.o(.bss), (12 bytes).
    Removing rgb.o(.data), (8 bytes).

952 unused section(s) (total 30550 bytes) removed from the image.

==============================================================================

Image Symbol Table

    Local Symbols

    Symbol Name                              Value     Ov Type        Size  Object(Section)

    RESET                                    0x00000000   Section      648  startup_rvmdk.o(RESET)
    ../clib/angel/boardlib.s                 0x00000000   Number         0  boardinit2.o ABSOLUTE
    ../clib/angel/boardlib.s                 0x00000000   Number         0  boardinit1.o ABSOLUTE
    ../clib/angel/boardlib.s                 0x00000000   Number         0  boardinit3.o ABSOLUTE
    ../clib/angel/boardlib.s                 0x00000000   Number         0  boardshut.o ABSOLUTE
    ../clib/angel/handlers.s                 0x00000000   Number         0  __scatter_zi.o ABSOLUTE
    ../clib/angel/handlers.s                 0x00000000   Number         0  __scatter_copy.o ABSOLUTE
    ../clib/angel/kernel.s                   0x00000000   Number         0  __rtentry.o ABSOLUTE
    ../clib/angel/kernel.s                   0x00000000   Number         0  rtexit.o ABSOLUTE
    ../clib/angel/kernel.s                   0x00000000   Number         0  rtexit2.o ABSOLUTE
    ../clib/angel/kernel.s                   0x00000000   Number         0  __rtentry2.o ABSOLUTE
    ../clib/angel/kernel.s                   0x00000000   Number         0  __rtentry4.o ABSOLUTE
    ../clib/angel/rt.s                       0x00000000   Number         0  rt_raise.o ABSOLUTE
    ../clib/angel/scatter.s                  0x00000000   Number         0  __scatter.o ABSOLUTE
    ../clib/angel/startup.s                  0x00000000   Number         0  __main.o ABSOLUTE
    ../clib/angel/sys.s                      0x00000000   Number         0  indicate_semi.o ABSOLUTE
    ../clib/angel/sys.s                      0x00000000   Number         0  use_no_semi.o ABSOLUTE
    ../clib/angel/sys.s                      0x00000000   Number         0  libspace.o ABSOLUTE
    ../clib/angel/sys.s                      0x00000000   Number         0  sys_stackheap_outer.o ABSOLUTE
    ../clib/angel/sysapp.c                   0x00000000   Number         0  sys_wrch.o ABSOLUTE
    ../clib/angel/sysapp.c                   0x00000000   Number         0  sys_command.o ABSOLUTE
    ../clib/angel/sysapp.c                   0x00000000   Number         0  sys_exit.o ABSOLUTE
    ../clib/armsys.c                         0x00000000   Number         0  argv_veneer.o ABSOLUTE
    ../clib/armsys.c                         0x00000000   Number         0  argv_veneer.o ABSOLUTE
    ../clib/armsys.c                         0x00000000   Number         0  _get_argv_nomalloc.o ABSOLUTE
    ../clib/armsys.c                         0x00000000   Number         0  no_argv.o ABSOLUTE
    ../clib/heapalloc.c                      0x00000000   Number         0  hrguard.o ABSOLUTE
    ../clib/heapaux.c                        0x00000000   Number         0  heapauxi.o ABSOLUTE
    ../clib/libinit.s                        0x00000000   Number         0  libshutdown2.o ABSOLUTE
    ../clib/libinit.s                        0x00000000   Number         0  libinit2.o ABSOLUTE
    ../clib/libinit.s                        0x00000000   Number         0  libinit.o ABSOLUTE
    ../clib/libinit.s                        0x00000000   Number         0  libshutdown.o ABSOLUTE
    ../clib/signal.c                         0x00000000   Number         0  defsig_cppl_inner.o ABSOLUTE
    ../clib/signal.c                         0x00000000   Number         0  defsig_pvfn_inner.o ABSOLUTE
    ../clib/signal.c                         0x00000000   Number         0  defsig_stak_inner.o ABSOLUTE
    ../clib/signal.c                         0x00000000   Number         0  defsig_rtred_inner.o ABSOLUTE
    ../clib/signal.c                         0x00000000   Number         0  defsig_abrt_inner.o ABSOLUTE
    ../clib/signal.c                         0x00000000   Number         0  defsig_fpe_inner.o ABSOLUTE
    ../clib/signal.c                         0x00000000   Number         0  defsig_general.o ABSOLUTE
    ../clib/signal.c                         0x00000000   Number         0  __raise.o ABSOLUTE
    ../clib/signal.c                         0x00000000   Number         0  defsig_rtmem_inner.o ABSOLUTE
    ../clib/signal.c                         0x00000000   Number         0  defsig_exit.o ABSOLUTE
    ../clib/signal.c                         0x00000000   Number         0  defsig_rtmem_outer.o ABSOLUTE
    ../clib/signal.c                         0x00000000   Number         0  defsig_other.o ABSOLUTE
    ../clib/signal.c                         0x00000000   Number         0  defsig_rtmem_formal.o ABSOLUTE
    ../clib/signal.c                         0x00000000   Number         0  defsig_segv_inner.o ABSOLUTE
    ../clib/signal.s                         0x00000000   Number         0  defsig.o ABSOLUTE
    ../clib/stdlib.c                         0x00000000   Number         0  exit.o ABSOLUTE
    ../fplib/ffixull.s                       0x00000000   Number         0  ffixull.o ABSOLUTE
    ../fplib/fnaninf.s                       0x00000000   Number         0  fnaninf.o ABSOLUTE
    ../fplib/fpinit.s                        0x00000000   Number         0  fpinit.o ABSOLUTE
    ../fplib/usenofp.s                       0x00000000   Number         0  usenofp.o ABSOLUTE
    dc.s                                     0x00000000   Number         0  dc.o ABSOLUTE
    driverlib\\cpu.c                         0x00000000   Number         0  cpu.o ABSOLUTE
    driverlib\\sysctl.c                      0x00000000   Number         0  sysctl.o ABSOLUTE
    driverlib\adc.c                          0x00000000   Number         0  adc.o ABSOLUTE
    driverlib\aes.c                          0x00000000   Number         0  aes.o ABSOLUTE
    driverlib\can.c                          0x00000000   Number         0  can.o ABSOLUTE
    driverlib\comp.c                         0x00000000   Number         0  comp.o ABSOLUTE
    driverlib\cpu.c                          0x00000000   Number         0  cpu.o ABSOLUTE
    driverlib\crc.c                          0x00000000   Number         0  crc.o ABSOLUTE
    driverlib\des.c                          0x00000000   Number         0  des.o ABSOLUTE
    driverlib\eeprom.c                       0x00000000   Number         0  eeprom.o ABSOLUTE
    driverlib\emac.c                         0x00000000   Number         0  emac.o ABSOLUTE
    driverlib\epi.c                          0x00000000   Number         0  epi.o ABSOLUTE
    driverlib\flash.c                        0x00000000   Number         0  flash.o ABSOLUTE
    driverlib\fpu.c                          0x00000000   Number         0  fpu.o ABSOLUTE
    driverlib\gpio.c                         0x00000000   Number         0  gpio.o ABSOLUTE
    driverlib\hibernate.c                    0x00000000   Number         0  hibernate.o ABSOLUTE
    driverlib\i2c.c                          0x00000000   Number         0  i2c.o ABSOLUTE
    driverlib\interrupt.c                    0x00000000   Number         0  interrupt.o ABSOLUTE
    driverlib\lcd.c                          0x00000000   Number         0  lcd.o ABSOLUTE
    driverlib\mpu.c                          0x00000000   Number         0  mpu.o ABSOLUTE
    driverlib\onewire.c                      0x00000000   Number         0  onewire.o ABSOLUTE
    driverlib\pwm.c                          0x00000000   Number         0  pwm.o ABSOLUTE
    driverlib\qei.c                          0x00000000   Number         0  qei.o ABSOLUTE
    driverlib\shamd5.c                       0x00000000   Number         0  shamd5.o ABSOLUTE
    driverlib\ssi.c                          0x00000000   Number         0  ssi.o ABSOLUTE
    driverlib\sw_crc.c                       0x00000000   Number         0  sw_crc.o ABSOLUTE
    driverlib\sysctl.c                       0x00000000   Number         0  sysctl.o ABSOLUTE
    driverlib\sysexc.c                       0x00000000   Number         0  sysexc.o ABSOLUTE
    driverlib\systick.c                      0x00000000   Number         0  systick.o ABSOLUTE
    driverlib\timer.c                        0x00000000   Number         0  timer.o ABSOLUTE
    driverlib\uart.c                         0x00000000   Number         0  uart.o ABSOLUTE
    driverlib\udma.c                         0x00000000   Number         0  udma.o ABSOLUTE
    driverlib\usb.c                          0x00000000   Number         0  usb.o ABSOLUTE
    driverlib\watchdog.c                     0x00000000   Number         0  watchdog.o ABSOLUTE
    drivers\buttons.c                        0x00000000   Number         0  buttons.o ABSOLUTE
    drivers\rgb.c                            0x00000000   Number         0  rgb.o ABSOLUTE
    main.c                                   0x00000000   Number         0  main.o ABSOLUTE
    startup_rvmdk.S                          0x00000000   Number         0  startup_rvmdk.o ABSOLUTE
    utils\uartstdio.c                        0x00000000   Number         0  uartstdio.o ABSOLUTE
    $v0                                      0x0000026c   Number         0  startup_rvmdk.o(RESET)
    NmiSR                                    0x00000281   Thumb Code     0  startup_rvmdk.o(RESET)
    FaultISR                                 0x00000283   Thumb Code     0  startup_rvmdk.o(RESET)
    IntDefaultHandler                        0x00000285   Thumb Code     0  startup_rvmdk.o(RESET)
    !!!main                                  0x00000288   Section        8  __main.o(!!!main)
    !!!scatter                               0x00000290   Section       52  __scatter.o(!!!scatter)
    !!handler_copy                           0x000002c4   Section       26  __scatter_copy.o(!!handler_copy)
    !!handler_zi                             0x000002e0   Section       28  __scatter_zi.o(!!handler_zi)
    .ARM.Collect$$libinit$$00000000          0x000002fc   Section        2  libinit.o(.ARM.Collect$$libinit$$00000000)
    .ARM.Collect$$libinit$$00000001          0x000002fe   Section        4  libinit2.o(.ARM.Collect$$libinit$$00000001)
    .ARM.Collect$$libinit$$00000004          0x00000302   Section        0  libinit2.o(.ARM.Collect$$libinit$$00000004)
    .ARM.Collect$$libinit$$0000000A          0x00000302   Section        0  libinit2.o(.ARM.Collect$$libinit$$0000000A)
    .ARM.Collect$$libinit$$0000000C          0x00000302   Section        0  libinit2.o(.ARM.Collect$$libinit$$0000000C)
    .ARM.Collect$$libinit$$0000000E          0x00000302   Section        0  libinit2.o(.ARM.Collect$$libinit$$0000000E)
    .ARM.Collect$$libinit$$00000011          0x00000302   Section        0  libinit2.o(.ARM.Collect$$libinit$$00000011)
    .ARM.Collect$$libinit$$00000013          0x00000302   Section        0  libinit2.o(.ARM.Collect$$libinit$$00000013)
    .ARM.Collect$$libinit$$00000015          0x00000302   Section        0  libinit2.o(.ARM.Collect$$libinit$$00000015)
    .ARM.Collect$$libinit$$00000017          0x00000302   Section        0  libinit2.o(.ARM.Collect$$libinit$$00000017)
    .ARM.Collect$$libinit$$00000019          0x00000302   Section        0  libinit2.o(.ARM.Collect$$libinit$$00000019)
    .ARM.Collect$$libinit$$0000001B          0x00000302   Section        0  libinit2.o(.ARM.Collect$$libinit$$0000001B)
    .ARM.Collect$$libinit$$0000001D          0x00000302   Section        0  libinit2.o(.ARM.Collect$$libinit$$0000001D)
    .ARM.Collect$$libinit$$0000001F          0x00000302   Section        0  libinit2.o(.ARM.Collect$$libinit$$0000001F)
    .ARM.Collect$$libinit$$00000021          0x00000302   Section        0  libinit2.o(.ARM.Collect$$libinit$$00000021)
    .ARM.Collect$$libinit$$00000023          0x00000302   Section        0  libinit2.o(.ARM.Collect$$libinit$$00000023)
    .ARM.Collect$$libinit$$00000025          0x00000302   Section        0  libinit2.o(.ARM.Collect$$libinit$$00000025)
    .ARM.Collect$$libinit$$0000002C          0x00000302   Section        0  libinit2.o(.ARM.Collect$$libinit$$0000002C)
    .ARM.Collect$$libinit$$0000002E          0x00000302   Section        0  libinit2.o(.ARM.Collect$$libinit$$0000002E)
    .ARM.Collect$$libinit$$00000030          0x00000302   Section        0  libinit2.o(.ARM.Collect$$libinit$$00000030)
    .ARM.Collect$$libinit$$00000032          0x00000302   Section        0  libinit2.o(.ARM.Collect$$libinit$$00000032)
    .ARM.Collect$$libinit$$00000033          0x00000302   Section        2  libinit2.o(.ARM.Collect$$libinit$$00000033)
    .ARM.Collect$$libshutdown$$00000000      0x00000304   Section        2  libshutdown.o(.ARM.Collect$$libshutdown$$00000000)
    .ARM.Collect$$libshutdown$$00000003      0x00000306   Section        0  libshutdown2.o(.ARM.Collect$$libshutdown$$00000003)
    .ARM.Collect$$libshutdown$$00000006      0x00000306   Section        0  libshutdown2.o(.ARM.Collect$$libshutdown$$00000006)
    .ARM.Collect$$libshutdown$$00000009      0x00000306   Section        0  libshutdown2.o(.ARM.Collect$$libshutdown$$00000009)
    .ARM.Collect$$libshutdown$$0000000B      0x00000306   Section        0  libshutdown2.o(.ARM.Collect$$libshutdown$$0000000B)
    .ARM.Collect$$libshutdown$$0000000E      0x00000306   Section        0  libshutdown2.o(.ARM.Collect$$libshutdown$$0000000E)
    .ARM.Collect$$libshutdown$$0000000F      0x00000306   Section        2  libshutdown2.o(.ARM.Collect$$libshutdown$$0000000F)
    .ARM.Collect$$rtentry$$00000000          0x00000308   Section        0  __rtentry.o(.ARM.Collect$$rtentry$$00000000)
    .ARM.Collect$$rtentry$$00000002          0x00000308   Section        0  __rtentry2.o(.ARM.Collect$$rtentry$$00000002)
    .ARM.Collect$$rtentry$$00000004          0x00000308   Section        6  __rtentry4.o(.ARM.Collect$$rtentry$$00000004)
    .ARM.Collect$$rtentry$$00000009          0x0000030e   Section        0  __rtentry2.o(.ARM.Collect$$rtentry$$00000009)
    .ARM.Collect$$rtentry$$0000000A          0x0000030e   Section        4  __rtentry2.o(.ARM.Collect$$rtentry$$0000000A)
    .ARM.Collect$$rtentry$$0000000C          0x00000312   Section        0  __rtentry2.o(.ARM.Collect$$rtentry$$0000000C)
    .ARM.Collect$$rtentry$$0000000D          0x00000312   Section        8  __rtentry2.o(.ARM.Collect$$rtentry$$0000000D)
    .ARM.Collect$$rtexit$$00000000           0x0000031a   Section        2  rtexit.o(.ARM.Collect$$rtexit$$00000000)
    .ARM.Collect$$rtexit$$00000002           0x0000031c   Section        0  rtexit2.o(.ARM.Collect$$rtexit$$00000002)
    .ARM.Collect$$rtexit$$00000003           0x0000031c   Section        4  rtexit2.o(.ARM.Collect$$rtexit$$00000003)
    .ARM.Collect$$rtexit$$00000004           0x00000320   Section        6  rtexit2.o(.ARM.Collect$$rtexit$$00000004)
    .text                                    0x00000328   Section       24  startup_rvmdk.o(.text)
    $v0                                      0x00000328   Number         0  startup_rvmdk.o(.text)
    .text                                    0x00000340   Section        0  heapauxi.o(.text)
    .text                                    0x00000346   Section       74  sys_stackheap_outer.o(.text)
    .text                                    0x00000390   Section        0  exit.o(.text)
    .text                                    0x0000039c   Section        8  libspace.o(.text)
    .text                                    0x000003a4   Section        0  sys_exit.o(.text)
    .text                                    0x000003b0   Section        2  use_no_semi.o(.text)
    .text                                    0x000003b2   Section        0  indicate_semi.o(.text)
    i.ButtonsInit                            0x000003b4   Section        0  buttons.o(i.ButtonsInit)
    i.ButtonsPoll                            0x00000418   Section        0  buttons.o(i.ButtonsPoll)
    i.ConfigureUART                          0x00000470   Section        0  main.o(i.ConfigureUART)
    i.SysCtlClockGet                         0x000004e4   Section        0  sysctl.o(i.SysCtlClockGet)
    i.SysCtlPeripheralEnable                 0x00000620   Section        0  sysctl.o(i.SysCtlPeripheralEnable)
    i.Timer3_init                            0x00000648   Section        0  main.o(i.Timer3_init)
    i.UARTClockSourceSet                     0x000006c0   Section        0  uart.o(i.UARTClockSourceSet)
    i.UARTSend                               0x000006c8   Section        0  main.o(i.UARTSend)
    i.UARTStdioConfig                        0x000006f0   Section        0  uartstdio.o(i.UARTStdioConfig)
    i.UARTprintf                             0x0000074c   Section        0  uartstdio.o(i.UARTprintf)
    i.UARTvprintf                            0x00000760   Section        0  uartstdio.o(i.UARTvprintf)
    i.UARTwrite                              0x00000914   Section        0  uartstdio.o(i.UARTwrite)
    i.main                                   0x00000950   Section        0  main.o(i.main)
    x$fpl$fpinit                             0x00000a24   Section       10  fpinit.o(x$fpl$fpinit)
    $v0                                      0x00000a24   Number         0  fpinit.o(x$fpl$fpinit)
    .constdata                               0x00000a30   Section       28  uartstdio.o(.constdata)
    g_pcHex                                  0x00000a30   Data           4  uartstdio.o(.constdata)
    g_ui32UARTBase                           0x00000a34   Data          12  uartstdio.o(.constdata)
    g_ui32UARTPeriph                         0x00000a40   Data          12  uartstdio.o(.constdata)
    .constdata                               0x00000a4c   Section      596  sysctl.o(.constdata)
    g_pui32VCOFrequencies                    0x00000a4c   Data           8  sysctl.o(.constdata)
    g_pui32Xtals                             0x00000a54   Data         108  sysctl.o(.constdata)
    g_pppui32XTALtoVCO                       0x00000ac0   Data         432  sysctl.o(.constdata)
    g_sXTALtoMEMTIM                          0x00000c70   Data          48  sysctl.o(.constdata)
    .conststring                             0x00000ca0   Section       17  uartstdio.o(.conststring)
    .data                                    0x20000000   Section        8  uartstdio.o(.data)
    bLastWasCR                               0x20000000   Data           1  uartstdio.o(.data)
    g_ui32Base                               0x20000004   Data           4  uartstdio.o(.data)
    .data                                    0x20000008   Section        3  buttons.o(.data)
    g_ui8ButtonStates                        0x20000008   Data           1  buttons.o(.data)
    ui8SwitchClockA                          0x20000009   Data           1  buttons.o(.data)
    ui8SwitchClockB                          0x2000000a   Data           1  buttons.o(.data)
    .bss                                     0x2000000c   Section       96  libspace.o(.bss)
    HEAP                                     0x20000070   Section        0  startup_rvmdk.o(HEAP)
    STACK                                    0x20000070   Section      256  startup_rvmdk.o(STACK)
    HeapMem                                  0x20000070   Data           0  startup_rvmdk.o(HEAP)
    StackMem                                 0x20000070   Data           0  startup_rvmdk.o(STACK)

    Global Symbols

    Symbol Name                              Value     Ov Type        Size  Object(Section)

    BuildAttributes$$THM_ISAv4$E$P$D$K$B$S$7EM$VFPi3$EXTD16$VFPS$VFMA$PE$A:L22UL41UL21$X:L11$S22US41US21$IEEE1$IW$USESV6$~STKCKD$USESV7$~SHL$OSPACE$ROPI$EBA8$UX$STANDARDLIB$REQ8$PRES8$EABIv2 0x00000000   Number         0  anon$$obj.o ABSOLUTE
    __ARM_use_no_argv                        0x00000000   Number         0  main.o ABSOLUTE
    __Vectors                                0x00000000   Data           0  startup_rvmdk.o(RESET)
    __ARM_exceptions_init                     - Undefined Weak Reference
    __alloca_initialize                       - Undefined Weak Reference
    __arm_preinit_                            - Undefined Weak Reference
    __cpp_initialize__aeabi_                  - Undefined Weak Reference
    __cxa_finalize                            - Undefined Weak Reference
    __rt_locale                               - Undefined Weak Reference
    __sigvec_lookup                           - Undefined Weak Reference
    _atexit_init                              - Undefined Weak Reference
    _call_atexit_fns                          - Undefined Weak Reference
    _clock_init                               - Undefined Weak Reference
    _fp_trap_init                             - Undefined Weak Reference
    _fp_trap_shutdown                         - Undefined Weak Reference
    _get_lc_collate                           - Undefined Weak Reference
    _get_lc_ctype                             - Undefined Weak Reference
    _get_lc_monetary                          - Undefined Weak Reference
    _get_lc_numeric                           - Undefined Weak Reference
    _get_lc_time                              - Undefined Weak Reference
    _getenv_init                              - Undefined Weak Reference
    _handle_redirection                       - Undefined Weak Reference
    _init_alloc                               - Undefined Weak Reference
    _init_user_alloc                          - Undefined Weak Reference
    _initio                                   - Undefined Weak Reference
    _rand_init                                - Undefined Weak Reference
    _signal_finish                            - Undefined Weak Reference
    _signal_init                              - Undefined Weak Reference
    _terminate_alloc                          - Undefined Weak Reference
    _terminate_user_alloc                     - Undefined Weak Reference
    _terminateio                              - Undefined Weak Reference
    Reset_Handler                            0x0000026d   Thumb Code     0  startup_rvmdk.o(RESET)
    __main                                   0x00000289   Thumb Code     8  __main.o(!!!main)
    __scatterload                            0x00000291   Thumb Code     0  __scatter.o(!!!scatter)
    __scatterload_rt2                        0x00000291   Thumb Code    44  __scatter.o(!!!scatter)
    __scatterload_rt2_thumb_only             0x00000291   Thumb Code     0  __scatter.o(!!!scatter)
    __scatterload_null                       0x0000029f   Thumb Code     0  __scatter.o(!!!scatter)
    __scatterload_copy                       0x000002c5   Thumb Code    26  __scatter_copy.o(!!handler_copy)
    __scatterload_zeroinit                   0x000002e1   Thumb Code    28  __scatter_zi.o(!!handler_zi)
    __rt_lib_init                            0x000002fd   Thumb Code     0  libinit.o(.ARM.Collect$$libinit$$00000000)
    __rt_lib_init_fp_1                       0x000002ff   Thumb Code     0  libinit2.o(.ARM.Collect$$libinit$$00000001)
    __rt_lib_init_alloca_1                   0x00000303   Thumb Code     0  libinit2.o(.ARM.Collect$$libinit$$0000002E)
    __rt_lib_init_argv_1                     0x00000303   Thumb Code     0  libinit2.o(.ARM.Collect$$libinit$$0000002C)
    __rt_lib_init_atexit_1                   0x00000303   Thumb Code     0  libinit2.o(.ARM.Collect$$libinit$$0000001B)
    __rt_lib_init_clock_1                    0x00000303   Thumb Code     0  libinit2.o(.ARM.Collect$$libinit$$00000021)
    __rt_lib_init_cpp_1                      0x00000303   Thumb Code     0  libinit2.o(.ARM.Collect$$libinit$$00000032)
    __rt_lib_init_exceptions_1               0x00000303   Thumb Code     0  libinit2.o(.ARM.Collect$$libinit$$00000030)
    __rt_lib_init_fp_trap_1                  0x00000303   Thumb Code     0  libinit2.o(.ARM.Collect$$libinit$$0000001F)
    __rt_lib_init_getenv_1                   0x00000303   Thumb Code     0  libinit2.o(.ARM.Collect$$libinit$$00000023)
    __rt_lib_init_heap_1                     0x00000303   Thumb Code     0  libinit2.o(.ARM.Collect$$libinit$$0000000A)
    __rt_lib_init_lc_collate_1               0x00000303   Thumb Code     0  libinit2.o(.ARM.Collect$$libinit$$00000011)
    __rt_lib_init_lc_ctype_1                 0x00000303   Thumb Code     0  libinit2.o(.ARM.Collect$$libinit$$00000013)
    __rt_lib_init_lc_monetary_1              0x00000303   Thumb Code     0  libinit2.o(.ARM.Collect$$libinit$$00000015)
    __rt_lib_init_lc_numeric_1               0x00000303   Thumb Code     0  libinit2.o(.ARM.Collect$$libinit$$00000017)
    __rt_lib_init_lc_time_1                  0x00000303   Thumb Code     0  libinit2.o(.ARM.Collect$$libinit$$00000019)
    __rt_lib_init_preinit_1                  0x00000303   Thumb Code     0  libinit2.o(.ARM.Collect$$libinit$$00000004)
    __rt_lib_init_rand_1                     0x00000303   Thumb Code     0  libinit2.o(.ARM.Collect$$libinit$$0000000E)
    __rt_lib_init_return                     0x00000303   Thumb Code     0  libinit2.o(.ARM.Collect$$libinit$$00000033)
    __rt_lib_init_signal_1                   0x00000303   Thumb Code     0  libinit2.o(.ARM.Collect$$libinit$$0000001D)
    __rt_lib_init_stdio_1                    0x00000303   Thumb Code     0  libinit2.o(.ARM.Collect$$libinit$$00000025)
    __rt_lib_init_user_alloc_1               0x00000303   Thumb Code     0  libinit2.o(.ARM.Collect$$libinit$$0000000C)
    __rt_lib_shutdown                        0x00000305   Thumb Code     0  libshutdown.o(.ARM.Collect$$libshutdown$$00000000)
    __rt_lib_shutdown_fp_trap_1              0x00000307   Thumb Code     0  libshutdown2.o(.ARM.Collect$$libshutdown$$00000006)
    __rt_lib_shutdown_heap_1                 0x00000307   Thumb Code     0  libshutdown2.o(.ARM.Collect$$libshutdown$$0000000E)
    __rt_lib_shutdown_return                 0x00000307   Thumb Code     0  libshutdown2.o(.ARM.Collect$$libshutdown$$0000000F)
    __rt_lib_shutdown_signal_1               0x00000307   Thumb Code     0  libshutdown2.o(.ARM.Collect$$libshutdown$$00000009)
    __rt_lib_shutdown_stdio_1                0x00000307   Thumb Code     0  libshutdown2.o(.ARM.Collect$$libshutdown$$00000003)
    __rt_lib_shutdown_user_alloc_1           0x00000307   Thumb Code     0  libshutdown2.o(.ARM.Collect$$libshutdown$$0000000B)
    __rt_entry                               0x00000309   Thumb Code     0  __rtentry.o(.ARM.Collect$$rtentry$$00000000)
    __rt_entry_presh_1                       0x00000309   Thumb Code     0  __rtentry2.o(.ARM.Collect$$rtentry$$00000002)
    __rt_entry_sh                            0x00000309   Thumb Code     0  __rtentry4.o(.ARM.Collect$$rtentry$$00000004)
    __rt_entry_li                            0x0000030f   Thumb Code     0  __rtentry2.o(.ARM.Collect$$rtentry$$0000000A)
    __rt_entry_postsh_1                      0x0000030f   Thumb Code     0  __rtentry2.o(.ARM.Collect$$rtentry$$00000009)
    __rt_entry_main                          0x00000313   Thumb Code     0  __rtentry2.o(.ARM.Collect$$rtentry$$0000000D)
    __rt_entry_postli_1                      0x00000313   Thumb Code     0  __rtentry2.o(.ARM.Collect$$rtentry$$0000000C)
    __rt_exit                                0x0000031b   Thumb Code     0  rtexit.o(.ARM.Collect$$rtexit$$00000000)
    __rt_exit_ls                             0x0000031d   Thumb Code     0  rtexit2.o(.ARM.Collect$$rtexit$$00000003)
    __rt_exit_prels_1                        0x0000031d   Thumb Code     0  rtexit2.o(.ARM.Collect$$rtexit$$00000002)
    __rt_exit_exit                           0x00000321   Thumb Code     0  rtexit2.o(.ARM.Collect$$rtexit$$00000004)
    __user_initial_stackheap                 0x00000329   Thumb Code     0  startup_rvmdk.o(.text)
    __use_two_region_memory                  0x00000341   Thumb Code     2  heapauxi.o(.text)
    __rt_heap_escrow$2region                 0x00000343   Thumb Code     2  heapauxi.o(.text)
    __rt_heap_expand$2region                 0x00000345   Thumb Code     2  heapauxi.o(.text)
    __user_setup_stackheap                   0x00000347   Thumb Code    74  sys_stackheap_outer.o(.text)
    exit                                     0x00000391   Thumb Code    12  exit.o(.text)
    __user_libspace                          0x0000039d   Thumb Code     8  libspace.o(.text)
    __user_perproc_libspace                  0x0000039d   Thumb Code     0  libspace.o(.text)
    __user_perthread_libspace                0x0000039d   Thumb Code     0  libspace.o(.text)
    _sys_exit                                0x000003a5   Thumb Code     8  sys_exit.o(.text)
    __I$use$semihosting                      0x000003b1   Thumb Code     0  use_no_semi.o(.text)
    __use_no_semihosting_swi                 0x000003b1   Thumb Code     2  use_no_semi.o(.text)
    __semihosting_library_function           0x000003b3   Thumb Code     0  indicate_semi.o(.text)
    ButtonsInit                              0x000003b5   Thumb Code    78  buttons.o(i.ButtonsInit)
    ButtonsPoll                              0x00000419   Thumb Code    78  buttons.o(i.ButtonsPoll)
    ConfigureUART                            0x00000471   Thumb Code    84  main.o(i.ConfigureUART)
    SysCtlClockGet                           0x000004e5   Thumb Code   278  sysctl.o(i.SysCtlClockGet)
    SysCtlPeripheralEnable                   0x00000621   Thumb Code    36  sysctl.o(i.SysCtlPeripheralEnable)
    Timer3_init                              0x00000649   Thumb Code    98  main.o(i.Timer3_init)
    UARTClockSourceSet                       0x000006c1   Thumb Code     6  uart.o(i.UARTClockSourceSet)
    UARTSend                                 0x000006c9   Thumb Code    36  main.o(i.UARTSend)
    UARTStdioConfig                          0x000006f1   Thumb Code    82  uartstdio.o(i.UARTStdioConfig)
    UARTprintf                               0x0000074d   Thumb Code    18  uartstdio.o(i.UARTprintf)
    UARTvprintf                              0x00000761   Thumb Code   420  uartstdio.o(i.UARTvprintf)
    UARTwrite                                0x00000915   Thumb Code    56  uartstdio.o(i.UARTwrite)
    main                                     0x00000951   Thumb Code   108  main.o(i.main)
    _fp_init                                 0x00000a25   Thumb Code    10  fpinit.o(x$fpl$fpinit)
    __fplib_config_fpu_vfp                   0x00000a2d   Thumb Code     0  fpinit.o(x$fpl$fpinit)
    __fplib_config_pureend_doubles           0x00000a2d   Thumb Code     0  fpinit.o(x$fpl$fpinit)
    Region$$Table$$Base                      0x00000cb4   Number         0  anon$$obj.o(Region$$Table)
    Region$$Table$$Limit                     0x00000cd4   Number         0  anon$$obj.o(Region$$Table)
    __libspace_start                         0x2000000c   Data          96  libspace.o(.bss)
    __temporary_stack_top$libspace           0x2000006c   Data           0  libspace.o(.bss)



==============================================================================

Memory Map of the image

  Image Entry point : 0x00000289

  Load Region LR_IROM1 (Base: 0x00000000, Size: 0x00000ce0, Max: 0x00040000, ABSOLUTE)

    Execution Region ER_IROM1 (Base: 0x00000000, Size: 0x00000cd4, Max: 0x00040000, ABSOLUTE)

    Base Addr    Size         Type   Attr      Idx    E Section Name        Object

    0x00000000   0x00000288   Code   RO          117    RESET               startup_rvmdk.o
    0x00000288   0x00000008   Code   RO         6196  * !!!main             c_w.l(__main.o)
    0x00000290   0x00000034   Code   RO         6359    !!!scatter          c_w.l(__scatter.o)
    0x000002c4   0x0000001a   Code   RO         6361    !!handler_copy      c_w.l(__scatter_copy.o)
    0x000002de   0x00000002   PAD
    0x000002e0   0x0000001c   Code   RO         6363    !!handler_zi        c_w.l(__scatter_zi.o)
    0x000002fc   0x00000002   Code   RO         6230    .ARM.Collect$$libinit$$00000000  c_w.l(libinit.o)
    0x000002fe   0x00000004   Code   RO         6236    .ARM.Collect$$libinit$$00000001  c_w.l(libinit2.o)
    0x00000302   0x00000000   Code   RO         6239    .ARM.Collect$$libinit$$00000004  c_w.l(libinit2.o)
    0x00000302   0x00000000   Code   RO         6242    .ARM.Collect$$libinit$$0000000A  c_w.l(libinit2.o)
    0x00000302   0x00000000   Code   RO         6244    .ARM.Collect$$libinit$$0000000C  c_w.l(libinit2.o)
    0x00000302   0x00000000   Code   RO         6246    .ARM.Collect$$libinit$$0000000E  c_w.l(libinit2.o)
    0x00000302   0x00000000   Code   RO         6249    .ARM.Collect$$libinit$$00000011  c_w.l(libinit2.o)
    0x00000302   0x00000000   Code   RO         6251    .ARM.Collect$$libinit$$00000013  c_w.l(libinit2.o)
    0x00000302   0x00000000   Code   RO         6253    .ARM.Collect$$libinit$$00000015  c_w.l(libinit2.o)
    0x00000302   0x00000000   Code   RO         6255    .ARM.Collect$$libinit$$00000017  c_w.l(libinit2.o)
    0x00000302   0x00000000   Code   RO         6257    .ARM.Collect$$libinit$$00000019  c_w.l(libinit2.o)
    0x00000302   0x00000000   Code   RO         6259    .ARM.Collect$$libinit$$0000001B  c_w.l(libinit2.o)
    0x00000302   0x00000000   Code   RO         6261    .ARM.Collect$$libinit$$0000001D  c_w.l(libinit2.o)
    0x00000302   0x00000000   Code   RO         6263    .ARM.Collect$$libinit$$0000001F  c_w.l(libinit2.o)
    0x00000302   0x00000000   Code   RO         6265    .ARM.Collect$$libinit$$00000021  c_w.l(libinit2.o)
    0x00000302   0x00000000   Code   RO         6267    .ARM.Collect$$libinit$$00000023  c_w.l(libinit2.o)
    0x00000302   0x00000000   Code   RO         6269    .ARM.Collect$$libinit$$00000025  c_w.l(libinit2.o)
    0x00000302   0x00000000   Code   RO         6273    .ARM.Collect$$libinit$$0000002C  c_w.l(libinit2.o)
    0x00000302   0x00000000   Code   RO         6275    .ARM.Collect$$libinit$$0000002E  c_w.l(libinit2.o)
    0x00000302   0x00000000   Code   RO         6277    .ARM.Collect$$libinit$$00000030  c_w.l(libinit2.o)
    0x00000302   0x00000000   Code   RO         6279    .ARM.Collect$$libinit$$00000032  c_w.l(libinit2.o)
    0x00000302   0x00000002   Code   RO         6280    .ARM.Collect$$libinit$$00000033  c_w.l(libinit2.o)
    0x00000304   0x00000002   Code   RO         6300    .ARM.Collect$$libshutdown$$00000000  c_w.l(libshutdown.o)
    0x00000306   0x00000000   Code   RO         6314    .ARM.Collect$$libshutdown$$00000003  c_w.l(libshutdown2.o)
    0x00000306   0x00000000   Code   RO         6317    .ARM.Collect$$libshutdown$$00000006  c_w.l(libshutdown2.o)
    0x00000306   0x00000000   Code   RO         6320    .ARM.Collect$$libshutdown$$00000009  c_w.l(libshutdown2.o)
    0x00000306   0x00000000   Code   RO         6322    .ARM.Collect$$libshutdown$$0000000B  c_w.l(libshutdown2.o)
    0x00000306   0x00000000   Code   RO         6325    .ARM.Collect$$libshutdown$$0000000E  c_w.l(libshutdown2.o)
    0x00000306   0x00000002   Code   RO         6326    .ARM.Collect$$libshutdown$$0000000F  c_w.l(libshutdown2.o)
    0x00000308   0x00000000   Code   RO         6202    .ARM.Collect$$rtentry$$00000000  c_w.l(__rtentry.o)
    0x00000308   0x00000000   Code   RO         6207    .ARM.Collect$$rtentry$$00000002  c_w.l(__rtentry2.o)
    0x00000308   0x00000006   Code   RO         6219    .ARM.Collect$$rtentry$$00000004  c_w.l(__rtentry4.o)
    0x0000030e   0x00000000   Code   RO         6209    .ARM.Collect$$rtentry$$00000009  c_w.l(__rtentry2.o)
    0x0000030e   0x00000004   Code   RO         6210    .ARM.Collect$$rtentry$$0000000A  c_w.l(__rtentry2.o)
    0x00000312   0x00000000   Code   RO         6212    .ARM.Collect$$rtentry$$0000000C  c_w.l(__rtentry2.o)
    0x00000312   0x00000008   Code   RO         6213    .ARM.Collect$$rtentry$$0000000D  c_w.l(__rtentry2.o)
    0x0000031a   0x00000002   Code   RO         6234    .ARM.Collect$$rtexit$$00000000  c_w.l(rtexit.o)
    0x0000031c   0x00000000   Code   RO         6282    .ARM.Collect$$rtexit$$00000002  c_w.l(rtexit2.o)
    0x0000031c   0x00000004   Code   RO         6283    .ARM.Collect$$rtexit$$00000003  c_w.l(rtexit2.o)
    0x00000320   0x00000006   Code   RO         6284    .ARM.Collect$$rtexit$$00000004  c_w.l(rtexit2.o)
    0x00000326   0x00000002   PAD
    0x00000328   0x00000018   Code   RO          118    .text               startup_rvmdk.o
    0x00000340   0x00000006   Code   RO         6194    .text               c_w.l(heapauxi.o)
    0x00000346   0x0000004a   Code   RO         6221    .text               c_w.l(sys_stackheap_outer.o)
    0x00000390   0x0000000c   Code   RO         6223    .text               c_w.l(exit.o)
    0x0000039c   0x00000008   Code   RO         6231    .text               c_w.l(libspace.o)
    0x000003a4   0x0000000c   Code   RO         6292    .text               c_w.l(sys_exit.o)
    0x000003b0   0x00000002   Code   RO         6303    .text               c_w.l(use_no_semi.o)
    0x000003b2   0x00000000   Code   RO         6305    .text               c_w.l(indicate_semi.o)
    0x000003b2   0x00000002   PAD
    0x000003b4   0x00000064   Code   RO         6169    i.ButtonsInit       buttons.o
    0x00000418   0x00000058   Code   RO         6170    i.ButtonsPoll       buttons.o
    0x00000470   0x00000074   Code   RO            1    i.ConfigureUART     main.o
    0x000004e4   0x0000013c   Code   RO         4181    i.SysCtlClockGet    sysctl.o
    0x00000620   0x00000028   Code   RO         4212    i.SysCtlPeripheralEnable  sysctl.o
    0x00000648   0x00000078   Code   RO            3    i.Timer3_init       main.o
    0x000006c0   0x00000006   Code   RO         4897    i.UARTClockSourceSet  uart.o
    0x000006c6   0x00000002   PAD
    0x000006c8   0x00000028   Code   RO            5    i.UARTSend          main.o
    0x000006f0   0x0000005c   Code   RO          124    i.UARTStdioConfig   uartstdio.o
    0x0000074c   0x00000012   Code   RO          127    i.UARTprintf        uartstdio.o
    0x0000075e   0x00000002   PAD
    0x00000760   0x000001b4   Code   RO          128    i.UARTvprintf       uartstdio.o
    0x00000914   0x0000003c   Code   RO          129    i.UARTwrite         uartstdio.o
    0x00000950   0x000000d4   Code   RO            7    i.main              main.o
    0x00000a24   0x0000000a   Code   RO         6290    x$fpl$fpinit        fz_wm.l(fpinit.o)
    0x00000a2e   0x00000002   PAD
    0x00000a30   0x0000001c   Data   RO          130    .constdata          uartstdio.o
    0x00000a4c   0x00000254   Data   RO         4235    .constdata          sysctl.o
    0x00000ca0   0x00000011   Data   RO          131    .conststring        uartstdio.o
    0x00000cb1   0x00000003   PAD
    0x00000cb4   0x00000020   Data   RO         6357    Region$$Table       anon$$obj.o


    Execution Region RW_IRAM1 (Base: 0x20000000, Size: 0x00000170, Max: 0x00008000, ABSOLUTE)

    Base Addr    Size         Type   Attr      Idx    E Section Name        Object

    0x20000000   0x00000008   Data   RW          132    .data               uartstdio.o
    0x20000008   0x00000003   Data   RW         6171    .data               buttons.o
    0x2000000b   0x00000001   PAD
    0x2000000c   0x00000060   Zero   RW         6232    .bss                c_w.l(libspace.o)
    0x2000006c   0x00000004   PAD
    0x20000070   0x00000000   Zero   RW          116    HEAP                startup_rvmdk.o
    0x20000070   0x00000100   Zero   RW          115    STACK               startup_rvmdk.o


==============================================================================

Image component sizes


      Code (inc. data)   RO Data    RW Data    ZI Data      Debug   Object Name

       188         32          0          3          0       1828   buttons.o
       488        162          0          0          0       7920   main.o
       672        636          0          0        256        460   startup_rvmdk.o
       356         42        596          0          0       2930   sysctl.o
         6          0          0          0          0        469   uart.o
       606         30         45          8          0       4280   uartstdio.o

    ----------------------------------------------------------------------
      2320        902        676         12        256      17887   Object Totals
         0          0         32          0          0          0   (incl. Generated)
         4          0          3          1          0          0   (incl. Padding)

    ----------------------------------------------------------------------

      Code (inc. data)   RO Data    RW Data    ZI Data      Debug   Library Member Name

         8          0          0          0          0         68   __main.o
         0          0          0          0          0          0   __rtentry.o
        12          0          0          0          0          0   __rtentry2.o
         6          0          0          0          0          0   __rtentry4.o
        52          8          0          0          0          0   __scatter.o
        26          0          0          0          0          0   __scatter_copy.o
        28          0          0          0          0          0   __scatter_zi.o
        12          0          0          0          0         72   exit.o
         6          0          0          0          0        152   heapauxi.o
         0          0          0          0          0          0   indicate_semi.o
         2          0          0          0          0          0   libinit.o
         6          0          0          0          0          0   libinit2.o
         2          0          0          0          0          0   libshutdown.o
         2          0          0          0          0          0   libshutdown2.o
         8          4          0          0         96         68   libspace.o
         2          0          0          0          0          0   rtexit.o
        10          0          0          0          0          0   rtexit2.o
        12          4          0          0          0         68   sys_exit.o
        74          0          0          0          0         80   sys_stackheap_outer.o
         2          0          0          0          0         68   use_no_semi.o
        10          0          0          0          0        116   fpinit.o

    ----------------------------------------------------------------------
       288         16          0          0        100        692   Library Totals
         8          0          0          0          4          0   (incl. Padding)

    ----------------------------------------------------------------------

      Code (inc. data)   RO Data    RW Data    ZI Data      Debug   Library Name

       270         16          0          0         96        576   c_w.l
        10          0          0          0          0        116   fz_wm.l

    ----------------------------------------------------------------------
       288         16          0          0        100        692   Library Totals

    ----------------------------------------------------------------------

==============================================================================


      Code (inc. data)   RO Data    RW Data    ZI Data      Debug   

      2608        918        676         12        356      17523   Grand Totals
      2608        918        676         12        356      17523   ELF Image Totals
      2608        918        676         12          0          0   ROM Totals

==============================================================================

    Total RO  Size (Code + RO Data)                 3284 (   3.21kB)
    Total RW  Size (RW Data + ZI Data)               368 (   0.36kB)
    Total ROM Size (Code + RO Data + RW Data)       3296 (   3.22kB)

==============================================================================

