<html>
<body>
<pre>
<h1>礦ision Build Log</h1>
<h2>Tool Versions:</h2>
IDE-Version: μVision V5.14.0.0
Copyright (C) 2015 ARM Ltd and ARM Germany GmbH. All rights reserved.
License Information: cxsc 顾影_, 大V, LIC=UB412-9H10J-77CRP-MD3T8-HVEYL-KW1C4
 
Tool Versions:
Toolchain:       MDK-ARM Professional  Version: 5.14.0.0
Toolchain Path:  G:\Keil_v5\ARM\ARMCC\Bin
C Compiler:      Armcc.exe V5.05 update 1 (build 106)
Assembler:       Armasm.exe V5.05 update 1 (build 106)
Linker/Locator:  ArmLink.exe V5.05 update 1 (build 106)
Library Manager: ArmAr.exe V5.05 update 1 (build 106)
Hex Converter:   FromElf.exe V5.05 update 1 (build 106)
CPU DLL:         SARMCM3.DLL V5.14.0.0
Dialog DLL:      DCM.DLL V1.13.1.0
Target DLL:      lmidk-agdi.dll V???
Dialog DLL:      TCM.DLL V1.14.4.0
 
<h2>Project:</h2>
G:\单片机程序\TI-TM4C123G\Timer_pwm\Demo.uvprojx
Project File Date:  07/27/2018

<h2>Output:</h2>
Build target 'Target 1'
compiling main.c...
main.c(86): warning:  #177-D: variable "cOne" was declared but never referenced
      char cOne, cTwo;
main.c(86): warning:  #177-D: variable "cTwo" was declared but never referenced
      char cOne, cTwo;
main.c(258): warning:  #111-D: statement is unreachable
      return 0;
main.c(189): warning:  #177-D: variable "ulColors" was declared but never referenced
      unsigned long ulColors[3];
main.c(192): warning:  #177-D: variable "ulPrevCount" was declared but never referenced
      unsigned long ulPrevCount = 0;
main.c: 5 warnings, 0 errors
linking...
Program Size: Code=2600 RO-data=676 RW-data=12 ZI-data=356  
".\Objects\Demo.axf" - 0 Error(s), 5 Warning(s).

<h2>Collection of Component include folders:</h2>
  G:\单片机程序\TI-TM4C123G\Timer_pwm\RTE
  G:\Keil_v5\ARM\PACK\Keil\TM4C_DFP\1.1.0

<h2>Collection of Component Files used:</h2>
</pre>
</body>
</html>
